Archive member included to satisfy reference by file (symbol)

D:\Word\Code\Gitcode\MRS_DATA\CH573EVT\EVT\EXAM\SRC\StdPeriphDriver\libISP573.a(ISP573.o)
                              ./StdPeriphDriver/CH57x_flash.o (FLASH_EEPROM_CMD)
D:\Word\Code\Gitcode\MRS_DATA\CH573EVT\EVT\EXAM\BLE\LIB\libCH57xBLE.a(message.o)
                              ./HAL/MCU.o (tmos_msg_deallocate)
D:\Word\Code\Gitcode\MRS_DATA\CH573EVT\EVT\EXAM\BLE\LIB\libCH57xBLE.a(tmos.o)
                              ./Profile/devinfoservice.o (tmos_memcpy)
D:\Word\Code\Gitcode\MRS_DATA\CH573EVT\EVT\EXAM\BLE\LIB\libCH57xBLE.a(tmos_hw.o)
                              D:\Word\Code\Gitcode\MRS_DATA\CH573EVT\EVT\EXAM\BLE\LIB\libCH57xBLE.a(tmos.o) (RTC_Get32KClock)
D:\Word\Code\Gitcode\MRS_DATA\CH573EVT\EVT\EXAM\BLE\LIB\libCH57xBLE.a(tmos_snv.o)
                              D:\Word\Code\Gitcode\MRS_DATA\CH573EVT\EVT\EXAM\BLE\LIB\libCH57xBLE.a(tmos.o) (tmos_snv_init)
D:\Word\Code\Gitcode\MRS_DATA\CH573EVT\EVT\EXAM\BLE\LIB\libCH57xBLE.a(att.o)
                              ./APP/peripheral.o (ATT_GetMTU)
D:\Word\Code\Gitcode\MRS_DATA\CH573EVT\EVT\EXAM\BLE\LIB\libCH57xBLE.a(att_client.o)
                              D:\Word\Code\Gitcode\MRS_DATA\CH573EVT\EVT\EXAM\BLE\LIB\libCH57xBLE.a(att.o) (ATT_HandleValueConfirmation)
D:\Word\Code\Gitcode\MRS_DATA\CH573EVT\EVT\EXAM\BLE\LIB\libCH57xBLE.a(gap.o)
                              ./APP/peripheral.o (GAP_SetParamValue)
D:\Word\Code\Gitcode\MRS_DATA\CH573EVT\EVT\EXAM\BLE\LIB\libCH57xBLE.a(gap_central.o)
                              D:\Word\Code\Gitcode\MRS_DATA\CH573EVT\EVT\EXAM\BLE\LIB\libCH57xBLE.a(gap.o) (GAP_CentralParamInit)
D:\Word\Code\Gitcode\MRS_DATA\CH573EVT\EVT\EXAM\BLE\LIB\libCH57xBLE.a(gap_peripheral.o)
                              D:\Word\Code\Gitcode\MRS_DATA\CH573EVT\EVT\EXAM\BLE\LIB\libCH57xBLE.a(gap.o) (GAP_PeripheralParamInit)
D:\Word\Code\Gitcode\MRS_DATA\CH573EVT\EVT\EXAM\BLE\LIB\libCH57xBLE.a(gapgattserver.o)
                              ./APP/peripheral.o (GGS_SetParameter)
D:\Word\Code\Gitcode\MRS_DATA\CH573EVT\EVT\EXAM\BLE\LIB\libCH57xBLE.a(gatt.o)
                              ./APP/peripheral.o (GATT_bm_alloc)
D:\Word\Code\Gitcode\MRS_DATA\CH573EVT\EVT\EXAM\BLE\LIB\libCH57xBLE.a(gatt_uuid.o)
                              D:\Word\Code\Gitcode\MRS_DATA\CH573EVT\EVT\EXAM\BLE\LIB\libCH57xBLE.a(gatt.o) (serviceChangedUUID)
D:\Word\Code\Gitcode\MRS_DATA\CH573EVT\EVT\EXAM\BLE\LIB\libCH57xBLE.a(gattclientapp.o)
                              D:\Word\Code\Gitcode\MRS_DATA\CH573EVT\EVT\EXAM\BLE\LIB\libCH57xBLE.a(gatt.o) (gattGetClientStatus)
D:\Word\Code\Gitcode\MRS_DATA\CH573EVT\EVT\EXAM\BLE\LIB\libCH57xBLE.a(gattservapp.o)
                              ./APP/ble_uart_service/ble_uart_service_16bit.o (GATTServApp_ReadCharCfg)
D:\Word\Code\Gitcode\MRS_DATA\CH573EVT\EVT\EXAM\BLE\LIB\libCH57xBLE.a(l2cap.o)
                              D:\Word\Code\Gitcode\MRS_DATA\CH573EVT\EVT\EXAM\BLE\LIB\libCH57xBLE.a(att.o) (L2CAP_GetMTU)
D:\Word\Code\Gitcode\MRS_DATA\CH573EVT\EVT\EXAM\BLE\LIB\libCH57xBLE.a(l2cap_input.o)
                              D:\Word\Code\Gitcode\MRS_DATA\CH573EVT\EVT\EXAM\BLE\LIB\libCH57xBLE.a(l2cap.o) (l2capProcessRxData)
D:\Word\Code\Gitcode\MRS_DATA\CH573EVT\EVT\EXAM\BLE\LIB\libCH57xBLE.a(l2cap_output.o)
                              D:\Word\Code\Gitcode\MRS_DATA\CH573EVT\EVT\EXAM\BLE\LIB\libCH57xBLE.a(l2cap_input.o) (l2capNotifyData)
D:\Word\Code\Gitcode\MRS_DATA\CH573EVT\EVT\EXAM\BLE\LIB\libCH57xBLE.a(l2cap_sdu.o)
                              D:\Word\Code\Gitcode\MRS_DATA\CH573EVT\EVT\EXAM\BLE\LIB\libCH57xBLE.a(l2cap_input.o) (l2capBuildDisconnectRsp)
D:\Word\Code\Gitcode\MRS_DATA\CH573EVT\EVT\EXAM\BLE\LIB\libCH57xBLE.a(linkdb.o)
                              D:\Word\Code\Gitcode\MRS_DATA\CH573EVT\EVT\EXAM\BLE\LIB\libCH57xBLE.a(l2cap.o) (linkDB_Init)
D:\Word\Code\Gitcode\MRS_DATA\CH573EVT\EVT\EXAM\BLE\LIB\libCH57xBLE.a(sm.o)
                              D:\Word\Code\Gitcode\MRS_DATA\CH573EVT\EVT\EXAM\BLE\LIB\libCH57xBLE.a(gap.o) (smStartEncryption)
D:\Word\Code\Gitcode\MRS_DATA\CH573EVT\EVT\EXAM\BLE\LIB\libCH57xBLE.a(host_input.o)
                              D:\Word\Code\Gitcode\MRS_DATA\CH573EVT\EVT\EXAM\BLE\LIB\libCH57xBLE.a(gap.o) (gBleHostPara)
D:\Word\Code\Gitcode\MRS_DATA\CH573EVT\EVT\EXAM\BLE\LIB\libCH57xBLE.a(host_output.o)
                              D:\Word\Code\Gitcode\MRS_DATA\CH573EVT\EVT\EXAM\BLE\LIB\libCH57xBLE.a(gap.o) (HCI_DisconnectCmd)
D:\Word\Code\Gitcode\MRS_DATA\CH573EVT\EVT\EXAM\BLE\LIB\libCH57xBLE.a(ll_connect.o)
                              D:\Word\Code\Gitcode\MRS_DATA\CH573EVT\EVT\EXAM\BLE\LIB\libCH57xBLE.a(tmos.o) (LL_GetNextConnectEventTime)
D:\Word\Code\Gitcode\MRS_DATA\CH573EVT\EVT\EXAM\BLE\LIB\libCH57xBLE.a(ll_core.o)
                              D:\Word\Code\Gitcode\MRS_DATA\CH573EVT\EVT\EXAM\BLE\LIB\libCH57xBLE.a(ll_connect.o) (LL_CoreGetCore)
D:\Word\Code\Gitcode\MRS_DATA\CH573EVT\EVT\EXAM\BLE\LIB\libCH57xBLE.a(ll_hop.o)
[...]
Memory Configuration

Name             Origin             Length             Attributes
FLASH            0x0000000000000000 0x0000000000070000 xr
RAM              0x0000000020003800 0x0000000000004800 xrw
*default*        0x0000000000000000 0xffffffffffffffff

Linker script and memory map

LOAD ./StdPeriphDriver/CH57x_adc.o
LOAD ./StdPeriphDriver/CH57x_clk.o
LOAD ./StdPeriphDriver/CH57x_flash.o
LOAD ./StdPeriphDriver/CH57x_gpio.o
LOAD ./StdPeriphDriver/CH57x_pwr.o
LOAD ./StdPeriphDriver/CH57x_spi0.o
LOAD ./StdPeriphDriver/CH57x_sys.o
LOAD ./StdPeriphDriver/CH57x_timer0.o
LOAD ./StdPeriphDriver/CH57x_uart1.o
LOAD ./StdPeriphDriver/CH57x_uart3.o
LOAD ./Startup/startup_CH573.o
LOAD ./RVMSIS/core_riscv.o
LOAD ./Profile/devinfoservice.o
LOAD ./HAL/MCU.o
LOAD ./HAL/RTC.o
LOAD ./HAL/SLEEP.o
LOAD ./APP/ble_uart_service/ble_uart_service_16bit.o
LOAD ./APP/app_drv_fifo/app_drv_fifo.o
LOAD ./APP/peripheral.o
LOAD ./APP/peripheral_main.o
LOAD ./APP/ws2812.o
LOAD D:\Word\Code\Gitcode\MRS_DATA\CH573EVT\EVT\EXAM\SRC\StdPeriphDriver\libISP573.a
LOAD D:\Word\Code\Gitcode\MRS_DATA\CH573EVT\EVT\EXAM\BLE\LIB\libCH57xBLE.a
LOAD f:/mounriver/mounriver_studio/toolchain/risc-v embedded gcc/bin/../lib/gcc/riscv-none-embed/8.2.0/rv32imac/ilp32\libgcc.a
LOAD f:/mounriver/mounriver_studio/toolchain/risc-v embedded gcc/bin/../lib/gcc/riscv-none-embed/8.2.0/../../../../riscv-none-embed/lib/rv32imac/ilp32\libg_nano.a
LOAD f:/mounriver/mounriver_studio/toolchain/risc-v embedded gcc/bin/../lib/gcc/riscv-none-embed/8.2.0/../../../../riscv-none-embed/lib/rv32imac/ilp32\libc_nano.a
LOAD f:/mounriver/mounriver_studio/toolchain/risc-v embedded gcc/bin/../lib/gcc/riscv-none-embed/8.2.0/rv32imac/ilp32\libgcc.a
START GROUP
LOAD f:/mounriver/mounriver_studio/toolchain/risc-v embedded gcc/bin/../lib/gcc/riscv-none-embed/8.2.0/rv32imac/ilp32\libgcc.a
LOAD f:/mounriver/mounriver_studio/toolchain/risc-v embedded gcc/bin/../lib/gcc/riscv-none-embed/8.2.0/../../../../riscv-none-embed/lib/rv32imac/ilp32\libc_nano.a
LOAD f:/mounriver/mounriver_studio/toolchain/risc-v embedded gcc/bin/../lib/gcc/riscv-none-embed/8.2.0/../../../../riscv-none-embed/lib/rv32imac/ilp32\libnosys.a
END GROUP
START GROUP
LOAD f:/mounriver/mounriver_studio/toolchain/risc-v embedded gcc/bin/../lib/gcc/riscv-none-embed/8.2.0/rv32imac/ilp32\libgcc.a
LOAD f:/mounriver/mounriver_studio/toolchain/risc-v embedded gcc/bin/../lib/gcc/riscv-none-embed/8.2.0/../../../../riscv-none-embed/lib/rv32imac/ilp32\libc_nano.a
LOAD f:/mounriver/mounriver_studio/toolchain/risc-v embedded gcc/bin/../lib/gcc/riscv-none-embed/8.2.0/../../../../riscv-none-embed/lib/rv32imac/ilp32\libnosys.a
END GROUP
                0x0000000000000200                __stack_size = 0x200
                [!provide]                        PROVIDE (_stack_size = __stack_size)

.init           0x0000000000000000        0x4
                0x0000000000000000                _sinit = .
                0x0000000000000000                . = ALIGN (0x4)
 *(SORT_NONE(.init))
 .init          0x0000000000000000        0x4 ./Startup/startup_CH573.o
                0x0000000000000000                _start
                0x0000000000000004                . = ALIGN (0x4)
                0x0000000000000004                _einit = .

.highcodelalign
                0x0000000000000004        0x0
                0x0000000000000004                . = ALIGN (0x4)
                0x0000000000000004                PROVIDE (_highcode_lma = .)

.highcode       0x0000000020003800     0x123c load address 0x0000000000000004
                0x0000000020003800                . = ALIGN (0x4)
                0x0000000020003800                PROVIDE (_highcode_vma_start = .)
 *(.vector)
 .vector        0x0000000020003800       0x90 ./Startup/startup_CH573.o
 *(SORT_NONE(.vector_handler))
 .vector_handler
                0x0000000020003890       0x2c ./Startup/startup_CH573.o
                0x0000000020003890                NMI_Handler
                0x0000000020003894                SysTick_Handler
                0x0000000020003896                SW_Handler
                0x0000000020003898                TMR0_IRQHandler
                0x000000002000389a                GPIOA_IRQHandler
                0x000000002000389c                GPIOB_IRQHandler
                0x000000002000389e                SPI0_IRQHandler
                0x00000000200038a0                BB_IRQHandler
                0x00000000200038a2                LLE_IRQHandler
                0x00000000200038a4                USB_IRQHandler
                0x00000000200038a6                TMR1_IRQHandler
                0x00000000200038a8                TMR2_IRQHandler
                0x00000000200038aa                UART0_IRQHandler
                0x00000000200038ac                UART1_IRQHandler
                0x00000000200038b0                ADC_IRQHandler
                0x00000000200038b2                PWMX_IRQHandler
                0x00000000200038b4                TMR3_IRQHandler
                0x00000000200038b6                UART2_IRQHandler
                0x00000000200038ba                WDOG_BAT_IRQHandler
 *(.highcode)
 .highcode      0x00000000200038bc       0x4e ./StdPeriphDriver/CH57x_clk.o
                0x00000000200038bc                Get_Calibration_Cnt_RAM
 .highcode      0x000000002000390a      0x1d0 ./StdPeriphDriver/CH57x_sys.o
                0x000000002000390a                SetSysClock
                0x0000000020003a22                SYS_ResetExecute
                0x0000000020003a5e                HardFault_Handler
                0x0000000020003aa4                mDelayuS
                0x0000000020003ab2                mDelaymS
 .highcode      0x0000000020003ada       0x16 ./HAL/RTC.o
                0x0000000020003ada                RTC_IRQHandler
 .highcode      0x0000000020003af0       0x6a ./APP/peripheral.o
                0x0000000020003af0                UART3_IRQHandler
 .highcode      0x0000000020003b5a       0x18 ./APP/peripheral_main.o
                0x0000000020003b5a                Main_Circulation
 .highcode      0x0000000020003b72      0x3fa D:\Word\Code\Gitcode\MRS_DATA\CH573EVT\EVT\EXAM\SRC\StdPeriphDriver\libISP573.a(ISP573.o)
                0x0000000020003b72                FLASH_ROM_BEG
                0x0000000020003b82                FLASH_ROM_END
                0x0000000020003b90                FLASH_ROM_IN
                0x0000000020003b9e                FLASH_ROM_OUT
                0x0000000020003bac                FLASH_ROM_ADDR
                0x0000000020003bf4                FLASH_ROM_WAIT
                0x0000000020003c2c                FLASH_EEPROM_CMD
 .highcode      0x0000000020003f6c      0x230 D:\Word\Code\Gitcode\MRS_DATA\CH573EVT\EVT\EXAM\BLE\LIB\libCH57xBLE.a(tmos.o)
                0x0000000020003f88                tmos_memcpy
                0x0000000020003fa8                tmos_memcpy_word
                0x0000000020003fc4                TMOS_SystemProcess
 .highcode      0x000000002000419c       0xc2 D:\Word\Code\Gitcode\MRS_DATA\CH573EVT\EVT\EXAM\BLE\LIB\libCH57xBLE.a(tmos_hw.o)
                0x000000002000419c                BLE_GetHSEClock
                0x00000000200041da                RTC_Get32KClock
                0x00000000200041f2                SYS_GetTickCount
 .highcode      0x000000002000425e      0x138 D:\Word\Code\Gitcode\MRS_DATA\CH573EVT\EVT\EXAM\BLE\LIB\libCH57xBLE.a(ll_connect.o)
                0x000000002000425e                ll_connect_process_data
                0x00000000200042ac                ll_connect_event_continue
 .highcode      0x0000000020004396      0x1c4 D:\Word\Code\Gitcode\MRS_DATA\CH573EVT\EVT\EXAM\BLE\LIB\libCH57xBLE.a(bb.o)
                0x0000000020004396                BB_IRQLibHandler
                0x0000000020004510                BB_IRQLibFunction
 .highcode      0x000000002000455a      0x156 D:\Word\Code\Gitcode\MRS_DATA\CH573EVT\EVT\EXAM\BLE\LIB\libCH57xBLE.a(ip.o)
                0x000000002000455a                ll_tx_wait_finish
                0x0000000020004586                ll_tx_wait_tx_dma_finish
                0x00000000200045c0                ll_rx_wait_finish
                0x00000000200045f6                ll_rx_wait_tx_dma_finish
                0x0000000020004626                ble_ll_chkcrc
 .highcode      0x00000000200046b0      0x1a4 D:\Word\Code\Gitcode\MRS_DATA\CH573EVT\EVT\EXAM\BLE\LIB\libCH57xBLE.a(lle.o)
                0x00000000200046b0                LLE_IRQLibHandler
                0x000000002000480a                LLE_IRQLibFunction
 .highcode      0x0000000020004854       0x82 D:\Word\Code\Gitcode\MRS_DATA\CH573EVT\EVT\EXAM\BLE\LIB\libCH57xBLE.a(rf_fh.o)
                0x0000000020004854                RF_HopGetChannel
 .highcode      0x00000000200048d6       0x2c D:\Word\Code\Gitcode\MRS_DATA\CH573EVT\EVT\EXAM\BLE\LIB\libCH57xBLE.a(rfend.o)
                0x00000000200048d6                RFEND_WaitTune
 .highcode      0x0000000020004902      0x13a D:\Word\Code\Gitcode\MRS_DATA\CH573EVT\EVT\EXAM\BLE\LIB\libCH57xBLE.a(memory.o)
                0x0000000020004902                tmos_memory_allocate
                0x000000002000499c                tmos_memory_free
 *(.highcode.*)
                0x0000000020004a3c                . = ALIGN (0x4)
 *fill*         0x0000000020004a3c        0x0 
                0x0000000020004a3c                PROVIDE (_highcode_vma_end = .)

.text           0x0000000000001240    0x1d900
                0x0000000000001240                . = ALIGN (0x4)
 *(SORT_NONE(.handle_reset))
 .handle_reset  0x0000000000001240       0xce ./Startup/startup_CH573.o
                0x0000000000001240                handle_reset
 *(.text)
 .text          0x000000000000130e       0xa8 f:/mounriver/mounriver_studio/toolchain/risc-v embedded gcc/bin/../lib/gcc/riscv-none-embed/8.2.0/../../../../riscv-none-embed/lib/rv32imac/ilp32\libg_nano.a(lib_a-memset.o)
                0x000000000000130e                memset
 *(.text.*)
 .text.ADC_InterTSSampInit
                0x00000000000013b6       0x28 ./StdPeriphDriver/CH57x_adc.o
                0x00000000000013b6                ADC_InterTSSampInit
 .text.Calibration_LSI_FLASH
                0x00000000000013de      0x290 ./StdPeriphDriver/CH57x_clk.o
                0x00000000000013de                Calibration_LSI_FLASH
 .text.Calibration_LSI_RAM
                0x000000000000166e      0x246 ./StdPeriphDriver/CH57x_clk.o
                0x000000000000166e                Calibration_LSI_RAM
 .text.RTC_InitTime
                0x00000000000018b4      0x138 ./StdPeriphDriver/CH57x_clk.o
                0x00000000000018b4                RTC_InitTime
 .text.GPIOA_ModeCfg
                0x00000000000019ec       0xa6 ./StdPeriphDriver/CH57x_gpio.o
                0x00000000000019ec                GPIOA_ModeCfg
 .text.GPIOB_ModeCfg
                0x0000000000001a92       0xa6 ./StdPeriphDriver/CH57x_gpio.o
                0x0000000000001a92                GPIOB_ModeCfg
 .text.SPI0_MasterDefInit
                0x0000000000001b38       0x32 ./StdPeriphDriver/CH57x_spi0.o
                0x0000000000001b38                SPI0_MasterDefInit
 .text.SPI0_CLKCfg
                0x0000000000001b6a       0x2a ./StdPeriphDriver/CH57x_spi0.o
                0x0000000000001b6a                SPI0_CLKCfg
 .text.SPI0_MasterDMATrans
                0x0000000000001b94       0x50 ./StdPeriphDriver/CH57x_spi0.o
                0x0000000000001b94                SPI0_MasterDMATrans
 .text.GetSysClock
                0x0000000000001be4       0x42 ./StdPeriphDriver/CH57x_sys.o
                0x0000000000001be4                GetSysClock
 .text.SYS_DisableAllIrq
                0x0000000000001c26       0x20 ./StdPeriphDriver/CH57x_sys.o
                0x0000000000001c26                SYS_DisableAllIrq
 .text.SYS_RecoverIrq
                0x0000000000001c46       0x14 ./StdPeriphDriver/CH57x_sys.o
                0x0000000000001c46                SYS_RecoverIrq
 .text.SYS_GetSysTickCnt
                0x0000000000001c5a        0xa ./StdPeriphDriver/CH57x_sys.o
                0x0000000000001c5a                SYS_GetSysTickCnt
 .text._write   0x0000000000001c64       0x28 ./StdPeriphDriver/CH57x_sys.o
                0x0000000000001c64                _write
 .text._sbrk    0x0000000000001c8c       0x34 ./StdPeriphDriver/CH57x_sys.o
                0x0000000000001c8c                _sbrk
 .text.UART1_BaudRateCfg
                0x0000000000001cc0       0x30 ./StdPeriphDriver/CH57x_uart1.o
                0x0000000000001cc0                UART1_BaudRateCfg
 .text.UART1_DefInit
                0x0000000000001cf0       0x32 ./StdPeriphDriver/CH57x_uart1.o
                0x0000000000001cf0                UART1_DefInit
 .text.UART1_SendString
                0x0000000000001d22       0x28 ./StdPeriphDriver/CH57x_uart1.o
                0x0000000000001d22                UART1_SendString
 .text.UART3_BaudRateCfg
                0x0000000000001d4a       0x30 ./StdPeriphDriver/CH57x_uart3.o
                0x0000000000001d4a                UART3_BaudRateCfg
 .text.UART3_DefInit
                0x0000000000001d7a       0x32 ./StdPeriphDriver/CH57x_uart3.o
                0x0000000000001d7a                UART3_DefInit
 .text.UART3_INTCfg
                0x0000000000001dac       0x2a ./StdPeriphDriver/CH57x_uart3.o
                0x0000000000001dac                UART3_INTCfg
 .text.devInfo_ReadAttrCB
                0x0000000000001dd6      0x196 ./Profile/devinfoservice.o
 .text.DevInfo_AddService
                0x0000000000001f6c       0x18 ./Profile/devinfoservice.o
                0x0000000000001f6c                DevInfo_AddService
 .text.Lib_Calibration_LSI
                0x0000000000001f84       0x30 ./HAL/MCU.o
                0x0000000000001f84                Lib_Calibration_LSI
 .text.Lib_Read_Flash
                0x0000000000001fb4       0x1c ./HAL/MCU.o
                0x0000000000001fb4                Lib_Read_Flash
 .text.Lib_Write_Flash
                0x0000000000001fd0       0x40 ./HAL/MCU.o
                0x0000000000001fd0                Lib_Write_Flash
 .text.HAL_GetInterTempValue
                0x0000000000002010       0x72 ./HAL/MCU.o
                0x0000000000002010                HAL_GetInterTempValue
 .text.HAL_ProcessEvent
                0x0000000000002082       0x7e ./HAL/MCU.o
                0x0000000000002082                HAL_ProcessEvent
 .text.CH57X_BLEInit
                0x0000000000002100      0x12c ./HAL/MCU.o
                0x0000000000002100                CH57X_BLEInit
 .text.HAL_Init
                0x000000000000222c       0x34 ./HAL/MCU.o
                0x000000000000222c                HAL_Init
 .text.HAL_TimeInit
                0x0000000000002260       0x66 ./HAL/RTC.o
                0x0000000000002260                HAL_TimeInit
 .text.ble_uart_WriteAttrCB
                0x00000000000022c6       0xba ./APP/ble_uart_service/ble_uart_service_16bit.o
 .text.ble_uart_ReadAttrCB
                0x0000000000002380       0x5e ./APP/ble_uart_service/ble_uart_service_16bit.o
 .text.ble_uart_HandleConnStatusCB
                0x00000000000023de       0x3e ./APP/ble_uart_service/ble_uart_service_16bit.o
 .text.ble_uart_add_service
                0x000000000000241c       0x5a ./APP/ble_uart_service/ble_uart_service_16bit.o
                0x000000000000241c                ble_uart_add_service
 .text.ble_uart_notify_is_ready
                0x0000000000002476       0x18 ./APP/ble_uart_service/ble_uart_service_16bit.o
                0x0000000000002476                ble_uart_notify_is_ready
 .text.ble_uart_notify
                0x000000000000248e       0x46 ./APP/ble_uart_service/ble_uart_service_16bit.o
                0x000000000000248e                ble_uart_notify
 .text.app_drv_fifo_length
                0x00000000000024d4       0x12 ./APP/app_drv_fifo/app_drv_fifo.o
                0x00000000000024d4                app_drv_fifo_length
 .text.app_drv_fifo_init
                0x00000000000024e6       0x26 ./APP/app_drv_fifo/app_drv_fifo.o
                0x00000000000024e6                app_drv_fifo_init
 .text.app_drv_fifo_flush
                0x000000000000250c        0x6 ./APP/app_drv_fifo/app_drv_fifo.o
                0x000000000000250c                app_drv_fifo_flush
 .text.app_drv_fifo_write
                0x0000000000002512       0x72 ./APP/app_drv_fifo/app_drv_fifo.o
                0x0000000000002512                app_drv_fifo_write
 .text.app_drv_fifo_write_from_same_addr
                0x0000000000002584       0x60 ./APP/app_drv_fifo/app_drv_fifo.o
                0x0000000000002584                app_drv_fifo_write_from_same_addr
 .text.app_drv_fifo_read
                0x00000000000025e4       0x62 ./APP/app_drv_fifo/app_drv_fifo.o
                0x00000000000025e4                app_drv_fifo_read
 .text.app_drv_fifo_read_to_same_addr
                0x0000000000002646       0x4e ./APP/app_drv_fifo/app_drv_fifo.o
                0x0000000000002646                app_drv_fifo_read_to_same_addr
 .text.peripheralRssiCB
                0x0000000000002694       0x12 ./APP/peripheral.o
 .text.peripheralParamUpdateCB
                0x00000000000026a6       0x30 ./APP/peripheral.o
 .text.Peripheral_LinkTerminated
                0x00000000000026d6       0x44 ./APP/peripheral.o
 .text.Peripheral_ProcessEvent
                0x000000000000271a      0x756 ./APP/peripheral.o
                0x000000000000271a                Peripheral_ProcessEvent
 .text.peripheralStateNotificationCB
                0x0000000000002e70      0x12e ./APP/peripheral.o
 .text.process_led_commands
                0x0000000000002f9e        0xe ./APP/peripheral.o
                0x0000000000002f9e                process_led_commands
 .text.app_uart_process
                0x0000000000002fac       0x52 ./APP/peripheral.o
                0x0000000000002fac                app_uart_process
 .text.app_uart_init
                0x0000000000002ffe       0x78 ./APP/peripheral.o
                0x0000000000002ffe                app_uart_init
 .text.app_uart_tx_data
                0x0000000000003076       0x1c ./APP/peripheral.o
                0x0000000000003076                app_uart_tx_data
 .text.PERSON_BLE_UART_DATA_HANDLE
                0x0000000000003092      0x246 ./APP/peripheral.o
                0x0000000000003092                PERSON_BLE_UART_DATA_HANDLE
 .text.on_bleuartServiceEvt
                0x00000000000032d8       0x82 ./APP/peripheral.o
                0x00000000000032d8                on_bleuartServiceEvt
 .text.Peripheral_Init
                0x000000000000335a      0x170 ./APP/peripheral.o
                0x000000000000335a                Peripheral_Init
 .text.startup.main
                0x00000000000034ca       0x56 ./APP/peripheral_main.o
                0x00000000000034ca                main
 .text.ws2812_set_rgb
                0x0000000000003520       0x9c ./APP/ws2812.o
                0x0000000000003520                ws2812_set_rgb
 .text.ws2812_off_all
                0x00000000000035bc       0x50 ./APP/ws2812.o
                0x00000000000035bc                ws2812_off_all
 .text.ws2812_init
                0x000000000000360c       0x1a ./APP/ws2812.o
                0x000000000000360c                ws2812_init
 .text.ws2812_set_led_num
                0x0000000000003626       0x16 ./APP/ws2812.o
                0x0000000000003626                ws2812_set_led_num
 .text.tmos_msg_enqueue
                0x000000000000363c       0x1e D:\Word\Code\Gitcode\MRS_DATA\CH573EVT\EVT\EXAM\BLE\LIB\libCH57xBLE.a(message.o)
                0x000000000000363c                tmos_msg_enqueue
 .text.tmos_msg_deallocate
                0x000000000000365a       0x2c D:\Word\Code\Gitcode\MRS_DATA\CH573EVT\EVT\EXAM\BLE\LIB\libCH57xBLE.a(message.o)
                0x000000000000365a                tmos_msg_deallocate
 .text.tmos_msg_allocate
                0x0000000000003686       0x3e D:\Word\Code\Gitcode\MRS_DATA\CH573EVT\EVT\EXAM\BLE\LIB\libCH57xBLE.a(message.o)
                0x0000000000003686                tmos_msg_allocate
 .text.tmos_msg_receive
                0x00000000000036c4       0x68 D:\Word\Code\Gitcode\MRS_DATA\CH573EVT\EVT\EXAM\BLE\LIB\libCH57xBLE.a(message.o)
                0x00000000000036c4                tmos_msg_receive
 .text.tmos_msg_send
                0x000000000000372c       0x56 D:\Word\Code\Gitcode\MRS_DATA\CH573EVT\EVT\EXAM\BLE\LIB\libCH57xBLE.a(message.o)
                0x000000000000372c                tmos_msg_send
 .text.tmos_msg_init
                0x0000000000003782        0x6 D:\Word\Code\Gitcode\MRS_DATA\CH573EVT\EVT\EXAM\BLE\LIB\libCH57xBLE.a(message.o)
                0x0000000000003782                tmos_msg_init
 .text.tmosFindTask
                0x0000000000003788       0x20 D:\Word\Code\Gitcode\MRS_DATA\CH573EVT\EVT\EXAM\BLE\LIB\libCH57xBLE.a(tmos.o)
 .text.TMOS_CbTimerProcessEvent
                0x00000000000037a8       0x7c D:\Word\Code\Gitcode\MRS_DATA\CH573EVT\EVT\EXAM\BLE\LIB\libCH57xBLE.a(tmos.o)
                0x00000000000037a8                TMOS_CbTimerProcessEvent
 .text.tmos_rand
                0x0000000000003824       0x54 D:\Word\Code\Gitcode\MRS_DATA\CH573EVT\EVT\EXAM\BLE\LIB\libCH57xBLE.a(tmos.o)
                0x0000000000003824                tmos_rand
 .text.tmos_query_sleep_time
                0x0000000000003878      0x178 D:\Word\Code\Gitcode\MRS_DATA\CH573EVT\EVT\EXAM\BLE\LIB\libCH57xBLE.a(tmos.o)
                0x0000000000003878                tmos_query_sleep_time
 .text.tmos_memset
                0x00000000000039f0       0x12 D:\Word\Code\Gitcode\MRS_DATA\CH573EVT\EVT\EXAM\BLE\LIB\libCH57xBLE.a(tmos.o)
                0x00000000000039f0                tmos_memset
 .text.tmos_strlen
                0x0000000000003a02       0x14 D:\Word\Code\Gitcode\MRS_DATA\CH573EVT\EVT\EXAM\BLE\LIB\libCH57xBLE.a(tmos.o)
                0x0000000000003a02                tmos_strlen
 .text.tmos_memdup
                0x0000000000003a16       0x3c D:\Word\Code\Gitcode\MRS_DATA\CH573EVT\EVT\EXAM\BLE\LIB\libCH57xBLE.a(tmos.o)
                0x0000000000003a16                tmos_memdup
 .text.tmos_memcmp
                0x0000000000003a52       0x24 D:\Word\Code\Gitcode\MRS_DATA\CH573EVT\EVT\EXAM\BLE\LIB\libCH57xBLE.a(tmos.o)
                0x0000000000003a52                tmos_memcmp
 .text.tmos_revmemcpy
                0x0000000000003a76       0x1c D:\Word\Code\Gitcode\MRS_DATA\CH573EVT\EVT\EXAM\BLE\LIB\libCH57xBLE.a(tmos.o)
                0x0000000000003a76                tmos_revmemcpy
 .text.tmos_isbufset
                0x0000000000003a92       0x1e D:\Word\Code\Gitcode\MRS_DATA\CH573EVT\EVT\EXAM\BLE\LIB\libCH57xBLE.a(tmos.o)
                0x0000000000003a92                tmos_isbufset
 .text.tmos_set_event
                0x0000000000003ab0       0x2a D:\Word\Code\Gitcode\MRS_DATA\CH573EVT\EVT\EXAM\BLE\LIB\libCH57xBLE.a(tmos.o)
                0x0000000000003ab0                tmos_set_event
 .text.tmos_query_system_time
                0x0000000000003ada       0xce D:\Word\Code\Gitcode\MRS_DATA\CH573EVT\EVT\EXAM\BLE\LIB\libCH57xBLE.a(tmos.o)
                0x0000000000003ada                tmos_query_system_time
 .text.tmos_clear_event
                0x0000000000003ba8       0x2e D:\Word\Code\Gitcode\MRS_DATA\CH573EVT\EVT\EXAM\BLE\LIB\libCH57xBLE.a(tmos.o)
                0x0000000000003ba8                tmos_clear_event
 .text.tmos_start_task
                0x0000000000003bd6       0x90 D:\Word\Code\Gitcode\MRS_DATA\CH573EVT\EVT\EXAM\BLE\LIB\libCH57xBLE.a(tmos.o)
                0x0000000000003bd6                tmos_start_task
 .text.tmos_start_callback_task
                0x0000000000003c66       0xac D:\Word\Code\Gitcode\MRS_DATA\CH573EVT\EVT\EXAM\BLE\LIB\libCH57xBLE.a(tmos.o)
                0x0000000000003c66                tmos_start_callback_task
 .text.tmos_start_reload_task
                0x0000000000003d12       0x30 D:\Word\Code\Gitcode\MRS_DATA\CH573EVT\EVT\EXAM\BLE\LIB\libCH57xBLE.a(tmos.o)
                0x0000000000003d12                tmos_start_reload_task
 .text.tmos_stop_task
                0x0000000000003d42       0x42 D:\Word\Code\Gitcode\MRS_DATA\CH573EVT\EVT\EXAM\BLE\LIB\libCH57xBLE.a(tmos.o)
                0x0000000000003d42                tmos_stop_task
 .text.tmos_stop_callback_task
                0x0000000000003d84       0x5c D:\Word\Code\Gitcode\MRS_DATA\CH573EVT\EVT\EXAM\BLE\LIB\libCH57xBLE.a(tmos.o)
                0x0000000000003d84                tmos_stop_callback_task
 .text.tmos_get_task_timer
                0x0000000000003de0       0x16 D:\Word\Code\Gitcode\MRS_DATA\CH573EVT\EVT\EXAM\BLE\LIB\libCH57xBLE.a(tmos.o)
                0x0000000000003de0                tmos_get_task_timer
 .text.tmos_update_callback_timer
                0x0000000000003df6       0x62 D:\Word\Code\Gitcode\MRS_DATA\CH573EVT\EVT\EXAM\BLE\LIB\libCH57xBLE.a(tmos.o)
                0x0000000000003df6                tmos_update_callback_timer
 .text.TMOS_Set32KTuneValue
                0x0000000000003e58        0xa D:\Word\Code\Gitcode\MRS_DATA\CH573EVT\EVT\EXAM\BLE\LIB\libCH57xBLE.a(tmos.o)
                0x0000000000003e58                TMOS_Set32KTuneValue
 .text.TMOS_TimerRegister
                0x0000000000003e62       0x1a D:\Word\Code\Gitcode\MRS_DATA\CH573EVT\EVT\EXAM\BLE\LIB\libCH57xBLE.a(tmos.o)
                0x0000000000003e62                TMOS_TimerRegister
 .text.TMOS_ProcessRegister
                0x0000000000003e7c       0x16 D:\Word\Code\Gitcode\MRS_DATA\CH573EVT\EVT\EXAM\BLE\LIB\libCH57xBLE.a(tmos.o)
                0x0000000000003e7c                TMOS_ProcessRegister
 .text.TMOS_Init
                0x0000000000003e92       0xea D:\Word\Code\Gitcode\MRS_DATA\CH573EVT\EVT\EXAM\BLE\LIB\libCH57xBLE.a(tmos.o)
                0x0000000000003e92                TMOS_Init
 .text.TMOS_ProcessEventRegister
                0x0000000000003f7c       0x38 D:\Word\Code\Gitcode\MRS_DATA\CH573EVT\EVT\EXAM\BLE\LIB\libCH57xBLE.a(tmos.o)
                0x0000000000003f7c                TMOS_ProcessEventRegister
 .text.BLE_LibInit
                0x0000000000003fb4      0x1aa D:\Word\Code\Gitcode\MRS_DATA\CH573EVT\EVT\EXAM\BLE\LIB\libCH57xBLE.a(tmos.o)
                0x0000000000003fb4                BLE_LibInit
 .text.ble_ll_common_rand8
                0x000000000000415e       0x24 D:\Word\Code\Gitcode\MRS_DATA\CH573EVT\EVT\EXAM\BLE\LIB\libCH57xBLE.a(tmos_hw.o)
                0x000000000000415e                ble_ll_common_rand8
 .text.ble_ll_common_rand16
                0x0000000000004182       0x24 D:\Word\Code\Gitcode\MRS_DATA\CH573EVT\EVT\EXAM\BLE\LIB\libCH57xBLE.a(tmos_hw.o)
                0x0000000000004182                ble_ll_common_rand16
 .text.ble_ll_common_rand32
                0x00000000000041a6       0x20 D:\Word\Code\Gitcode\MRS_DATA\CH573EVT\EVT\EXAM\BLE\LIB\libCH57xBLE.a(tmos_hw.o)
                0x00000000000041a6                ble_ll_common_rand32
 .text.ll_hw_temp_sample
                0x00000000000041c6       0xc0 D:\Word\Code\Gitcode\MRS_DATA\CH573EVT\EVT\EXAM\BLE\LIB\libCH57xBLE.a(tmos_hw.o)
                0x00000000000041c6                ll_hw_temp_sample
 .text.TMOS_TimerInit
                0x0000000000004286       0x5e D:\Word\Code\Gitcode\MRS_DATA\CH573EVT\EVT\EXAM\BLE\LIB\libCH57xBLE.a(tmos_hw.o)
                0x0000000000004286                TMOS_TimerInit
 .text.tmos_snv_init
                0x00000000000042e4       0xbc D:\Word\Code\Gitcode\MRS_DATA\CH573EVT\EVT\EXAM\BLE\LIB\libCH57xBLE.a(tmos_snv.o)
                0x00000000000042e4                tmos_snv_init
 .text.tmos_snv_clear
                0x00000000000043a0       0xae D:\Word\Code\Gitcode\MRS_DATA\CH573EVT\EVT\EXAM\BLE\LIB\libCH57xBLE.a(tmos_snv.o)
                0x00000000000043a0                tmos_snv_clear
 .text.tmos_snv_read
                0x000000000000444e      0x292 D:\Word\Code\Gitcode\MRS_DATA\CH573EVT\EVT\EXAM\BLE\LIB\libCH57xBLE.a(tmos_snv.o)
                0x000000000000444e                tmos_snv_read
 .text.tmos_snv_notify
                0x00000000000046e0       0x5a D:\Word\Code\Gitcode\MRS_DATA\CH573EVT\EVT\EXAM\BLE\LIB\libCH57xBLE.a(tmos_snv.o)
                0x00000000000046e0                tmos_snv_notify
 .text.tmos_snv_write
                0x000000000000473a      0x2ce D:\Word\Code\Gitcode\MRS_DATA\CH573EVT\EVT\EXAM\BLE\LIB\libCH57xBLE.a(tmos_snv.o)
                0x000000000000473a                tmos_snv_write
 .text.tmos_snv_compact
                0x0000000000004a08        0x4 D:\Word\Code\Gitcode\MRS_DATA\CH573EVT\EVT\EXAM\BLE\LIB\libCH57xBLE.a(tmos_snv.o)
                0x0000000000004a08                tmos_snv_compact
 .text.ATT_BuildErrorRsp
                0x0000000000004a0c       0x26 D:\Word\Code\Gitcode\MRS_DATA\CH573EVT\EVT\EXAM\BLE\LIB\libCH57xBLE.a(att.o)
                0x0000000000004a0c                ATT_BuildErrorRsp
 .text.ATT_ParamInit
                0x0000000000004a32        0xa D:\Word\Code\Gitcode\MRS_DATA\CH573EVT\EVT\EXAM\BLE\LIB\libCH57xBLE.a(att.o)
                0x0000000000004a32                ATT_ParamInit
 .text.ATT_ConvertUUIDto128
                0x0000000000004a3c       0x46 D:\Word\Code\Gitcode\MRS_DATA\CH573EVT\EVT\EXAM\BLE\LIB\libCH57xBLE.a(att.o)
                0x0000000000004a3c                ATT_ConvertUUIDto128
 .text.ATT_CompareUUID
                0x0000000000004a82       0x62 D:\Word\Code\Gitcode\MRS_DATA\CH573EVT\EVT\EXAM\BLE\LIB\libCH57xBLE.a(att.o)
                0x0000000000004a82                ATT_CompareUUID
 .text.ATT_RegisterServer
                0x0000000000004ae4        0x6 D:\Word\Code\Gitcode\MRS_DATA\CH573EVT\EVT\EXAM\BLE\LIB\libCH57xBLE.a(att.o)
                0x0000000000004ae4                ATT_RegisterServer
 .text.ATT_ParsePacket
                0x0000000000004aea       0x94 D:\Word\Code\Gitcode\MRS_DATA\CH573EVT\EVT\EXAM\BLE\LIB\libCH57xBLE.a(att.o)
                0x0000000000004aea                ATT_ParsePacket
 .text.ATT_UpdateMTU
                0x0000000000004b7e       0x3c D:\Word\Code\Gitcode\MRS_DATA\CH573EVT\EVT\EXAM\BLE\LIB\libCH57xBLE.a(att.o)
                0x0000000000004b7e                ATT_UpdateMTU
 .text.ATT_GetMTU
                0x0000000000004bba       0x1e D:\Word\Code\Gitcode\MRS_DATA\CH573EVT\EVT\EXAM\BLE\LIB\libCH57xBLE.a(att.o)
                0x0000000000004bba                ATT_GetMTU
 .text.attSendMsg
                0x0000000000004bd8       0xb6 D:\Word\Code\Gitcode\MRS_DATA\CH573EVT\EVT\EXAM\BLE\LIB\libCH57xBLE.a(att.o)
                0x0000000000004bd8                attSendMsg
 .text.attSendRspMsg
                0x0000000000004c8e       0x46 D:\Word\Code\Gitcode\MRS_DATA\CH573EVT\EVT\EXAM\BLE\LIB\libCH57xBLE.a(att.o)
                0x0000000000004c8e                attSendRspMsg
 .text.ATT_ErrorRsp
                0x0000000000004cd4       0x10 D:\Word\Code\Gitcode\MRS_DATA\CH573EVT\EVT\EXAM\BLE\LIB\libCH57xBLE.a(att.o)
                0x0000000000004cd4                ATT_ErrorRsp
 .text.disconnectNext
                0x0000000000004ce4       0x22 D:\Word\Code\Gitcode\MRS_DATA\CH573EVT\EVT\EXAM\BLE\LIB\libCH57xBLE.a(gap.o)
 .text.GAP_ParamInit
                0x0000000000004d06       0x88 D:\Word\Code\Gitcode\MRS_DATA\CH573EVT\EVT\EXAM\BLE\LIB\libCH57xBLE.a(gap.o)
                0x0000000000004d06                GAP_ParamInit
 .text.sendTerminateEvent
                0x0000000000004d8e       0x58 D:\Word\Code\Gitcode\MRS_DATA\CH573EVT\EVT\EXAM\BLE\LIB\libCH57xBLE.a(gap.o)
                0x0000000000004d8e                sendTerminateEvent
 .text.gapRegisterCentral
                0x0000000000004de6        0x6 D:\Word\Code\Gitcode\MRS_DATA\CH573EVT\EVT\EXAM\BLE\LIB\libCH57xBLE.a(gap.o)
                0x0000000000004de6                gapRegisterCentral
 .text.gapRegisterCentralConn
                0x0000000000004dec        0x6 D:\Word\Code\Gitcode\MRS_DATA\CH573EVT\EVT\EXAM\BLE\LIB\libCH57xBLE.a(gap.o)
                0x0000000000004dec                gapRegisterCentralConn
 .text.gapRegisterPeripheral
                0x0000000000004df2        0x6 D:\Word\Code\Gitcode\MRS_DATA\CH573EVT\EVT\EXAM\BLE\LIB\libCH57xBLE.a(gap.o)
                0x0000000000004df2                gapRegisterPeripheral
 .text.gapRegisterPeripheralConn
                0x0000000000004df8        0x6 D:\Word\Code\Gitcode\MRS_DATA\CH573EVT\EVT\EXAM\BLE\LIB\libCH57xBLE.a(gap.o)
                0x0000000000004df8                gapRegisterPeripheralConn
 .text.smGenerateRandBuf
                0x0000000000004dfe       0x56 D:\Word\Code\Gitcode\MRS_DATA\CH573EVT\EVT\EXAM\BLE\LIB\libCH57xBLE.a(gap.o)
                0x0000000000004dfe                smGenerateRandBuf
 .text.gapL2capConnParamUpdateReq
                0x0000000000004e54       0x32 D:\Word\Code\Gitcode\MRS_DATA\CH573EVT\EVT\EXAM\BLE\LIB\libCH57xBLE.a(gap.o)
                0x0000000000004e54                gapL2capConnParamUpdateReq
 .text.gapValidADType
                0x0000000000004e86       0x16 D:\Word\Code\Gitcode\MRS_DATA\CH573EVT\EVT\EXAM\BLE\LIB\libCH57xBLE.a(gap.o)
                0x0000000000004e86                gapValidADType
 .text.gapFindADType
                0x0000000000004e9c       0x8e D:\Word\Code\Gitcode\MRS_DATA\CH573EVT\EVT\EXAM\BLE\LIB\libCH57xBLE.a(gap.o)
                0x0000000000004e9c                gapFindADType
 .text.GAP_SecParamsInit
                0x0000000000004f2a       0x9a D:\Word\Code\Gitcode\MRS_DATA\CH573EVT\EVT\EXAM\BLE\LIB\libCH57xBLE.a(gap.o)
                0x0000000000004f2a                GAP_SecParamsInit
 .text.GAP_ParamsInit
                0x0000000000004fc4       0x48 D:\Word\Code\Gitcode\MRS_DATA\CH573EVT\EVT\EXAM\BLE\LIB\libCH57xBLE.a(gap.o)
                0x0000000000004fc4                GAP_ParamsInit
 .text.gapAddAddrAdj
                0x000000000000500c       0x48 D:\Word\Code\Gitcode\MRS_DATA\CH573EVT\EVT\EXAM\BLE\LIB\libCH57xBLE.a(gap.o)
                0x000000000000500c                gapAddAddrAdj
 .text.gapDetermineAddrType
                0x0000000000005054       0x28 D:\Word\Code\Gitcode\MRS_DATA\CH573EVT\EVT\EXAM\BLE\LIB\libCH57xBLE.a(gap.o)
                0x0000000000005054                gapDetermineAddrType
 .text.gapFreeAuthLink
                0x000000000000507c       0x4a D:\Word\Code\Gitcode\MRS_DATA\CH573EVT\EVT\EXAM\BLE\LIB\libCH57xBLE.a(gap.o)
                0x000000000000507c                gapFreeAuthLink
 .text.gapGetDevAddress
                0x00000000000050c6       0x24 D:\Word\Code\Gitcode\MRS_DATA\CH573EVT\EVT\EXAM\BLE\LIB\libCH57xBLE.a(gap.o)
                0x00000000000050c6                gapGetDevAddress
 .text.gapGetDevAddressMode
                0x00000000000050ea        0xa D:\Word\Code\Gitcode\MRS_DATA\CH573EVT\EVT\EXAM\BLE\LIB\libCH57xBLE.a(gap.o)
                0x00000000000050ea                gapGetDevAddressMode
 .text.gapGetIRK
                0x00000000000050f4        0xc D:\Word\Code\Gitcode\MRS_DATA\CH573EVT\EVT\EXAM\BLE\LIB\libCH57xBLE.a(gap.o)
                0x00000000000050f4                gapGetIRK
 .text.gapGetSRK
                0x0000000000005100        0xc D:\Word\Code\Gitcode\MRS_DATA\CH573EVT\EVT\EXAM\BLE\LIB\libCH57xBLE.a(gap.o)
                0x0000000000005100                gapGetSRK
 .text.gapGetSignCounter
                0x000000000000510c        0xe D:\Word\Code\Gitcode\MRS_DATA\CH573EVT\EVT\EXAM\BLE\LIB\libCH57xBLE.a(gap.o)
                0x000000000000510c                gapGetSignCounter
 .text.gapIncSignCounter
                0x000000000000511a       0x28 D:\Word\Code\Gitcode\MRS_DATA\CH573EVT\EVT\EXAM\BLE\LIB\libCH57xBLE.a(gap.o)
                0x000000000000511a                gapIncSignCounter
 .text.gapProcessConnEvt
                0x0000000000005142       0x48 D:\Word\Code\Gitcode\MRS_DATA\CH573EVT\EVT\EXAM\BLE\LIB\libCH57xBLE.a(gap.o)
                0x0000000000005142                gapProcessConnEvt
 .text.gapProcessDisconnectCompleteEvt
                0x000000000000518a       0xa8 D:\Word\Code\Gitcode\MRS_DATA\CH573EVT\EVT\EXAM\BLE\LIB\libCH57xBLE.a(gap.o)
                0x000000000000518a                gapProcessDisconnectCompleteEvt
 .text.sendAuthEvent
                0x0000000000005232      0x11a D:\Word\Code\Gitcode\MRS_DATA\CH573EVT\EVT\EXAM\BLE\LIB\libCH57xBLE.a(gap.o)
                0x0000000000005232                sendAuthEvent
 .text.gapSendBondCompleteEvent
                0x000000000000534c       0x70 D:\Word\Code\Gitcode\MRS_DATA\CH573EVT\EVT\EXAM\BLE\LIB\libCH57xBLE.a(gap.o)
                0x000000000000534c                gapSendBondCompleteEvent
 .text.gapSendPairingReqEvent
                0x00000000000053bc       0x92 D:\Word\Code\Gitcode\MRS_DATA\CH573EVT\EVT\EXAM\BLE\LIB\libCH57xBLE.a(gap.o)
                0x00000000000053bc                gapSendPairingReqEvent
 .text.gapSendSlaveSecurityReqEvent
                0x000000000000544e       0x68 D:\Word\Code\Gitcode\MRS_DATA\CH573EVT\EVT\EXAM\BLE\LIB\libCH57xBLE.a(gap.o)
                0x000000000000544e                gapSendSlaveSecurityReqEvent
 .text.gapSendDeviceInitDoneEvent
                0x00000000000054b6       0x88 D:\Word\Code\Gitcode\MRS_DATA\CH573EVT\EVT\EXAM\BLE\LIB\libCH57xBLE.a(gap.o)
                0x00000000000054b6                gapSendDeviceInitDoneEvent
 .text.gapSendLinkUpdateEvent
                0x000000000000553e       0x84 D:\Word\Code\Gitcode\MRS_DATA\CH573EVT\EVT\EXAM\BLE\LIB\libCH57xBLE.a(gap.o)
                0x000000000000553e                gapSendLinkUpdateEvent
 .text.gapSendEstLinkEvent
                0x00000000000055c2       0xb8 D:\Word\Code\Gitcode\MRS_DATA\CH573EVT\EVT\EXAM\BLE\LIB\libCH57xBLE.a(gap.o)
                0x00000000000055c2                gapSendEstLinkEvent
 .text.gapProcessNewAddr
                0x000000000000567a       0x3e D:\Word\Code\Gitcode\MRS_DATA\CH573EVT\EVT\EXAM\BLE\LIB\libCH57xBLE.a(gap.o)
                0x000000000000567a                gapProcessNewAddr
 .text.gapProcessRandomAddrComplete
                0x00000000000056b8       0xb6 D:\Word\Code\Gitcode\MRS_DATA\CH573EVT\EVT\EXAM\BLE\LIB\libCH57xBLE.a(gap.o)
                0x00000000000056b8                gapProcessRandomAddrComplete
 .text.GAP_Authenticate
                0x000000000000576e       0xd2 D:\Word\Code\Gitcode\MRS_DATA\CH573EVT\EVT\EXAM\BLE\LIB\libCH57xBLE.a(gap.o)
                0x000000000000576e                GAP_Authenticate
 .text.GAP_Bond
                0x0000000000005840       0xa2 D:\Word\Code\Gitcode\MRS_DATA\CH573EVT\EVT\EXAM\BLE\LIB\libCH57xBLE.a(gap.o)
                0x0000000000005840                GAP_Bond
 .text.GAP_GetParamValue
                0x00000000000058e2       0x1e D:\Word\Code\Gitcode\MRS_DATA\CH573EVT\EVT\EXAM\BLE\LIB\libCH57xBLE.a(gap.o)
                0x00000000000058e2                GAP_GetParamValue
 .text.GAP_PasscodeUpdate
                0x0000000000005900       0x50 D:\Word\Code\Gitcode\MRS_DATA\CH573EVT\EVT\EXAM\BLE\LIB\libCH57xBLE.a(gap.o)
                0x0000000000005900                GAP_PasscodeUpdate
 .text.GAP_RegisterForMsgs
                0x0000000000005950        0x6 D:\Word\Code\Gitcode\MRS_DATA\CH573EVT\EVT\EXAM\BLE\LIB\libCH57xBLE.a(gap.o)
                0x0000000000005950                GAP_RegisterForMsgs
 .text.GAP_ResolvePrivateAddr
                0x0000000000005956        0x4 D:\Word\Code\Gitcode\MRS_DATA\CH573EVT\EVT\EXAM\BLE\LIB\libCH57xBLE.a(gap.o)
                0x0000000000005956                GAP_ResolvePrivateAddr
 .text.gapPairingCompleteCB
                0x000000000000595a      0x188 D:\Word\Code\Gitcode\MRS_DATA\CH573EVT\EVT\EXAM\BLE\LIB\libCH57xBLE.a(gap.o)
                0x000000000000595a                gapPairingCompleteCB
 .text.gapPasskeyNeededCB
                0x0000000000005ae2       0x8e D:\Word\Code\Gitcode\MRS_DATA\CH573EVT\EVT\EXAM\BLE\LIB\libCH57xBLE.a(gap.o)
                0x0000000000005ae2                gapPasskeyNeededCB
 .text.gapFreeEstLink
                0x0000000000005b70       0x20 D:\Word\Code\Gitcode\MRS_DATA\CH573EVT\EVT\EXAM\BLE\LIB\libCH57xBLE.a(gap.o)
                0x0000000000005b70                gapFreeEstLink
 .text.gapUpdateConnSignCounter
                0x0000000000005b90       0x7a D:\Word\Code\Gitcode\MRS_DATA\CH573EVT\EVT\EXAM\BLE\LIB\libCH57xBLE.a(gap.o)
                0x0000000000005b90                gapUpdateConnSignCounter
 .text.GAP_SendSlaveSecurityRequest
                0x0000000000005c0a       0x4c D:\Word\Code\Gitcode\MRS_DATA\CH573EVT\EVT\EXAM\BLE\LIB\libCH57xBLE.a(gap.o)
                0x0000000000005c0a                GAP_SendSlaveSecurityRequest
 .text.GAP_Signable
                0x0000000000005c56       0x66 D:\Word\Code\Gitcode\MRS_DATA\CH573EVT\EVT\EXAM\BLE\LIB\libCH57xBLE.a(gap.o)
                0x0000000000005c56                GAP_Signable
 .text.GAP_TerminateAuth
                0x0000000000005cbc       0x2a D:\Word\Code\Gitcode\MRS_DATA\CH573EVT\EVT\EXAM\BLE\LIB\libCH57xBLE.a(gap.o)
                0x0000000000005cbc                GAP_TerminateAuth
 .text.GAP_NumActiveConnections
                0x0000000000005ce6        0x4 D:\Word\Code\Gitcode\MRS_DATA\CH573EVT\EVT\EXAM\BLE\LIB\libCH57xBLE.a(gap.o)
                0x0000000000005ce6                GAP_NumActiveConnections
 .text.GAP_TerminateLinkReq
                0x0000000000005cea       0x8e D:\Word\Code\Gitcode\MRS_DATA\CH573EVT\EVT\EXAM\BLE\LIB\libCH57xBLE.a(gap.o)
                0x0000000000005cea                GAP_TerminateLinkReq
 .text.GAP_SetParamValue
                0x0000000000005d78       0x4a D:\Word\Code\Gitcode\MRS_DATA\CH573EVT\EVT\EXAM\BLE\LIB\libCH57xBLE.a(gap.o)
                0x0000000000005d78                GAP_SetParamValue
 .text.GAP_Init
                0x0000000000005dc2       0x44 D:\Word\Code\Gitcode\MRS_DATA\CH573EVT\EVT\EXAM\BLE\LIB\libCH57xBLE.a(gap.o)
                0x0000000000005dc2                GAP_Init
 .text.GAP_ProcessEvent
                0x0000000000005e06      0x57e D:\Word\Code\Gitcode\MRS_DATA\CH573EVT\EVT\EXAM\BLE\LIB\libCH57xBLE.a(gap.o)
                0x0000000000005e06                GAP_ProcessEvent
 .text.gapSendScanEnable
                0x0000000000006384       0x1e D:\Word\Code\Gitcode\MRS_DATA\CH573EVT\EVT\EXAM\BLE\LIB\libCH57xBLE.a(gap_central.o)
 .text.gapCentProcessConnEvt
                0x00000000000063a2      0x154 D:\Word\Code\Gitcode\MRS_DATA\CH573EVT\EVT\EXAM\BLE\LIB\libCH57xBLE.a(gap_central.o)
                0x00000000000063a2                gapCentProcessConnEvt
 .text.gapCancelLinkReq
                0x00000000000064f6       0x38 D:\Word\Code\Gitcode\MRS_DATA\CH573EVT\EVT\EXAM\BLE\LIB\libCH57xBLE.a(gap_central.o)
                0x00000000000064f6                gapCancelLinkReq
 .text.GAP_CentralParamInit
                0x000000000000652e       0x4c D:\Word\Code\Gitcode\MRS_DATA\CH573EVT\EVT\EXAM\BLE\LIB\libCH57xBLE.a(gap_central.o)
                0x000000000000652e                GAP_CentralParamInit
 .text.gapProcessAdvertDevInfo
                0x000000000000657a      0x23a D:\Word\Code\Gitcode\MRS_DATA\CH573EVT\EVT\EXAM\BLE\LIB\libCH57xBLE.a(gap_central.o)
                0x000000000000657a                gapProcessAdvertDevInfo
 .text.gapFreeScanRecs
                0x00000000000067b4       0xa2 D:\Word\Code\Gitcode\MRS_DATA\CH573EVT\EVT\EXAM\BLE\LIB\libCH57xBLE.a(gap_central.o)
                0x00000000000067b4                gapFreeScanRecs
 .text.gapSendDevDiscEvent
                0x0000000000006856      0x124 D:\Word\Code\Gitcode\MRS_DATA\CH573EVT\EVT\EXAM\BLE\LIB\libCH57xBLE.a(gap_central.o)
                0x0000000000006856                gapSendDevDiscEvent
 .text.gapSetScanParamStatus.part.2
                0x000000000000697a       0x40 D:\Word\Code\Gitcode\MRS_DATA\CH573EVT\EVT\EXAM\BLE\LIB\libCH57xBLE.a(gap_central.o)
 .text.gapCentProcessHCICmdEvt
                0x00000000000069ba       0x3c D:\Word\Code\Gitcode\MRS_DATA\CH573EVT\EVT\EXAM\BLE\LIB\libCH57xBLE.a(gap_central.o)
                0x00000000000069ba                gapCentProcessHCICmdEvt
 .text.gapProcessScanningEvt
                0x00000000000069f6      0x110 D:\Word\Code\Gitcode\MRS_DATA\CH573EVT\EVT\EXAM\BLE\LIB\libCH57xBLE.a(gap_central.o)
                0x00000000000069f6                gapProcessScanningEvt
 .text.gapProcessScanningDirectEvt
                0x0000000000006b06       0xfe D:\Word\Code\Gitcode\MRS_DATA\CH573EVT\EVT\EXAM\BLE\LIB\libCH57xBLE.a(gap_central.o)
                0x0000000000006b06                gapProcessScanningDirectEvt
 .text.GAP_CentConnRegister
                0x0000000000006c04       0x12 D:\Word\Code\Gitcode\MRS_DATA\CH573EVT\EVT\EXAM\BLE\LIB\libCH57xBLE.a(gap_central.o)
                0x0000000000006c04                GAP_CentConnRegister
 .text.GAP_CentDevMgrInit
                0x0000000000006c16       0x94 D:\Word\Code\Gitcode\MRS_DATA\CH573EVT\EVT\EXAM\BLE\LIB\libCH57xBLE.a(gap_central.o)
                0x0000000000006c16                GAP_CentDevMgrInit
 .text.gapFreeAdvertState
                0x0000000000006caa       0x20 D:\Word\Code\Gitcode\MRS_DATA\CH573EVT\EVT\EXAM\BLE\LIB\libCH57xBLE.a(gap_peripheral.o)
 .text.gapPeriProcessConnEvt
                0x0000000000006cca       0xbc D:\Word\Code\Gitcode\MRS_DATA\CH573EVT\EVT\EXAM\BLE\LIB\libCH57xBLE.a(gap_peripheral.o)
 .text.gapSetAdvParams
                0x0000000000006d86       0x7e D:\Word\Code\Gitcode\MRS_DATA\CH573EVT\EVT\EXAM\BLE\LIB\libCH57xBLE.a(gap_peripheral.o)
 .text.GAP_PeripheralParamInit
                0x0000000000006e04       0x4a D:\Word\Code\Gitcode\MRS_DATA\CH573EVT\EVT\EXAM\BLE\LIB\libCH57xBLE.a(gap_peripheral.o)
                0x0000000000006e04                GAP_PeripheralParamInit
 .text.gapSendMakeDiscEvent
                0x0000000000006e4e       0x50 D:\Word\Code\Gitcode\MRS_DATA\CH573EVT\EVT\EXAM\BLE\LIB\libCH57xBLE.a(gap_peripheral.o)
                0x0000000000006e4e                gapSendMakeDiscEvent
 .text.gapPeriProcessHCICmdCompleteEvt
                0x0000000000006e9e      0x192 D:\Word\Code\Gitcode\MRS_DATA\CH573EVT\EVT\EXAM\BLE\LIB\libCH57xBLE.a(gap_peripheral.o)
 .text.GAP_MakeDiscoverable
                0x0000000000007030       0xf0 D:\Word\Code\Gitcode\MRS_DATA\CH573EVT\EVT\EXAM\BLE\LIB\libCH57xBLE.a(gap_peripheral.o)
                0x0000000000007030                GAP_MakeDiscoverable
 .text.GAP_EndDiscoverable
                0x0000000000007120       0x5c D:\Word\Code\Gitcode\MRS_DATA\CH573EVT\EVT\EXAM\BLE\LIB\libCH57xBLE.a(gap_peripheral.o)
                0x0000000000007120                GAP_EndDiscoverable
 .text.gapProcessAdvertisingEvt
                0x000000000000717c       0x90 D:\Word\Code\Gitcode\MRS_DATA\CH573EVT\EVT\EXAM\BLE\LIB\libCH57xBLE.a(gap_peripheral.o)
 .text.GAP_UpdateAdvertisingData
                0x000000000000720c       0xb8 D:\Word\Code\Gitcode\MRS_DATA\CH573EVT\EVT\EXAM\BLE\LIB\libCH57xBLE.a(gap_peripheral.o)
                0x000000000000720c                GAP_UpdateAdvertisingData
 .text.GAP_PeriConnRegister
                0x00000000000072c4       0x2a D:\Word\Code\Gitcode\MRS_DATA\CH573EVT\EVT\EXAM\BLE\LIB\libCH57xBLE.a(gap_peripheral.o)
                0x00000000000072c4                GAP_PeriConnRegister
 .text.GAP_PeriDevMgrInit
                0x00000000000072ee       0xbc D:\Word\Code\Gitcode\MRS_DATA\CH573EVT\EVT\EXAM\BLE\LIB\libCH57xBLE.a(gap_peripheral.o)
                0x00000000000072ee                GAP_PeriDevMgrInit
 .text.ggs_SetAttrWPermit
                0x00000000000073aa       0x68 D:\Word\Code\Gitcode\MRS_DATA\CH573EVT\EVT\EXAM\BLE\LIB\libCH57xBLE.a(gapgattserver.o)
 .text.ggs_ReadAttrCB
                0x0000000000007412      0x152 D:\Word\Code\Gitcode\MRS_DATA\CH573EVT\EVT\EXAM\BLE\LIB\libCH57xBLE.a(gapgattserver.o)
 .text.ggs_WriteAttrCB
                0x0000000000007564      0x154 D:\Word\Code\Gitcode\MRS_DATA\CH573EVT\EVT\EXAM\BLE\LIB\libCH57xBLE.a(gapgattserver.o)
 .text.GGS_ParamInit
                0x00000000000076b8      0x23a D:\Word\Code\Gitcode\MRS_DATA\CH573EVT\EVT\EXAM\BLE\LIB\libCH57xBLE.a(gapgattserver.o)
                0x00000000000076b8                GGS_ParamInit
 .text.GGS_SetParameter
                0x00000000000078f2       0xde D:\Word\Code\Gitcode\MRS_DATA\CH573EVT\EVT\EXAM\BLE\LIB\libCH57xBLE.a(gapgattserver.o)
                0x00000000000078f2                GGS_SetParameter
 .text.GGS_AddService
                0x00000000000079d0       0x2c D:\Word\Code\Gitcode\MRS_DATA\CH573EVT\EVT\EXAM\BLE\LIB\libCH57xBLE.a(gapgattserver.o)
                0x00000000000079d0                GGS_AddService
 .text.GAP_DeviceInit
                0x00000000000079fc       0xd8 D:\Word\Code\Gitcode\MRS_DATA\CH573EVT\EVT\EXAM\BLE\LIB\libCH57xBLE.a(gapgattserver.o)
                0x00000000000079fc                GAP_DeviceInit
 .text.gattGetPayload
                0x0000000000007ad4       0x7e D:\Word\Code\Gitcode\MRS_DATA\CH573EVT\EVT\EXAM\BLE\LIB\libCH57xBLE.a(gatt.o)
                0x0000000000007ad4                gattGetPayload
 .text.gattNotifyEvent
                0x0000000000007b52       0x80 D:\Word\Code\Gitcode\MRS_DATA\CH573EVT\EVT\EXAM\BLE\LIB\libCH57xBLE.a(gatt.o)
                0x0000000000007b52                gattNotifyEvent
 .text.gattSendFlowCtrlEvt
                0x0000000000007bd2       0x4a D:\Word\Code\Gitcode\MRS_DATA\CH573EVT\EVT\EXAM\BLE\LIB\libCH57xBLE.a(gatt.o)
                0x0000000000007bd2                gattSendFlowCtrlEvt
 .text.gattStartTimer
                0x0000000000007c1c        0xc D:\Word\Code\Gitcode\MRS_DATA\CH573EVT\EVT\EXAM\BLE\LIB\libCH57xBLE.a(gatt.o)
                0x0000000000007c1c                gattStartTimer
 .text.gattStopTimer
                0x0000000000007c28       0x32 D:\Word\Code\Gitcode\MRS_DATA\CH573EVT\EVT\EXAM\BLE\LIB\libCH57xBLE.a(gatt.o)
                0x0000000000007c28                gattStopTimer
 .text.GATT_AppCompletedMsg
                0x0000000000007c5a       0x30 D:\Word\Code\Gitcode\MRS_DATA\CH573EVT\EVT\EXAM\BLE\LIB\libCH57xBLE.a(gatt.o)
                0x0000000000007c5a                GATT_AppCompletedMsg
 .text.GATT_NotifyEvent
                0x0000000000007c8a       0x4e D:\Word\Code\Gitcode\MRS_DATA\CH573EVT\EVT\EXAM\BLE\LIB\libCH57xBLE.a(gatt.o)
                0x0000000000007c8a                GATT_NotifyEvent
 .text.gattRegisterServer
                0x0000000000007cd8        0x6 D:\Word\Code\Gitcode\MRS_DATA\CH573EVT\EVT\EXAM\BLE\LIB\libCH57xBLE.a(gatt.o)
                0x0000000000007cd8                gattRegisterServer
 .text.GATT_UpdateMTU
                0x0000000000007cde       0x5c D:\Word\Code\Gitcode\MRS_DATA\CH573EVT\EVT\EXAM\BLE\LIB\libCH57xBLE.a(gatt.o)
                0x0000000000007cde                GATT_UpdateMTU
 .text.GATT_bm_alloc
                0x0000000000007d3a       0xea D:\Word\Code\Gitcode\MRS_DATA\CH573EVT\EVT\EXAM\BLE\LIB\libCH57xBLE.a(gatt.o)
                0x0000000000007d3a                GATT_bm_alloc
 .text.GATT_ServiceChangedInd
                0x0000000000007e24       0x94 D:\Word\Code\Gitcode\MRS_DATA\CH573EVT\EVT\EXAM\BLE\LIB\libCH57xBLE.a(gatt.o)
                0x0000000000007e24                GATT_ServiceChangedInd
 .text.GATT_bm_free
                0x0000000000007eb8       0x1c D:\Word\Code\Gitcode\MRS_DATA\CH573EVT\EVT\EXAM\BLE\LIB\libCH57xBLE.a(gatt.o)
                0x0000000000007eb8                GATT_bm_free
 .text.GATT_RegisterForPeriMsgs
                0x0000000000007ed4        0x6 D:\Word\Code\Gitcode\MRS_DATA\CH573EVT\EVT\EXAM\BLE\LIB\libCH57xBLE.a(gatt.o)
                0x0000000000007ed4                GATT_RegisterForPeriMsgs
 .text.GATT_Init
                0x0000000000007eda       0x30 D:\Word\Code\Gitcode\MRS_DATA\CH573EVT\EVT\EXAM\BLE\LIB\libCH57xBLE.a(gatt.o)
                0x0000000000007eda                GATT_Init
 .text.GATT_ProcessEvent
                0x0000000000007f0a      0x136 D:\Word\Code\Gitcode\MRS_DATA\CH573EVT\EVT\EXAM\BLE\LIB\libCH57xBLE.a(gatt.o)
                0x0000000000007f0a                GATT_ProcessEvent
 .text.gattProcessExchangeMTUReq
                0x0000000000008040        0x4 D:\Word\Code\Gitcode\MRS_DATA\CH573EVT\EVT\EXAM\BLE\LIB\libCH57xBLE.a(gattservapp.o)
 .text.gattServApp_FindCharCfgItem
                0x0000000000008044       0x20 D:\Word\Code\Gitcode\MRS_DATA\CH573EVT\EVT\EXAM\BLE\LIB\libCH57xBLE.a(gattservapp.o)
 .text.gattServerHandleTimerCB
                0x0000000000008064       0x3c D:\Word\Code\Gitcode\MRS_DATA\CH573EVT\EVT\EXAM\BLE\LIB\libCH57xBLE.a(gattservapp.o)
 .text.GATTServApp_InitCharCfg.part.12
                0x00000000000080a0       0x1c D:\Word\Code\Gitcode\MRS_DATA\CH573EVT\EVT\EXAM\BLE\LIB\libCH57xBLE.a(gattservapp.o)
 .text.gattProcessExecuteWriteReq
                0x00000000000080bc        0x4 D:\Word\Code\Gitcode\MRS_DATA\CH573EVT\EVT\EXAM\BLE\LIB\libCH57xBLE.a(gattservapp.o)
 .text.GATTServApp_ParamInit
                0x00000000000080c0       0xd6 D:\Word\Code\Gitcode\MRS_DATA\CH573EVT\EVT\EXAM\BLE\LIB\libCH57xBLE.a(gattservapp.o)
                0x00000000000080c0                GATTServApp_ParamInit
 .text.GATTServApp_ReadCharCfg
                0x0000000000008196       0x18 D:\Word\Code\Gitcode\MRS_DATA\CH573EVT\EVT\EXAM\BLE\LIB\libCH57xBLE.a(gattservapp.o)
                0x0000000000008196                GATTServApp_ReadCharCfg
 .text.GATTServApp_WriteCharCfg
                0x00000000000081ae       0x3c D:\Word\Code\Gitcode\MRS_DATA\CH573EVT\EVT\EXAM\BLE\LIB\libCH57xBLE.a(gattservapp.o)
                0x00000000000081ae                GATTServApp_WriteCharCfg
 .text.GATTServApp_ProcessCCCWriteReq
                0x00000000000081ea       0x60 D:\Word\Code\Gitcode\MRS_DATA\CH573EVT\EVT\EXAM\BLE\LIB\libCH57xBLE.a(gattservapp.o)
                0x00000000000081ea                GATTServApp_ProcessCCCWriteReq
 .text.gattServApp_WriteAttrCB
                0x000000000000824a       0x34 D:\Word\Code\Gitcode\MRS_DATA\CH573EVT\EVT\EXAM\BLE\LIB\libCH57xBLE.a(gattservapp.o)
                0x000000000000824a                gattServApp_WriteAttrCB
 .text.GATTServApp_SendCCCUpdatedEvent
                0x000000000000827e       0x5e D:\Word\Code\Gitcode\MRS_DATA\CH573EVT\EVT\EXAM\BLE\LIB\libCH57xBLE.a(gattservapp.o)
                0x000000000000827e                GATTServApp_SendCCCUpdatedEvent
 .text.GATTServApp_SendServiceChangedInd
                0x00000000000082dc       0x36 D:\Word\Code\Gitcode\MRS_DATA\CH573EVT\EVT\EXAM\BLE\LIB\libCH57xBLE.a(gattservapp.o)
                0x00000000000082dc                GATTServApp_SendServiceChangedInd
 .text.gattServApp_ClearPrepareWriteQ
                0x0000000000008312       0x4c D:\Word\Code\Gitcode\MRS_DATA\CH573EVT\EVT\EXAM\BLE\LIB\libCH57xBLE.a(gattservapp.o)
                0x0000000000008312                gattServApp_ClearPrepareWriteQ
 .text.gattServApp_FindPrepareWriteQ
                0x000000000000835e       0x2c D:\Word\Code\Gitcode\MRS_DATA\CH573EVT\EVT\EXAM\BLE\LIB\libCH57xBLE.a(gattservapp.o)
                0x000000000000835e                gattServApp_FindPrepareWriteQ
 .text.gattServApp_FindServiceCBs
                0x000000000000838a       0x18 D:\Word\Code\Gitcode\MRS_DATA\CH573EVT\EVT\EXAM\BLE\LIB\libCH57xBLE.a(gattservapp.o)
                0x000000000000838a                gattServApp_FindServiceCBs
 .text.gattServApp_FindAuthorizeAttrCB
                0x00000000000083a2       0x16 D:\Word\Code\Gitcode\MRS_DATA\CH573EVT\EVT\EXAM\BLE\LIB\libCH57xBLE.a(gattservapp.o)
                0x00000000000083a2                gattServApp_FindAuthorizeAttrCB
 .text.gattServApp_IsWriteLong
                0x00000000000083b8       0xe6 D:\Word\Code\Gitcode\MRS_DATA\CH573EVT\EVT\EXAM\BLE\LIB\libCH57xBLE.a(gattservapp.o)
                0x00000000000083b8                gattServApp_IsWriteLong
 .text.gattFindService
                0x000000000000849e       0x1c D:\Word\Code\Gitcode\MRS_DATA\CH573EVT\EVT\EXAM\BLE\LIB\libCH57xBLE.a(gattservapp.o)
                0x000000000000849e                gattFindService
 .text.GATT_ServiceNumAttrs
                0x00000000000084ba       0x18 D:\Word\Code\Gitcode\MRS_DATA\CH573EVT\EVT\EXAM\BLE\LIB\libCH57xBLE.a(gattservapp.o)
                0x00000000000084ba                GATT_ServiceNumAttrs
 .text.GATT_ServiceEncKeySize
                0x00000000000084d2       0x18 D:\Word\Code\Gitcode\MRS_DATA\CH573EVT\EVT\EXAM\BLE\LIB\libCH57xBLE.a(gattservapp.o)
                0x00000000000084d2                GATT_ServiceEncKeySize
 .text.GATT_VerifyWritePermissions.part.7
                0x00000000000084ea       0x2e D:\Word\Code\Gitcode\MRS_DATA\CH573EVT\EVT\EXAM\BLE\LIB\libCH57xBLE.a(gattservapp.o)
 .text.gattResetServerInfo
                0x0000000000008518       0x1c D:\Word\Code\Gitcode\MRS_DATA\CH573EVT\EVT\EXAM\BLE\LIB\libCH57xBLE.a(gattservapp.o)
                0x0000000000008518                gattResetServerInfo
 .text.gattFindServerInfo
                0x0000000000008534       0x28 D:\Word\Code\Gitcode\MRS_DATA\CH573EVT\EVT\EXAM\BLE\LIB\libCH57xBLE.a(gattservapp.o)
                0x0000000000008534                gattFindServerInfo
 .text.gattServerHandleConnStatusCB
                0x000000000000855c       0x98 D:\Word\Code\Gitcode\MRS_DATA\CH573EVT\EVT\EXAM\BLE\LIB\libCH57xBLE.a(gattservapp.o)
                0x000000000000855c                gattServerHandleConnStatusCB
 .text.gattServerProcessMsgCB
                0x00000000000085f4      0x1c0 D:\Word\Code\Gitcode\MRS_DATA\CH573EVT\EVT\EXAM\BLE\LIB\libCH57xBLE.a(gattservapp.o)
                0x00000000000085f4                gattServerProcessMsgCB
 .text.gattServerNotifyTxCB
                0x00000000000087b4       0x28 D:\Word\Code\Gitcode\MRS_DATA\CH573EVT\EVT\EXAM\BLE\LIB\libCH57xBLE.a(gattservapp.o)
 .text.GATT_FindHandle
                0x00000000000087dc       0x4a D:\Word\Code\Gitcode\MRS_DATA\CH573EVT\EVT\EXAM\BLE\LIB\libCH57xBLE.a(gattservapp.o)
                0x00000000000087dc                GATT_FindHandle
 .text.GATTServApp_WriteAttr
                0x0000000000008826       0xa8 D:\Word\Code\Gitcode\MRS_DATA\CH573EVT\EVT\EXAM\BLE\LIB\libCH57xBLE.a(gattservapp.o)
                0x0000000000008826                GATTServApp_WriteAttr
 .text.gattServApp_ProcessExecuteWriteReq
                0x00000000000088ce      0x100 D:\Word\Code\Gitcode\MRS_DATA\CH573EVT\EVT\EXAM\BLE\LIB\libCH57xBLE.a(gattservapp.o)
                0x00000000000088ce                gattServApp_ProcessExecuteWriteReq
 .text.GATTServApp_UpdateCharCfg
                0x00000000000089ce       0x1e D:\Word\Code\Gitcode\MRS_DATA\CH573EVT\EVT\EXAM\BLE\LIB\libCH57xBLE.a(gattservapp.o)
                0x00000000000089ce                GATTServApp_UpdateCharCfg
 .text.gattServApp_ProcessPrepareWriteReq
                0x00000000000089ec      0x10e D:\Word\Code\Gitcode\MRS_DATA\CH573EVT\EVT\EXAM\BLE\LIB\libCH57xBLE.a(gattservapp.o)
                0x00000000000089ec                gattServApp_ProcessPrepareWriteReq
 .text.gattServApp_ProcessWriteReq
                0x0000000000008afa       0xb0 D:\Word\Code\Gitcode\MRS_DATA\CH573EVT\EVT\EXAM\BLE\LIB\libCH57xBLE.a(gattservapp.o)
                0x0000000000008afa                gattServApp_ProcessWriteReq
 .text.GATT_Indication
                0x0000000000008baa       0xa4 D:\Word\Code\Gitcode\MRS_DATA\CH573EVT\EVT\EXAM\BLE\LIB\libCH57xBLE.a(gattservapp.o)
                0x0000000000008baa                GATT_Indication
 .text.GATT_FindHandleUUID
                0x0000000000008c4e       0x94 D:\Word\Code\Gitcode\MRS_DATA\CH573EVT\EVT\EXAM\BLE\LIB\libCH57xBLE.a(gattservapp.o)
                0x0000000000008c4e                GATT_FindHandleUUID
 .text.gattProcessReadByGrpTypeReq
                0x0000000000008ce2       0x60 D:\Word\Code\Gitcode\MRS_DATA\CH573EVT\EVT\EXAM\BLE\LIB\libCH57xBLE.a(gattservapp.o)
 .text.gattProcessReadByTypeReq
                0x0000000000008d42       0x34 D:\Word\Code\Gitcode\MRS_DATA\CH573EVT\EVT\EXAM\BLE\LIB\libCH57xBLE.a(gattservapp.o)
 .text.gattProcessFindByTypeValueReq
                0x0000000000008d76       0x34 D:\Word\Code\Gitcode\MRS_DATA\CH573EVT\EVT\EXAM\BLE\LIB\libCH57xBLE.a(gattservapp.o)
 .text.gattProcessFindInfoReq
                0x0000000000008daa      0x1aa D:\Word\Code\Gitcode\MRS_DATA\CH573EVT\EVT\EXAM\BLE\LIB\libCH57xBLE.a(gattservapp.o)
 .text.GATT_Notification
                0x0000000000008f54       0x70 D:\Word\Code\Gitcode\MRS_DATA\CH573EVT\EVT\EXAM\BLE\LIB\libCH57xBLE.a(gattservapp.o)
                0x0000000000008f54                GATT_Notification
 .text.GATT_VerifyWritePermissions
                0x0000000000008fc4       0x6a D:\Word\Code\Gitcode\MRS_DATA\CH573EVT\EVT\EXAM\BLE\LIB\libCH57xBLE.a(gattservapp.o)
                0x0000000000008fc4                GATT_VerifyWritePermissions
 .text.gattProcessWriteReq
                0x000000000000902e       0x36 D:\Word\Code\Gitcode\MRS_DATA\CH573EVT\EVT\EXAM\BLE\LIB\libCH57xBLE.a(gattservapp.o)
 .text.GATT_VerifyPrepareWritePermissions
                0x0000000000009064       0x56 D:\Word\Code\Gitcode\MRS_DATA\CH573EVT\EVT\EXAM\BLE\LIB\libCH57xBLE.a(gattservapp.o)
                0x0000000000009064                GATT_VerifyPrepareWritePermissions
 .text.gattProcessPrepareWriteReq
                0x00000000000090ba       0x36 D:\Word\Code\Gitcode\MRS_DATA\CH573EVT\EVT\EXAM\BLE\LIB\libCH57xBLE.a(gattservapp.o)
 .text.GATT_FindNextAttr
                0x00000000000090f0       0xc2 D:\Word\Code\Gitcode\MRS_DATA\CH573EVT\EVT\EXAM\BLE\LIB\libCH57xBLE.a(gattservapp.o)
                0x00000000000090f0                GATT_FindNextAttr
 .text.GATTServApp_ReadAttr
                0x00000000000091b2      0x2e2 D:\Word\Code\Gitcode\MRS_DATA\CH573EVT\EVT\EXAM\BLE\LIB\libCH57xBLE.a(gattservapp.o)
                0x00000000000091b2                GATTServApp_ReadAttr
 .text.gattServApp_ProcessReadMultiReq
                0x0000000000009494      0x16e D:\Word\Code\Gitcode\MRS_DATA\CH573EVT\EVT\EXAM\BLE\LIB\libCH57xBLE.a(gattservapp.o)
                0x0000000000009494                gattServApp_ProcessReadMultiReq
 .text.gattServApp_ProcessFindByTypeValueReq
                0x0000000000009602      0x19c D:\Word\Code\Gitcode\MRS_DATA\CH573EVT\EVT\EXAM\BLE\LIB\libCH57xBLE.a(gattservapp.o)
                0x0000000000009602                gattServApp_ProcessFindByTypeValueReq
 .text.GATT_VerifyReadPermissions
                0x000000000000979e       0x68 D:\Word\Code\Gitcode\MRS_DATA\CH573EVT\EVT\EXAM\BLE\LIB\libCH57xBLE.a(gattservapp.o)
                0x000000000000979e                GATT_VerifyReadPermissions
 .text.gattProcessReadMultiReq
                0x0000000000009806       0xae D:\Word\Code\Gitcode\MRS_DATA\CH573EVT\EVT\EXAM\BLE\LIB\libCH57xBLE.a(gattservapp.o)
 .text.gattProcessReadReq
                0x00000000000098b4       0x30 D:\Word\Code\Gitcode\MRS_DATA\CH573EVT\EVT\EXAM\BLE\LIB\libCH57xBLE.a(gattservapp.o)
 .text.gattServApp_ProcessReadByGrpTypeReq
                0x00000000000098e4      0x21c D:\Word\Code\Gitcode\MRS_DATA\CH573EVT\EVT\EXAM\BLE\LIB\libCH57xBLE.a(gattservapp.o)
                0x00000000000098e4                gattServApp_ProcessReadByGrpTypeReq
 .text.gattServApp_ProcessReadByTypeReq
                0x0000000000009b00      0x1ae D:\Word\Code\Gitcode\MRS_DATA\CH573EVT\EVT\EXAM\BLE\LIB\libCH57xBLE.a(gattservapp.o)
                0x0000000000009b00                gattServApp_ProcessReadByTypeReq
 .text.GATT_RegisterService
                0x0000000000009cae       0xfc D:\Word\Code\Gitcode\MRS_DATA\CH573EVT\EVT\EXAM\BLE\LIB\libCH57xBLE.a(gattservapp.o)
                0x0000000000009cae                GATT_RegisterService
 .text.GATTServApp_RegisterService
                0x0000000000009daa       0x8a D:\Word\Code\Gitcode\MRS_DATA\CH573EVT\EVT\EXAM\BLE\LIB\libCH57xBLE.a(gattservapp.o)
                0x0000000000009daa                GATTServApp_RegisterService
 .text.GATTServApp_AddService
                0x0000000000009e34       0x2c D:\Word\Code\Gitcode\MRS_DATA\CH573EVT\EVT\EXAM\BLE\LIB\libCH57xBLE.a(gattservapp.o)
                0x0000000000009e34                GATTServApp_AddService
 .text.GATTServApp_RegisterForMsg
                0x0000000000009e60        0x6 D:\Word\Code\Gitcode\MRS_DATA\CH573EVT\EVT\EXAM\BLE\LIB\libCH57xBLE.a(gattservapp.o)
                0x0000000000009e60                GATTServApp_RegisterForMsg
 .text.GATTServApp_InitCharCfg
                0x0000000000009e66       0x28 D:\Word\Code\Gitcode\MRS_DATA\CH573EVT\EVT\EXAM\BLE\LIB\libCH57xBLE.a(gattservapp.o)
                0x0000000000009e66                GATTServApp_InitCharCfg
 .text.gattServApp_HandleConnStatusCB
                0x0000000000009e8e       0x74 D:\Word\Code\Gitcode\MRS_DATA\CH573EVT\EVT\EXAM\BLE\LIB\libCH57xBLE.a(gattservapp.o)
                0x0000000000009e8e                gattServApp_HandleConnStatusCB
 .text.GATT_InitServer
                0x0000000000009f02       0xf6 D:\Word\Code\Gitcode\MRS_DATA\CH573EVT\EVT\EXAM\BLE\LIB\libCH57xBLE.a(gattservapp.o)
                0x0000000000009f02                GATT_InitServer
 .text.GATTServApp_Init
                0x0000000000009ff8       0x34 D:\Word\Code\Gitcode\MRS_DATA\CH573EVT\EVT\EXAM\BLE\LIB\libCH57xBLE.a(gattservapp.o)
                0x0000000000009ff8                GATTServApp_Init
 .text.GATTServApp_ProcessEvent
                0x000000000000a02c      0x366 D:\Word\Code\Gitcode\MRS_DATA\CH573EVT\EVT\EXAM\BLE\LIB\libCH57xBLE.a(gattservapp.o)
                0x000000000000a02c                GATTServApp_ProcessEvent
 .text.l2capAllocConnChannel
                0x000000000000a392       0xd8 D:\Word\Code\Gitcode\MRS_DATA\CH573EVT\EVT\EXAM\BLE\LIB\libCH57xBLE.a(l2cap.o)
                0x000000000000a392                l2capAllocConnChannel
 .text.l2capFindLocalCID
                0x000000000000a46a       0x2c D:\Word\Code\Gitcode\MRS_DATA\CH573EVT\EVT\EXAM\BLE\LIB\libCH57xBLE.a(l2cap.o)
                0x000000000000a46a                l2capFindLocalCID
 .text.l2capFindLocalId
                0x000000000000a496       0x30 D:\Word\Code\Gitcode\MRS_DATA\CH573EVT\EVT\EXAM\BLE\LIB\libCH57xBLE.a(l2cap.o)
                0x000000000000a496                l2capFindLocalId
 .text.l2capFindPsm
                0x000000000000a4c6       0x2c D:\Word\Code\Gitcode\MRS_DATA\CH573EVT\EVT\EXAM\BLE\LIB\libCH57xBLE.a(l2cap.o)
                0x000000000000a4c6                l2capFindPsm
 .text.l2capFindRemoteCID
                0x000000000000a4f2       0x3c D:\Word\Code\Gitcode\MRS_DATA\CH573EVT\EVT\EXAM\BLE\LIB\libCH57xBLE.a(l2cap.o)
                0x000000000000a4f2                l2capFindRemoteCID
 .text.l2capFreeChannel
                0x000000000000a52e       0x4a D:\Word\Code\Gitcode\MRS_DATA\CH573EVT\EVT\EXAM\BLE\LIB\libCH57xBLE.a(l2cap.o)
                0x000000000000a52e                l2capFreeChannel
 .text.l2capDisconnectChannel
                0x000000000000a578       0x28 D:\Word\Code\Gitcode\MRS_DATA\CH573EVT\EVT\EXAM\BLE\LIB\libCH57xBLE.a(l2cap.o)
                0x000000000000a578                l2capDisconnectChannel
 .text.l2capHandleTimerCB
                0x000000000000a5a0       0x2c D:\Word\Code\Gitcode\MRS_DATA\CH573EVT\EVT\EXAM\BLE\LIB\libCH57xBLE.a(l2cap.o)
                0x000000000000a5a0                l2capHandleTimerCB
 .text.l2capFreePendingPkt
                0x000000000000a5cc       0x58 D:\Word\Code\Gitcode\MRS_DATA\CH573EVT\EVT\EXAM\BLE\LIB\libCH57xBLE.a(l2cap.o)
                0x000000000000a5cc                l2capFreePendingPkt
 .text.l2capGetCoChannelInfo
                0x000000000000a624       0x7e D:\Word\Code\Gitcode\MRS_DATA\CH573EVT\EVT\EXAM\BLE\LIB\libCH57xBLE.a(l2cap.o)
                0x000000000000a624                l2capGetCoChannelInfo
 .text.l2capNumActiveChannnels
                0x000000000000a6a2       0x44 D:\Word\Code\Gitcode\MRS_DATA\CH573EVT\EVT\EXAM\BLE\LIB\libCH57xBLE.a(l2cap.o)
                0x000000000000a6a2                l2capNumActiveChannnels
 .text.l2capStartTimer
                0x000000000000a6e6       0x1a D:\Word\Code\Gitcode\MRS_DATA\CH573EVT\EVT\EXAM\BLE\LIB\libCH57xBLE.a(l2cap.o)
                0x000000000000a6e6                l2capStartTimer
 .text.l2capStopTimer
                0x000000000000a700       0x1e D:\Word\Code\Gitcode\MRS_DATA\CH573EVT\EVT\EXAM\BLE\LIB\libCH57xBLE.a(l2cap.o)
                0x000000000000a700                l2capStopTimer
 .text.l2capDisconnectAllChannels
                0x000000000000a71e       0xdc D:\Word\Code\Gitcode\MRS_DATA\CH573EVT\EVT\EXAM\BLE\LIB\libCH57xBLE.a(l2cap.o)
                0x000000000000a71e                l2capDisconnectAllChannels
 .text.l2capHandleConnStatusCB
                0x000000000000a7fa       0x3c D:\Word\Code\Gitcode\MRS_DATA\CH573EVT\EVT\EXAM\BLE\LIB\libCH57xBLE.a(l2cap.o)
                0x000000000000a7fa                l2capHandleConnStatusCB
 .text.l2capHandleRxError
                0x000000000000a836        0x6 D:\Word\Code\Gitcode\MRS_DATA\CH573EVT\EVT\EXAM\BLE\LIB\libCH57xBLE.a(l2cap.o)
                0x000000000000a836                l2capHandleRxError
 .text.L2CAP_GetMTU
                0x000000000000a83c        0x6 D:\Word\Code\Gitcode\MRS_DATA\CH573EVT\EVT\EXAM\BLE\LIB\libCH57xBLE.a(l2cap.o)
                0x000000000000a83c                L2CAP_GetMTU
 .text.L2CAP_HostNumCompletedPkts
                0x000000000000a842       0x28 D:\Word\Code\Gitcode\MRS_DATA\CH573EVT\EVT\EXAM\BLE\LIB\libCH57xBLE.a(l2cap.o)
                0x000000000000a842                L2CAP_HostNumCompletedPkts
 .text.L2CAP_ParseConnectReq
                0x000000000000a86a       0x5e D:\Word\Code\Gitcode\MRS_DATA\CH573EVT\EVT\EXAM\BLE\LIB\libCH57xBLE.a(l2cap.o)
                0x000000000000a86a                L2CAP_ParseConnectReq
 .text.L2CAP_ParseFlowCtrlCredit
                0x000000000000a8c8       0x2e D:\Word\Code\Gitcode\MRS_DATA\CH573EVT\EVT\EXAM\BLE\LIB\libCH57xBLE.a(l2cap.o)
                0x000000000000a8c8                L2CAP_ParseFlowCtrlCredit
 .text.L2CAP_RegisterApp
                0x000000000000a8f6       0x30 D:\Word\Code\Gitcode\MRS_DATA\CH573EVT\EVT\EXAM\BLE\LIB\libCH57xBLE.a(l2cap.o)
                0x000000000000a8f6                L2CAP_RegisterApp
 .text.L2CAP_SetBufSize
                0x000000000000a926       0x1e D:\Word\Code\Gitcode\MRS_DATA\CH573EVT\EVT\EXAM\BLE\LIB\libCH57xBLE.a(l2cap.o)
                0x000000000000a926                L2CAP_SetBufSize
 .text.L2CAP_bm_alloc
                0x000000000000a944       0x30 D:\Word\Code\Gitcode\MRS_DATA\CH573EVT\EVT\EXAM\BLE\LIB\libCH57xBLE.a(l2cap.o)
                0x000000000000a944                L2CAP_bm_alloc
 .text.L2CAP_Init
                0x000000000000a974      0x12e D:\Word\Code\Gitcode\MRS_DATA\CH573EVT\EVT\EXAM\BLE\LIB\libCH57xBLE.a(l2cap.o)
                0x000000000000a974                L2CAP_Init
 .text.L2CAP_ProcessEvent
                0x000000000000aaa2       0xc8 D:\Word\Code\Gitcode\MRS_DATA\CH573EVT\EVT\EXAM\BLE\LIB\libCH57xBLE.a(l2cap.o)
                0x000000000000aaa2                L2CAP_ProcessEvent
 .text.l2capParseCmdReject
                0x000000000000ab6a       0x5e D:\Word\Code\Gitcode\MRS_DATA\CH573EVT\EVT\EXAM\BLE\LIB\libCH57xBLE.a(l2cap_input.o)
                0x000000000000ab6a                l2capParseCmdReject
 .text.l2capParseDisconnectReq
                0x000000000000abc8       0x2e D:\Word\Code\Gitcode\MRS_DATA\CH573EVT\EVT\EXAM\BLE\LIB\libCH57xBLE.a(l2cap_input.o)
                0x000000000000abc8                l2capParseDisconnectReq
 .text.l2capParseDisconnectRsp
                0x000000000000abf6       0x2e D:\Word\Code\Gitcode\MRS_DATA\CH573EVT\EVT\EXAM\BLE\LIB\libCH57xBLE.a(l2cap_input.o)
                0x000000000000abf6                l2capParseDisconnectRsp
 .text.L2CAP_ParseParamUpdateReq
                0x000000000000ac24       0x4e D:\Word\Code\Gitcode\MRS_DATA\CH573EVT\EVT\EXAM\BLE\LIB\libCH57xBLE.a(l2cap_input.o)
                0x000000000000ac24                L2CAP_ParseParamUpdateReq
 .text.l2capParseParamUpdateRsp
                0x000000000000ac72       0x1e D:\Word\Code\Gitcode\MRS_DATA\CH573EVT\EVT\EXAM\BLE\LIB\libCH57xBLE.a(l2cap_input.o)
                0x000000000000ac72                l2capParseParamUpdateRsp
 .text.l2capProcessConnectReq
                0x000000000000ac90       0xfc D:\Word\Code\Gitcode\MRS_DATA\CH573EVT\EVT\EXAM\BLE\LIB\libCH57xBLE.a(l2cap_input.o)
                0x000000000000ac90                l2capProcessConnectReq
 .text.l2capParseConnectRsp
                0x000000000000ad8c       0x5e D:\Word\Code\Gitcode\MRS_DATA\CH573EVT\EVT\EXAM\BLE\LIB\libCH57xBLE.a(l2cap_input.o)
                0x000000000000ad8c                l2capParseConnectRsp
 .text.l2capParseSignalHdr
                0x000000000000adea       0x22 D:\Word\Code\Gitcode\MRS_DATA\CH573EVT\EVT\EXAM\BLE\LIB\libCH57xBLE.a(l2cap_input.o)
                0x000000000000adea                l2capParseSignalHdr
 .text.l2capParsePacket
                0x000000000000ae0c       0x8c D:\Word\Code\Gitcode\MRS_DATA\CH573EVT\EVT\EXAM\BLE\LIB\libCH57xBLE.a(l2cap_input.o)
                0x000000000000ae0c                l2capParsePacket
 .text.l2capProcessReq
                0x000000000000ae98      0x15a D:\Word\Code\Gitcode\MRS_DATA\CH573EVT\EVT\EXAM\BLE\LIB\libCH57xBLE.a(l2cap_input.o)
                0x000000000000ae98                l2capProcessReq
 .text.l2capProcessRsp
                0x000000000000aff2      0x150 D:\Word\Code\Gitcode\MRS_DATA\CH573EVT\EVT\EXAM\BLE\LIB\libCH57xBLE.a(l2cap_input.o)
                0x000000000000aff2                l2capProcessRsp
 .text.l2capProcessRxData
                0x000000000000b142       0xf8 D:\Word\Code\Gitcode\MRS_DATA\CH573EVT\EVT\EXAM\BLE\LIB\libCH57xBLE.a(l2cap_input.o)
                0x000000000000b142                l2capProcessRxData
 .text.l2capNotifyData
                0x000000000000b23a       0x5a D:\Word\Code\Gitcode\MRS_DATA\CH573EVT\EVT\EXAM\BLE\LIB\libCH57xBLE.a(l2cap_output.o)
                0x000000000000b23a                l2capNotifyData
 .text.l2capNotifySignal
                0x000000000000b294       0x76 D:\Word\Code\Gitcode\MRS_DATA\CH573EVT\EVT\EXAM\BLE\LIB\libCH57xBLE.a(l2cap_output.o)
                0x000000000000b294                l2capNotifySignal
 .text.l2capNotifyCreditEvt
                0x000000000000b30a       0x9c D:\Word\Code\Gitcode\MRS_DATA\CH573EVT\EVT\EXAM\BLE\LIB\libCH57xBLE.a(l2cap_output.o)
                0x000000000000b30a                l2capNotifyCreditEvt
 .text.l2capNotifyChannelEstEvt
                0x000000000000b3a6       0x58 D:\Word\Code\Gitcode\MRS_DATA\CH573EVT\EVT\EXAM\BLE\LIB\libCH57xBLE.a(l2cap_output.o)
                0x000000000000b3a6                l2capNotifyChannelEstEvt
 .text.l2capNotifyChannelTermEvt
                0x000000000000b3fe       0x3e D:\Word\Code\Gitcode\MRS_DATA\CH573EVT\EVT\EXAM\BLE\LIB\libCH57xBLE.a(l2cap_output.o)
                0x000000000000b3fe                l2capNotifyChannelTermEvt
 .text.l2capNotifyEvent
                0x000000000000b43c       0x66 D:\Word\Code\Gitcode\MRS_DATA\CH573EVT\EVT\EXAM\BLE\LIB\libCH57xBLE.a(l2cap_output.o)
                0x000000000000b43c                l2capNotifyEvent
 .text.l2capStoreFCPkt
                0x000000000000b4a2       0x32 D:\Word\Code\Gitcode\MRS_DATA\CH573EVT\EVT\EXAM\BLE\LIB\libCH57xBLE.a(l2cap_output.o)
                0x000000000000b4a2                l2capStoreFCPkt
 .text.l2capFreeTxSDU
                0x000000000000b4d4       0x9a D:\Word\Code\Gitcode\MRS_DATA\CH573EVT\EVT\EXAM\BLE\LIB\libCH57xBLE.a(l2cap_output.o)
                0x000000000000b4d4                l2capFreeTxSDU
 .text.l2capReassembleSegment
                0x000000000000b56e      0x174 D:\Word\Code\Gitcode\MRS_DATA\CH573EVT\EVT\EXAM\BLE\LIB\libCH57xBLE.a(l2cap_output.o)
                0x000000000000b56e                l2capReassembleSegment
 .text.l2capEncapSendData
                0x000000000000b6e2       0xec D:\Word\Code\Gitcode\MRS_DATA\CH573EVT\EVT\EXAM\BLE\LIB\libCH57xBLE.a(l2cap_output.o)
                0x000000000000b6e2                l2capEncapSendData
 .text.l2capSendFCPkt.part.3
                0x000000000000b7ce       0x70 D:\Word\Code\Gitcode\MRS_DATA\CH573EVT\EVT\EXAM\BLE\LIB\libCH57xBLE.a(l2cap_output.o)
 .text.l2capSendSegment
                0x000000000000b83e      0x108 D:\Word\Code\Gitcode\MRS_DATA\CH573EVT\EVT\EXAM\BLE\LIB\libCH57xBLE.a(l2cap_output.o)
                0x000000000000b83e                l2capSendSegment
 .text.l2capSendNextSegment
                0x000000000000b946       0xb4 D:\Word\Code\Gitcode\MRS_DATA\CH573EVT\EVT\EXAM\BLE\LIB\libCH57xBLE.a(l2cap_output.o)
                0x000000000000b946                l2capSendNextSegment
 .text.l2capSendPkt
                0x000000000000b9fa       0x3a D:\Word\Code\Gitcode\MRS_DATA\CH573EVT\EVT\EXAM\BLE\LIB\libCH57xBLE.a(l2cap_output.o)
                0x000000000000b9fa                l2capSendPkt
 .text.L2CAP_SendData
                0x000000000000ba34       0x82 D:\Word\Code\Gitcode\MRS_DATA\CH573EVT\EVT\EXAM\BLE\LIB\libCH57xBLE.a(l2cap_output.o)
                0x000000000000ba34                L2CAP_SendData
 .text.l2capSendCmd
                0x000000000000bab6       0x8a D:\Word\Code\Gitcode\MRS_DATA\CH573EVT\EVT\EXAM\BLE\LIB\libCH57xBLE.a(l2cap_output.o)
                0x000000000000bab6                l2capSendCmd
 .text.l2capSendReq
                0x000000000000bb40       0xbc D:\Word\Code\Gitcode\MRS_DATA\CH573EVT\EVT\EXAM\BLE\LIB\libCH57xBLE.a(l2cap_output.o)
                0x000000000000bb40                l2capSendReq
 .text.l2capBuildDisconnectReq
                0x000000000000bbfc       0x28 D:\Word\Code\Gitcode\MRS_DATA\CH573EVT\EVT\EXAM\BLE\LIB\libCH57xBLE.a(l2cap_sdu.o)
 .text.l2capBuildParamUpdateReq
                0x000000000000bc24       0x4c D:\Word\Code\Gitcode\MRS_DATA\CH573EVT\EVT\EXAM\BLE\LIB\libCH57xBLE.a(l2cap_sdu.o)
 .text.l2capBuildParamUpdateRsp
                0x000000000000bc70       0x16 D:\Word\Code\Gitcode\MRS_DATA\CH573EVT\EVT\EXAM\BLE\LIB\libCH57xBLE.a(l2cap_sdu.o)
 .text.l2capBuildConnectRsp
                0x000000000000bc86       0x5e D:\Word\Code\Gitcode\MRS_DATA\CH573EVT\EVT\EXAM\BLE\LIB\libCH57xBLE.a(l2cap_sdu.o)
 .text.l2capBuildCmdReject
                0x000000000000bce4       0x62 D:\Word\Code\Gitcode\MRS_DATA\CH573EVT\EVT\EXAM\BLE\LIB\libCH57xBLE.a(l2cap_sdu.o)
                0x000000000000bce4                l2capBuildCmdReject
 .text.l2capBuildDisconnectRsp
                0x000000000000bd46       0x28 D:\Word\Code\Gitcode\MRS_DATA\CH573EVT\EVT\EXAM\BLE\LIB\libCH57xBLE.a(l2cap_sdu.o)
                0x000000000000bd46                l2capBuildDisconnectRsp
 .text.l2capSendConnectRsp
                0x000000000000bd6e       0xa2 D:\Word\Code\Gitcode\MRS_DATA\CH573EVT\EVT\EXAM\BLE\LIB\libCH57xBLE.a(l2cap_sdu.o)
                0x000000000000bd6e                l2capSendConnectRsp
 .text.L2CAP_CmdReject
                0x000000000000be10       0x12 D:\Word\Code\Gitcode\MRS_DATA\CH573EVT\EVT\EXAM\BLE\LIB\libCH57xBLE.a(l2cap_sdu.o)
                0x000000000000be10                L2CAP_CmdReject
 .text.L2CAP_DisconnectReq
                0x000000000000be22       0x2a D:\Word\Code\Gitcode\MRS_DATA\CH573EVT\EVT\EXAM\BLE\LIB\libCH57xBLE.a(l2cap_sdu.o)
                0x000000000000be22                L2CAP_DisconnectReq
 .text.L2CAP_ConnParamUpdateReq
                0x000000000000be4c       0x16 D:\Word\Code\Gitcode\MRS_DATA\CH573EVT\EVT\EXAM\BLE\LIB\libCH57xBLE.a(l2cap_sdu.o)
                0x000000000000be4c                L2CAP_ConnParamUpdateReq
 .text.L2CAP_ConnParamUpdateRsp
                0x000000000000be62       0x12 D:\Word\Code\Gitcode\MRS_DATA\CH573EVT\EVT\EXAM\BLE\LIB\libCH57xBLE.a(l2cap_sdu.o)
                0x000000000000be62                L2CAP_ConnParamUpdateRsp
 .text.reportStatusChange
                0x000000000000be74       0x3e D:\Word\Code\Gitcode\MRS_DATA\CH573EVT\EVT\EXAM\BLE\LIB\libCH57xBLE.a(linkdb.o)
 .text.linkDB_Init
                0x000000000000beb2       0x88 D:\Word\Code\Gitcode\MRS_DATA\CH573EVT\EVT\EXAM\BLE\LIB\libCH57xBLE.a(linkdb.o)
                0x000000000000beb2                linkDB_Init
 .text.linkDB_Find
                0x000000000000bf3a       0x2c D:\Word\Code\Gitcode\MRS_DATA\CH573EVT\EVT\EXAM\BLE\LIB\libCH57xBLE.a(linkdb.o)
                0x000000000000bf3a                linkDB_Find
 .text.linkDB_Authen
                0x000000000000bf66       0x5c D:\Word\Code\Gitcode\MRS_DATA\CH573EVT\EVT\EXAM\BLE\LIB\libCH57xBLE.a(linkdb.o)
                0x000000000000bf66                linkDB_Authen
 .text.linkDB_FindByAddr
                0x000000000000bfc2       0x76 D:\Word\Code\Gitcode\MRS_DATA\CH573EVT\EVT\EXAM\BLE\LIB\libCH57xBLE.a(linkdb.o)
                0x000000000000bfc2                linkDB_FindByAddr
 .text.linkDB_FindFirst
                0x000000000000c038       0x38 D:\Word\Code\Gitcode\MRS_DATA\CH573EVT\EVT\EXAM\BLE\LIB\libCH57xBLE.a(linkdb.o)
                0x000000000000c038                linkDB_FindFirst
 .text.linkDB_MTU
                0x000000000000c070       0x18 D:\Word\Code\Gitcode\MRS_DATA\CH573EVT\EVT\EXAM\BLE\LIB\libCH57xBLE.a(linkdb.o)
                0x000000000000c070                linkDB_MTU
 .text.linkDB_NumActive
                0x000000000000c088       0x2e D:\Word\Code\Gitcode\MRS_DATA\CH573EVT\EVT\EXAM\BLE\LIB\libCH57xBLE.a(linkdb.o)
                0x000000000000c088                linkDB_NumActive
 .text.linkDB_NumConns
                0x000000000000c0b6        0x6 D:\Word\Code\Gitcode\MRS_DATA\CH573EVT\EVT\EXAM\BLE\LIB\libCH57xBLE.a(linkdb.o)
                0x000000000000c0b6                linkDB_NumConns
 .text.linkDB_Register
                0x000000000000c0bc       0x28 D:\Word\Code\Gitcode\MRS_DATA\CH573EVT\EVT\EXAM\BLE\LIB\libCH57xBLE.a(linkdb.o)
                0x000000000000c0bc                linkDB_Register
 .text.linkDB_Remove
                0x000000000000c0e4       0x48 D:\Word\Code\Gitcode\MRS_DATA\CH573EVT\EVT\EXAM\BLE\LIB\libCH57xBLE.a(linkdb.o)
                0x000000000000c0e4                linkDB_Remove
 .text.linkDB_Role
                0x000000000000c12c       0x18 D:\Word\Code\Gitcode\MRS_DATA\CH573EVT\EVT\EXAM\BLE\LIB\libCH57xBLE.a(linkdb.o)
                0x000000000000c12c                linkDB_Role
 .text.linkDB_State
                0x000000000000c144       0x30 D:\Word\Code\Gitcode\MRS_DATA\CH573EVT\EVT\EXAM\BLE\LIB\libCH57xBLE.a(linkdb.o)
                0x000000000000c144                linkDB_State
 .text.linkDB_UpdateMTU
                0x000000000000c174       0x28 D:\Word\Code\Gitcode\MRS_DATA\CH573EVT\EVT\EXAM\BLE\LIB\libCH57xBLE.a(linkdb.o)
                0x000000000000c174                linkDB_UpdateMTU
 .text.linkDB_PerformFunc
                0x000000000000c19c       0x52 D:\Word\Code\Gitcode\MRS_DATA\CH573EVT\EVT\EXAM\BLE\LIB\libCH57xBLE.a(linkdb.o)
                0x000000000000c19c                linkDB_PerformFunc
 .text.linkDB_PeripheralLinkNum
                0x000000000000c1ee       0x3e D:\Word\Code\Gitcode\MRS_DATA\CH573EVT\EVT\EXAM\BLE\LIB\libCH57xBLE.a(linkdb.o)
                0x000000000000c1ee                linkDB_PeripheralLinkNum
 .text.linkDB_GetSMEvtID
                0x000000000000c22c       0x58 D:\Word\Code\Gitcode\MRS_DATA\CH573EVT\EVT\EXAM\BLE\LIB\libCH57xBLE.a(linkdb.o)
                0x000000000000c22c                linkDB_GetSMEvtID
 .text.linkDB_Add
                0x000000000000c284       0xb2 D:\Word\Code\Gitcode\MRS_DATA\CH573EVT\EVT\EXAM\BLE\LIB\libCH57xBLE.a(linkdb.o)
                0x000000000000c284                linkDB_Add
 .text.linkDB_GetHandleFromSMEvtID
                0x000000000000c336       0x32 D:\Word\Code\Gitcode\MRS_DATA\CH573EVT\EVT\EXAM\BLE\LIB\libCH57xBLE.a(linkdb.o)
                0x000000000000c336                linkDB_GetHandleFromSMEvtID
 .text.linkDB_GetPairingParam
                0x000000000000c368       0x54 D:\Word\Code\Gitcode\MRS_DATA\CH573EVT\EVT\EXAM\BLE\LIB\libCH57xBLE.a(linkdb.o)
                0x000000000000c368                linkDB_GetPairingParam
 .text.linkDB_NeedSendKey
                0x000000000000c3bc       0x42 D:\Word\Code\Gitcode\MRS_DATA\CH573EVT\EVT\EXAM\BLE\LIB\libCH57xBLE.a(linkdb.o)
                0x000000000000c3bc                linkDB_NeedSendKey
 .text.smpBuildPairingFailed
                0x000000000000c3fe       0x1a D:\Word\Code\Gitcode\MRS_DATA\CH573EVT\EVT\EXAM\BLE\LIB\libCH57xBLE.a(sm.o)
                0x000000000000c3fe                smpBuildPairingFailed
 .text.SM_StartEncryption
                0x000000000000c418       0x98 D:\Word\Code\Gitcode\MRS_DATA\CH573EVT\EVT\EXAM\BLE\LIB\libCH57xBLE.a(sm.o)
                0x000000000000c418                SM_StartEncryption
 .text.smpBuildEncInfo
                0x000000000000c4b0       0x30 D:\Word\Code\Gitcode\MRS_DATA\CH573EVT\EVT\EXAM\BLE\LIB\libCH57xBLE.a(sm.o)
                0x000000000000c4b0                smpBuildEncInfo
 .text.smpBuildIdentityAddrInfo
                0x000000000000c4e0       0x3a D:\Word\Code\Gitcode\MRS_DATA\CH573EVT\EVT\EXAM\BLE\LIB\libCH57xBLE.a(sm.o)
                0x000000000000c4e0                smpBuildIdentityAddrInfo
 .text.smpBuildIdentityInfo
                0x000000000000c51a       0x30 D:\Word\Code\Gitcode\MRS_DATA\CH573EVT\EVT\EXAM\BLE\LIB\libCH57xBLE.a(sm.o)
                0x000000000000c51a                smpBuildIdentityInfo
 .text.smpBuildMasterID
                0x000000000000c54a       0x44 D:\Word\Code\Gitcode\MRS_DATA\CH573EVT\EVT\EXAM\BLE\LIB\libCH57xBLE.a(sm.o)
                0x000000000000c54a                smpBuildMasterID
 .text.smpBuildPairingConfirm
                0x000000000000c58e       0x30 D:\Word\Code\Gitcode\MRS_DATA\CH573EVT\EVT\EXAM\BLE\LIB\libCH57xBLE.a(sm.o)
                0x000000000000c58e                smpBuildPairingConfirm
 .text.smpBuildPairingRandom
                0x000000000000c5be       0x30 D:\Word\Code\Gitcode\MRS_DATA\CH573EVT\EVT\EXAM\BLE\LIB\libCH57xBLE.a(sm.o)
                0x000000000000c5be                smpBuildPairingRandom
 .text.smpBuildSigningInfo
                0x000000000000c5ee       0x30 D:\Word\Code\Gitcode\MRS_DATA\CH573EVT\EVT\EXAM\BLE\LIB\libCH57xBLE.a(sm.o)
                0x000000000000c5ee                smpBuildSigningInfo
 .text.SM_ParamInit
                0x000000000000c61e       0x5a D:\Word\Code\Gitcode\MRS_DATA\CH573EVT\EVT\EXAM\BLE\LIB\libCH57xBLE.a(sm.o)
                0x000000000000c61e                SM_ParamInit
 .text.smDetermineKeySize
                0x000000000000c678       0x20 D:\Word\Code\Gitcode\MRS_DATA\CH573EVT\EVT\EXAM\BLE\LIB\libCH57xBLE.a(sm.o)
                0x000000000000c678                smDetermineKeySize
 .text.smProcessRandComplete
                0x000000000000c698       0x9e D:\Word\Code\Gitcode\MRS_DATA\CH573EVT\EVT\EXAM\BLE\LIB\libCH57xBLE.a(sm.o)
                0x000000000000c698                smProcessRandComplete
 .text.smSavePairInfo
                0x000000000000c736      0x186 D:\Word\Code\Gitcode\MRS_DATA\CH573EVT\EVT\EXAM\BLE\LIB\libCH57xBLE.a(sm.o)
                0x000000000000c736                smSavePairInfo
 .text.smSetPairingReqRsp
                0x000000000000c8bc       0x38 D:\Word\Code\Gitcode\MRS_DATA\CH573EVT\EVT\EXAM\BLE\LIB\libCH57xBLE.a(sm.o)
                0x000000000000c8bc                smSetPairingReqRsp
 .text.smStartEncryption
                0x000000000000c8f4       0x16 D:\Word\Code\Gitcode\MRS_DATA\CH573EVT\EVT\EXAM\BLE\LIB\libCH57xBLE.a(sm.o)
                0x000000000000c8f4                smStartEncryption
 .text.smStartRspTimer
                0x000000000000c90a       0x36 D:\Word\Code\Gitcode\MRS_DATA\CH573EVT\EVT\EXAM\BLE\LIB\libCH57xBLE.a(sm.o)
                0x000000000000c90a                smStartRspTimer
 .text.smSendSMMsg
                0x000000000000c940       0x5c D:\Word\Code\Gitcode\MRS_DATA\CH573EVT\EVT\EXAM\BLE\LIB\libCH57xBLE.a(sm.o)
                0x000000000000c940                smSendSMMsg
 .text.smGenerateConfirm
                0x000000000000c99c       0x34 D:\Word\Code\Gitcode\MRS_DATA\CH573EVT\EVT\EXAM\BLE\LIB\libCH57xBLE.a(sm.o)
                0x000000000000c99c                smGenerateConfirm
 .text.smGenerateRandMsg
                0x000000000000c9d0       0x34 D:\Word\Code\Gitcode\MRS_DATA\CH573EVT\EVT\EXAM\BLE\LIB\libCH57xBLE.a(sm.o)
                0x000000000000c9d0                smGenerateRandMsg
 .text.smPairingSendEncInfo
                0x000000000000ca04       0x10 D:\Word\Code\Gitcode\MRS_DATA\CH573EVT\EVT\EXAM\BLE\LIB\libCH57xBLE.a(sm.o)
                0x000000000000ca04                smPairingSendEncInfo
 .text.smPairingSendIdentityAddrInfo
                0x000000000000ca14       0x38 D:\Word\Code\Gitcode\MRS_DATA\CH573EVT\EVT\EXAM\BLE\LIB\libCH57xBLE.a(sm.o)
                0x000000000000ca14                smPairingSendIdentityAddrInfo
 .text.smPairingSendIdentityInfo
                0x000000000000ca4c       0x10 D:\Word\Code\Gitcode\MRS_DATA\CH573EVT\EVT\EXAM\BLE\LIB\libCH57xBLE.a(sm.o)
                0x000000000000ca4c                smPairingSendIdentityInfo
 .text.smPairingSendMasterID
                0x000000000000ca5c       0x38 D:\Word\Code\Gitcode\MRS_DATA\CH573EVT\EVT\EXAM\BLE\LIB\libCH57xBLE.a(sm.o)
                0x000000000000ca5c                smPairingSendMasterID
 .text.smPairingSendSingingInfo
                0x000000000000ca94       0x10 D:\Word\Code\Gitcode\MRS_DATA\CH573EVT\EVT\EXAM\BLE\LIB\libCH57xBLE.a(sm.o)
                0x000000000000ca94                smPairingSendSingingInfo
 .text.smInitiatorSendNextKeyInfo
                0x000000000000caa4      0x1c2 D:\Word\Code\Gitcode\MRS_DATA\CH573EVT\EVT\EXAM\BLE\LIB\libCH57xBLE.a(sm.o)
                0x000000000000caa4                smInitiatorSendNextKeyInfo
 .text.smResponderSendNextKeyInfo
                0x000000000000cc66      0x216 D:\Word\Code\Gitcode\MRS_DATA\CH573EVT\EVT\EXAM\BLE\LIB\libCH57xBLE.a(sm.o)
                0x000000000000cc66                smResponderSendNextKeyInfo
 .text.smGeneratePairingReqRsp
                0x000000000000ce7c       0x3e D:\Word\Code\Gitcode\MRS_DATA\CH573EVT\EVT\EXAM\BLE\LIB\libCH57xBLE.a(sm.o)
                0x000000000000ce7c                smGeneratePairingReqRsp
 .text.smStopRspTimer
                0x000000000000ceba        0xa D:\Word\Code\Gitcode\MRS_DATA\CH573EVT\EVT\EXAM\BLE\LIB\libCH57xBLE.a(sm.o)
                0x000000000000ceba                smStopRspTimer
 .text.smFreePairingParams
                0x000000000000cec4       0x68 D:\Word\Code\Gitcode\MRS_DATA\CH573EVT\EVT\EXAM\BLE\LIB\libCH57xBLE.a(sm.o)
                0x000000000000cec4                smFreePairingParams
 .text.smEndPairing
                0x000000000000cf2c       0x5c D:\Word\Code\Gitcode\MRS_DATA\CH573EVT\EVT\EXAM\BLE\LIB\libCH57xBLE.a(sm.o)
                0x000000000000cf2c                smEndPairing
 .text.setupInitiatorKeys
                0x000000000000cf88       0x82 D:\Word\Code\Gitcode\MRS_DATA\CH573EVT\EVT\EXAM\BLE\LIB\libCH57xBLE.a(sm.o)
                0x000000000000cf88                setupInitiatorKeys
 .text.smNextPairingState
                0x000000000000d00a       0x56 D:\Word\Code\Gitcode\MRS_DATA\CH573EVT\EVT\EXAM\BLE\LIB\libCH57xBLE.a(sm.o)
                0x000000000000d00a                smNextPairingState
 .text.smProcessEncryptChange
                0x000000000000d060       0xde D:\Word\Code\Gitcode\MRS_DATA\CH573EVT\EVT\EXAM\BLE\LIB\libCH57xBLE.a(sm.o)
                0x000000000000d060                smProcessEncryptChange
 .text.smSendFailAndEnd
                0x000000000000d13e       0x38 D:\Word\Code\Gitcode\MRS_DATA\CH573EVT\EVT\EXAM\BLE\LIB\libCH57xBLE.a(sm.o)
                0x000000000000d13e                smSendFailAndEnd
 .text.smProcessPairingReq
                0x000000000000d176       0x3c D:\Word\Code\Gitcode\MRS_DATA\CH573EVT\EVT\EXAM\BLE\LIB\libCH57xBLE.a(sm.o)
                0x000000000000d176                smProcessPairingReq
 .text.smLinkCheck
                0x000000000000d1b2       0x34 D:\Word\Code\Gitcode\MRS_DATA\CH573EVT\EVT\EXAM\BLE\LIB\libCH57xBLE.a(sm.o)
                0x000000000000d1b2                smLinkCheck
 .text.smTimedOut
                0x000000000000d1e6       0x20 D:\Word\Code\Gitcode\MRS_DATA\CH573EVT\EVT\EXAM\BLE\LIB\libCH57xBLE.a(sm.o)
                0x000000000000d1e6                smTimedOut
 .text.smUint8ToAuthReq
                0x000000000000d206        0x6 D:\Word\Code\Gitcode\MRS_DATA\CH573EVT\EVT\EXAM\BLE\LIB\libCH57xBLE.a(sm.o)
                0x000000000000d206                smUint8ToAuthReq
 .text.sm_ah    0x000000000000d20c       0x80 D:\Word\Code\Gitcode\MRS_DATA\CH573EVT\EVT\EXAM\BLE\LIB\libCH57xBLE.a(sm.o)
                0x000000000000d20c                sm_ah
 .text.sm_xor   0x000000000000d28c       0x24 D:\Word\Code\Gitcode\MRS_DATA\CH573EVT\EVT\EXAM\BLE\LIB\libCH57xBLE.a(sm.o)
                0x000000000000d28c                sm_xor
 .text.sm_c1new
                0x000000000000d2b0      0x11c D:\Word\Code\Gitcode\MRS_DATA\CH573EVT\EVT\EXAM\BLE\LIB\libCH57xBLE.a(sm.o)
                0x000000000000d2b0                sm_c1new
 .text.sm_s1    0x000000000000d3cc       0x86 D:\Word\Code\Gitcode\MRS_DATA\CH573EVT\EVT\EXAM\BLE\LIB\libCH57xBLE.a(sm.o)
                0x000000000000d3cc                sm_s1
 .text.smResponderProcessLTKReq
                0x000000000000d452      0x1e6 D:\Word\Code\Gitcode\MRS_DATA\CH573EVT\EVT\EXAM\BLE\LIB\libCH57xBLE.a(sm.o)
                0x000000000000d452                smResponderProcessLTKReq
 .text.xor_128  0x000000000000d638       0x28 D:\Word\Code\Gitcode\MRS_DATA\CH573EVT\EVT\EXAM\BLE\LIB\libCH57xBLE.a(sm.o)
                0x000000000000d638                xor_128
 .text.leftshift_onebit
                0x000000000000d660       0x2e D:\Word\Code\Gitcode\MRS_DATA\CH573EVT\EVT\EXAM\BLE\LIB\libCH57xBLE.a(sm.o)
                0x000000000000d660                leftshift_onebit
 .text.padding  0x000000000000d68e       0x38 D:\Word\Code\Gitcode\MRS_DATA\CH573EVT\EVT\EXAM\BLE\LIB\libCH57xBLE.a(sm.o)
                0x000000000000d68e                padding
 .text.generate_subkey
                0x000000000000d6c6       0xd0 D:\Word\Code\Gitcode\MRS_DATA\CH573EVT\EVT\EXAM\BLE\LIB\libCH57xBLE.a(sm.o)
                0x000000000000d6c6                generate_subkey
 .text.sm_CMAC  0x000000000000d796      0x16e D:\Word\Code\Gitcode\MRS_DATA\CH573EVT\EVT\EXAM\BLE\LIB\libCH57xBLE.a(sm.o)
                0x000000000000d796                sm_CMAC
 .text.smpBuildPairingReqRsp
                0x000000000000d904       0xc6 D:\Word\Code\Gitcode\MRS_DATA\CH573EVT\EVT\EXAM\BLE\LIB\libCH57xBLE.a(sm.o)
                0x000000000000d904                smpBuildPairingReqRsp
 .text.smpBuildPairingReq
                0x000000000000d9ca        0xa D:\Word\Code\Gitcode\MRS_DATA\CH573EVT\EVT\EXAM\BLE\LIB\libCH57xBLE.a(sm.o)
                0x000000000000d9ca                smpBuildPairingReq