Archive member included to satisfy reference by file (symbol)

D:\Word\Code\Gitcode\MRS_DATA\CH573EVT\EVT\EXAM\SRC\StdPeriphDriver\libISP573.a(ISP573.o)
                              ./StdPeriphDriver/CH57x_flash.o (FLASH_EEPROM_CMD)
D:\Word\Code\Gitcode\MRS_DATA\CH573EVT\EVT\EXAM\BLE\LIB\libCH57xBLE.a(message.o)
                              ./HAL/MCU.o (tmos_msg_deallocate)
D:\Word\Code\Gitcode\MRS_DATA\CH573EVT\EVT\EXAM\BLE\LIB\libCH57xBLE.a(tmos.o)
                              ./Profile/devinfoservice.o (tmos_memcpy)
D:\Word\Code\Gitcode\MRS_DATA\CH573EVT\EVT\EXAM\BLE\LIB\libCH57xBLE.a(tmos_hw.o)
                              D:\Word\Code\Gitcode\MRS_DATA\CH573EVT\EVT\EXAM\BLE\LIB\libCH57xBLE.a(tmos.o) (RTC_Get32KClock)
D:\Word\Code\Gitcode\MRS_DATA\CH573EVT\EVT\EXAM\BLE\LIB\libCH57xBLE.a(tmos_snv.o)
                              D:\Word\Code\Gitcode\MRS_DATA\CH573EVT\EVT\EXAM\BLE\LIB\libCH57xBLE.a(tmos.o) (tmos_snv_init)
D:\Word\Code\Gitcode\MRS_DATA\CH573EVT\EVT\EXAM\BLE\LIB\libCH57xBLE.a(att.o)
                              ./APP/peripheral.o (ATT_GetMTU)
D:\Word\Code\Gitcode\MRS_DATA\CH573EVT\EVT\EXAM\BLE\LIB\libCH57xBLE.a(att_client.o)
                              D:\Word\Code\Gitcode\MRS_DATA\CH573EVT\EVT\EXAM\BLE\LIB\libCH57xBLE.a(att.o) (ATT_HandleValueConfirmation)
D:\Word\Code\Gitcode\MRS_DATA\CH573EVT\EVT\EXAM\BLE\LIB\libCH57xBLE.a(gap.o)
                              ./APP/peripheral.o (GAP_SetParamValue)
D:\Word\Code\Gitcode\MRS_DATA\CH573EVT\EVT\EXAM\BLE\LIB\libCH57xBLE.a(gap_central.o)
                              D:\Word\Code\Gitcode\MRS_DATA\CH573EVT\EVT\EXAM\BLE\LIB\libCH57xBLE.a(gap.o) (GAP_CentralParamInit)
D:\Word\Code\Gitcode\MRS_DATA\CH573EVT\EVT\EXAM\BLE\LIB\libCH57xBLE.a(gap_peripheral.o)
                              D:\Word\Code\Gitcode\MRS_DATA\CH573EVT\EVT\EXAM\BLE\LIB\libCH57xBLE.a(gap.o) (GAP_PeripheralParamInit)
D:\Word\Code\Gitcode\MRS_DATA\CH573EVT\EVT\EXAM\BLE\LIB\libCH57xBLE.a(gapgattserver.o)
                              ./APP/peripheral.o (GGS_SetParameter)
D:\Word\Code\Gitcode\MRS_DATA\CH573EVT\EVT\EXAM\BLE\LIB\libCH57xBLE.a(gatt.o)
                              ./APP/peripheral.o (GATT_bm_alloc)
D:\Word\Code\Gitcode\MRS_DATA\CH573EVT\EVT\EXAM\BLE\LIB\libCH57xBLE.a(gatt_uuid.o)
                              D:\Word\Code\Gitcode\MRS_DATA\CH573EVT\EVT\EXAM\BLE\LIB\libCH57xBLE.a(gatt.o) (serviceChangedUUID)
D:\Word\Code\Gitcode\MRS_DATA\CH573EVT\EVT\EXAM\BLE\LIB\libCH57xBLE.a(gattclientapp.o)
                              D:\Word\Code\Gitcode\MRS_DATA\CH573EVT\EVT\EXAM\BLE\LIB\libCH57xBLE.a(gatt.o) (gattGetClientStatus)
D:\Word\Code\Gitcode\MRS_DATA\CH573EVT\EVT\EXAM\BLE\LIB\libCH57xBLE.a(gattservapp.o)
                              ./APP/ble_uart_service/ble_uart_service_16bit.o (GATTServApp_ReadCharCfg)
D:\Word\Code\Gitcode\MRS_DATA\CH573EVT\EVT\EXAM\BLE\LIB\libCH57xBLE.a(l2cap.o)
                              D:\Word\Code\Gitcode\MRS_DATA\CH573EVT\EVT\EXAM\BLE\LIB\libCH57xBLE.a(att.o) (L2CAP_GetMTU)
D:\Word\Code\Gitcode\MRS_DATA\CH573EVT\EVT\EXAM\BLE\LIB\libCH57xBLE.a(l2cap_input.o)
                              D:\Word\Code\Gitcode\MRS_DATA\CH573EVT\EVT\EXAM\BLE\LIB\libCH57xBLE.a(l2cap.o) (l2capProcessRxData)
D:\Word\Code\Gitcode\MRS_DATA\CH573EVT\EVT\EXAM\BLE\LIB\libCH57xBLE.a(l2cap_output.o)
                              D:\Word\Code\Gitcode\MRS_DATA\CH573EVT\EVT\EXAM\BLE\LIB\libCH57xBLE.a(l2cap_input.o) (l2capNotifyData)
D:\Word\Code\Gitcode\MRS_DATA\CH573EVT\EVT\EXAM\BLE\LIB\libCH57xBLE.a(l2cap_sdu.o)
                              D:\Word\Code\Gitcode\MRS_DATA\CH573EVT\EVT\EXAM\BLE\LIB\libCH57xBLE.a(l2cap_input.o) (l2capBuildDisconnectRsp)
D:\Word\Code\Gitcode\MRS_DATA\CH573EVT\EVT\EXAM\BLE\LIB\libCH57xBLE.a(linkdb.o)
                              D:\Word\Code\Gitcode\MRS_DATA\CH573EVT\EVT\EXAM\BLE\LIB\libCH57xBLE.a(l2cap.o) (linkDB_Init)
D:\Word\Code\Gitcode\MRS_DATA\CH573EVT\EVT\EXAM\BLE\LIB\libCH57xBLE.a(sm.o)
                              D:\Word\Code\Gitcode\MRS_DATA\CH573EVT\EVT\EXAM\BLE\LIB\libCH57xBLE.a(gap.o) (smStartEncryption)
D:\Word\Code\Gitcode\MRS_DATA\CH573EVT\EVT\EXAM\BLE\LIB\libCH57xBLE.a(host_input.o)
                              D:\Word\Code\Gitcode\MRS_DATA\CH573EVT\EVT\EXAM\BLE\LIB\libCH57xBLE.a(gap.o) (gBleHostPara)
D:\Word\Code\Gitcode\MRS_DATA\CH573EVT\EVT\EXAM\BLE\LIB\libCH57xBLE.a(host_output.o)
                              D:\Word\Code\Gitcode\MRS_DATA\CH573EVT\EVT\EXAM\BLE\LIB\libCH57xBLE.a(gap.o) (HCI_DisconnectCmd)
D:\Word\Code\Gitcode\MRS_DATA\CH573EVT\EVT\EXAM\BLE\LIB\libCH57xBLE.a(ll_connect.o)
                              D:\Word\Code\Gitcode\MRS_DATA\CH573EVT\EVT\EXAM\BLE\LIB\libCH57xBLE.a(tmos.o) (LL_GetNextConnectEventTime)
D:\Word\Code\Gitcode\MRS_DATA\CH573EVT\EVT\EXAM\BLE\LIB\libCH57xBLE.a(ll_core.o)
                              D:\Word\Code\Gitcode\MRS_DATA\CH573EVT\EVT\EXAM\BLE\LIB\libCH57xBLE.a(ll_connect.o) (LL_CoreGetCore)
D:\Word\Code\Gitcode\MRS_DATA\CH573EVT\EVT\EXAM\BLE\LIB\libCH57xBLE.a(ll_hop.o)
[...]
Memory Configuration

Name             Origin             Length             Attributes
FLASH            0x0000000000000000 0x0000000000070000 xr
RAM              0x0000000020003800 0x0000000000004800 xrw
*default*        0x0000000000000000 0xffffffffffffffff

Linker script and memory map

LOAD ./StdPeriphDriver/CH57x_adc.o
LOAD ./StdPeriphDriver/CH57x_clk.o
LOAD ./StdPeriphDriver/CH57x_flash.o
LOAD ./StdPeriphDriver/CH57x_gpio.o
LOAD ./StdPeriphDriver/CH57x_pwr.o
LOAD ./StdPeriphDriver/CH57x_sys.o
LOAD ./StdPeriphDriver/CH57x_timer0.o
LOAD ./StdPeriphDriver/CH57x_uart1.o
LOAD ./StdPeriphDriver/CH57x_uart3.o
LOAD ./Startup/startup_CH573.o
LOAD ./RVMSIS/core_riscv.o
LOAD ./Profile/devinfoservice.o
LOAD ./HAL/MCU.o
LOAD ./HAL/RTC.o
LOAD ./HAL/SLEEP.o
LOAD ./APP/ble_uart_service/ble_uart_service_16bit.o
LOAD ./APP/app_drv_fifo/app_drv_fifo.o
LOAD ./APP/peripheral.o
LOAD ./APP/peripheral_main.o
LOAD D:\Word\Code\Gitcode\MRS_DATA\CH573EVT\EVT\EXAM\SRC\StdPeriphDriver\libISP573.a
LOAD D:\Word\Code\Gitcode\MRS_DATA\CH573EVT\EVT\EXAM\BLE\LIB\libCH57xBLE.a
LOAD f:/mounriver/mounriver_studio/toolchain/risc-v embedded gcc/bin/../lib/gcc/riscv-none-embed/8.2.0/rv32imac/ilp32\libgcc.a
LOAD f:/mounriver/mounriver_studio/toolchain/risc-v embedded gcc/bin/../lib/gcc/riscv-none-embed/8.2.0/../../../../riscv-none-embed/lib/rv32imac/ilp32\libg_nano.a
LOAD f:/mounriver/mounriver_studio/toolchain/risc-v embedded gcc/bin/../lib/gcc/riscv-none-embed/8.2.0/../../../../riscv-none-embed/lib/rv32imac/ilp32\libc_nano.a
LOAD f:/mounriver/mounriver_studio/toolchain/risc-v embedded gcc/bin/../lib/gcc/riscv-none-embed/8.2.0/rv32imac/ilp32\libgcc.a
START GROUP
LOAD f:/mounriver/mounriver_studio/toolchain/risc-v embedded gcc/bin/../lib/gcc/riscv-none-embed/8.2.0/rv32imac/ilp32\libgcc.a
LOAD f:/mounriver/mounriver_studio/toolchain/risc-v embedded gcc/bin/../lib/gcc/riscv-none-embed/8.2.0/../../../../riscv-none-embed/lib/rv32imac/ilp32\libc_nano.a
LOAD f:/mounriver/mounriver_studio/toolchain/risc-v embedded gcc/bin/../lib/gcc/riscv-none-embed/8.2.0/../../../../riscv-none-embed/lib/rv32imac/ilp32\libnosys.a
END GROUP
START GROUP
LOAD f:/mounriver/mounriver_studio/toolchain/risc-v embedded gcc/bin/../lib/gcc/riscv-none-embed/8.2.0/rv32imac/ilp32\libgcc.a
LOAD f:/mounriver/mounriver_studio/toolchain/risc-v embedded gcc/bin/../lib/gcc/riscv-none-embed/8.2.0/../../../../riscv-none-embed/lib/rv32imac/ilp32\libc_nano.a
LOAD f:/mounriver/mounriver_studio/toolchain/risc-v embedded gcc/bin/../lib/gcc/riscv-none-embed/8.2.0/../../../../riscv-none-embed/lib/rv32imac/ilp32\libnosys.a
END GROUP
                0x0000000000000200                __stack_size = 0x200
                [!provide]                        PROVIDE (_stack_size = __stack_size)

.init           0x0000000000000000        0x4
                0x0000000000000000                _sinit = .
                0x0000000000000000                . = ALIGN (0x4)
 *(SORT_NONE(.init))
 .init          0x0000000000000000        0x4 ./Startup/startup_CH573.o
                0x0000000000000000                _start
                0x0000000000000004                . = ALIGN (0x4)
                0x0000000000000004                _einit = .

.highcodelalign
                0x0000000000000004        0x0
                0x0000000000000004                . = ALIGN (0x4)
                0x0000000000000004                PROVIDE (_highcode_lma = .)

.highcode       0x0000000020003800     0x1234 load address 0x0000000000000004
                0x0000000020003800                . = ALIGN (0x4)
                0x0000000020003800                PROVIDE (_highcode_vma_start = .)
 *(.vector)
 .vector        0x0000000020003800       0x90 ./Startup/startup_CH573.o
 *(SORT_NONE(.vector_handler))
 .vector_handler
                0x0000000020003890       0x2c ./Startup/startup_CH573.o
                0x0000000020003890                NMI_Handler
                0x0000000020003894                SysTick_Handler
                0x0000000020003896                SW_Handler
                0x0000000020003898                TMR0_IRQHandler
                0x000000002000389a                GPIOA_IRQHandler
                0x000000002000389c                GPIOB_IRQHandler
                0x000000002000389e                SPI0_IRQHandler
                0x00000000200038a0                BB_IRQHandler
                0x00000000200038a2                LLE_IRQHandler
                0x00000000200038a4                USB_IRQHandler
                0x00000000200038a6                TMR1_IRQHandler
                0x00000000200038a8                TMR2_IRQHandler
                0x00000000200038aa                UART0_IRQHandler
                0x00000000200038ac                UART1_IRQHandler
                0x00000000200038b0                ADC_IRQHandler
                0x00000000200038b2                PWMX_IRQHandler
                0x00000000200038b4                TMR3_IRQHandler
                0x00000000200038b6                UART2_IRQHandler
                0x00000000200038ba                WDOG_BAT_IRQHandler
 *(.highcode)
 .highcode      0x00000000200038bc       0x4e ./StdPeriphDriver/CH57x_clk.o
                0x00000000200038bc                Get_Calibration_Cnt_RAM
 .highcode      0x000000002000390a      0x1d0 ./StdPeriphDriver/CH57x_sys.o
                0x000000002000390a                SetSysClock
                0x0000000020003a22                SYS_ResetExecute
                0x0000000020003a5e                HardFault_Handler
                0x0000000020003aa4                mDelayuS
                0x0000000020003ab2                mDelaymS
 .highcode      0x0000000020003ada       0x16 ./HAL/RTC.o
                0x0000000020003ada                RTC_IRQHandler
 .highcode      0x0000000020003af0       0x6a ./APP/peripheral.o
                0x0000000020003af0                UART3_IRQHandler
 .highcode      0x0000000020003b5a       0x10 ./APP/peripheral_main.o
                0x0000000020003b5a                Main_Circulation
 .highcode      0x0000000020003b6a      0x3fa D:\Word\Code\Gitcode\MRS_DATA\CH573EVT\EVT\EXAM\SRC\StdPeriphDriver\libISP573.a(ISP573.o)
                0x0000000020003b6a                FLASH_ROM_BEG
                0x0000000020003b7a                FLASH_ROM_END
                0x0000000020003b88                FLASH_ROM_IN
                0x0000000020003b96                FLASH_ROM_OUT
                0x0000000020003ba4                FLASH_ROM_ADDR
                0x0000000020003bec                FLASH_ROM_WAIT
                0x0000000020003c24                FLASH_EEPROM_CMD
 .highcode      0x0000000020003f64      0x230 D:\Word\Code\Gitcode\MRS_DATA\CH573EVT\EVT\EXAM\BLE\LIB\libCH57xBLE.a(tmos.o)
                0x0000000020003f80                tmos_memcpy
                0x0000000020003fa0                tmos_memcpy_word
                0x0000000020003fbc                TMOS_SystemProcess
 .highcode      0x0000000020004194       0xc2 D:\Word\Code\Gitcode\MRS_DATA\CH573EVT\EVT\EXAM\BLE\LIB\libCH57xBLE.a(tmos_hw.o)
                0x0000000020004194                BLE_GetHSEClock
                0x00000000200041d2                RTC_Get32KClock
                0x00000000200041ea                SYS_GetTickCount
 .highcode      0x0000000020004256      0x138 D:\Word\Code\Gitcode\MRS_DATA\CH573EVT\EVT\EXAM\BLE\LIB\libCH57xBLE.a(ll_connect.o)
                0x0000000020004256                ll_connect_process_data
                0x00000000200042a4                ll_connect_event_continue
 .highcode      0x000000002000438e      0x1c4 D:\Word\Code\Gitcode\MRS_DATA\CH573EVT\EVT\EXAM\BLE\LIB\libCH57xBLE.a(bb.o)
                0x000000002000438e                BB_IRQLibHandler
                0x0000000020004508                BB_IRQLibFunction
 .highcode      0x0000000020004552      0x156 D:\Word\Code\Gitcode\MRS_DATA\CH573EVT\EVT\EXAM\BLE\LIB\libCH57xBLE.a(ip.o)
                0x0000000020004552                ll_tx_wait_finish
                0x000000002000457e                ll_tx_wait_tx_dma_finish
                0x00000000200045b8                ll_rx_wait_finish
                0x00000000200045ee                ll_rx_wait_tx_dma_finish
                0x000000002000461e                ble_ll_chkcrc
 .highcode      0x00000000200046a8      0x1a4 D:\Word\Code\Gitcode\MRS_DATA\CH573EVT\EVT\EXAM\BLE\LIB\libCH57xBLE.a(lle.o)
                0x00000000200046a8                LLE_IRQLibHandler
                0x0000000020004802                LLE_IRQLibFunction
 .highcode      0x000000002000484c       0x82 D:\Word\Code\Gitcode\MRS_DATA\CH573EVT\EVT\EXAM\BLE\LIB\libCH57xBLE.a(rf_fh.o)
                0x000000002000484c                RF_HopGetChannel
 .highcode      0x00000000200048ce       0x2c D:\Word\Code\Gitcode\MRS_DATA\CH573EVT\EVT\EXAM\BLE\LIB\libCH57xBLE.a(rfend.o)
                0x00000000200048ce                RFEND_WaitTune
 .highcode      0x00000000200048fa      0x13a D:\Word\Code\Gitcode\MRS_DATA\CH573EVT\EVT\EXAM\BLE\LIB\libCH57xBLE.a(memory.o)
                0x00000000200048fa                tmos_memory_allocate
                0x0000000020004994                tmos_memory_free
 *(.highcode.*)
                0x0000000020004a34                . = ALIGN (0x4)
 *fill*         0x0000000020004a34        0x0 
                0x0000000020004a34                PROVIDE (_highcode_vma_end = .)

.text           0x0000000000001238    0x1c9f0
                0x0000000000001238                . = ALIGN (0x4)
 *(SORT_NONE(.handle_reset))
 .handle_reset  0x0000000000001238       0xce ./Startup/startup_CH573.o
                0x0000000000001238                handle_reset
 *(.text)
 .text          0x0000000000001306       0xa8 f:/mounriver/mounriver_studio/toolchain/risc-v embedded gcc/bin/../lib/gcc/riscv-none-embed/8.2.0/../../../../riscv-none-embed/lib/rv32imac/ilp32\libg_nano.a(lib_a-memset.o)
                0x0000000000001306                memset
 *(.text.*)
 .text.ADC_InterTSSampInit
                0x00000000000013ae       0x28 ./StdPeriphDriver/CH57x_adc.o
                0x00000000000013ae                ADC_InterTSSampInit
 .text.Calibration_LSI_FLASH
                0x00000000000013d6      0x290 ./StdPeriphDriver/CH57x_clk.o
                0x00000000000013d6                Calibration_LSI_FLASH
 .text.Calibration_LSI_RAM
                0x0000000000001666      0x246 ./StdPeriphDriver/CH57x_clk.o
                0x0000000000001666                Calibration_LSI_RAM
 .text.RTC_InitTime
                0x00000000000018ac      0x138 ./StdPeriphDriver/CH57x_clk.o
                0x00000000000018ac                RTC_InitTime
 .text.GPIOA_ModeCfg
                0x00000000000019e4       0xa6 ./StdPeriphDriver/CH57x_gpio.o
                0x00000000000019e4                GPIOA_ModeCfg
 .text.GPIOB_ModeCfg
                0x0000000000001a8a       0xa6 ./StdPeriphDriver/CH57x_gpio.o
                0x0000000000001a8a                GPIOB_ModeCfg
 .text.GetSysClock
                0x0000000000001b30       0x42 ./StdPeriphDriver/CH57x_sys.o
                0x0000000000001b30                GetSysClock
 .text.SYS_DisableAllIrq
                0x0000000000001b72       0x20 ./StdPeriphDriver/CH57x_sys.o
                0x0000000000001b72                SYS_DisableAllIrq
 .text.SYS_RecoverIrq
                0x0000000000001b92       0x14 ./StdPeriphDriver/CH57x_sys.o
                0x0000000000001b92                SYS_RecoverIrq
 .text.SYS_GetSysTickCnt
                0x0000000000001ba6        0xa ./StdPeriphDriver/CH57x_sys.o
                0x0000000000001ba6                SYS_GetSysTickCnt
 .text._write   0x0000000000001bb0       0x28 ./StdPeriphDriver/CH57x_sys.o
                0x0000000000001bb0                _write
 .text._sbrk    0x0000000000001bd8       0x34 ./StdPeriphDriver/CH57x_sys.o
                0x0000000000001bd8                _sbrk
 .text.UART1_BaudRateCfg
                0x0000000000001c0c       0x30 ./StdPeriphDriver/CH57x_uart1.o
                0x0000000000001c0c                UART1_BaudRateCfg
 .text.UART1_DefInit
                0x0000000000001c3c       0x32 ./StdPeriphDriver/CH57x_uart1.o
                0x0000000000001c3c                UART1_DefInit
 .text.UART1_SendString
                0x0000000000001c6e       0x28 ./StdPeriphDriver/CH57x_uart1.o
                0x0000000000001c6e                UART1_SendString
 .text.UART3_BaudRateCfg
                0x0000000000001c96       0x30 ./StdPeriphDriver/CH57x_uart3.o
                0x0000000000001c96                UART3_BaudRateCfg
 .text.UART3_DefInit
                0x0000000000001cc6       0x32 ./StdPeriphDriver/CH57x_uart3.o
                0x0000000000001cc6                UART3_DefInit
 .text.UART3_INTCfg
                0x0000000000001cf8       0x2a ./StdPeriphDriver/CH57x_uart3.o
                0x0000000000001cf8                UART3_INTCfg
 .text.devInfo_ReadAttrCB
                0x0000000000001d22      0x196 ./Profile/devinfoservice.o
 .text.DevInfo_AddService
                0x0000000000001eb8       0x18 ./Profile/devinfoservice.o
                0x0000000000001eb8                DevInfo_AddService
 .text.Lib_Calibration_LSI
                0x0000000000001ed0       0x30 ./HAL/MCU.o
                0x0000000000001ed0                Lib_Calibration_LSI
 .text.Lib_Read_Flash
                0x0000000000001f00       0x1c ./HAL/MCU.o
                0x0000000000001f00                Lib_Read_Flash
 .text.Lib_Write_Flash
                0x0000000000001f1c       0x40 ./HAL/MCU.o
                0x0000000000001f1c                Lib_Write_Flash
 .text.HAL_GetInterTempValue
                0x0000000000001f5c       0x72 ./HAL/MCU.o
                0x0000000000001f5c                HAL_GetInterTempValue
 .text.HAL_ProcessEvent
                0x0000000000001fce       0x7e ./HAL/MCU.o
                0x0000000000001fce                HAL_ProcessEvent
 .text.CH57X_BLEInit
                0x000000000000204c      0x12c ./HAL/MCU.o
                0x000000000000204c                CH57X_BLEInit
 .text.HAL_Init
                0x0000000000002178       0x34 ./HAL/MCU.o
                0x0000000000002178                HAL_Init
 .text.HAL_TimeInit
                0x00000000000021ac       0x66 ./HAL/RTC.o
                0x00000000000021ac                HAL_TimeInit
 .text.ble_uart_WriteAttrCB
                0x0000000000002212       0xba ./APP/ble_uart_service/ble_uart_service_16bit.o
 .text.ble_uart_ReadAttrCB
                0x00000000000022cc       0x5e ./APP/ble_uart_service/ble_uart_service_16bit.o
 .text.ble_uart_HandleConnStatusCB
                0x000000000000232a       0x3e ./APP/ble_uart_service/ble_uart_service_16bit.o
 .text.ble_uart_add_service
                0x0000000000002368       0x5a ./APP/ble_uart_service/ble_uart_service_16bit.o
                0x0000000000002368                ble_uart_add_service
 .text.ble_uart_notify_is_ready
                0x00000000000023c2       0x18 ./APP/ble_uart_service/ble_uart_service_16bit.o
                0x00000000000023c2                ble_uart_notify_is_ready
 .text.ble_uart_notify
                0x00000000000023da       0x46 ./APP/ble_uart_service/ble_uart_service_16bit.o
                0x00000000000023da                ble_uart_notify
 .text.app_drv_fifo_length
                0x0000000000002420       0x12 ./APP/app_drv_fifo/app_drv_fifo.o
                0x0000000000002420                app_drv_fifo_length
 .text.app_drv_fifo_init
                0x0000000000002432       0x26 ./APP/app_drv_fifo/app_drv_fifo.o
                0x0000000000002432                app_drv_fifo_init
 .text.app_drv_fifo_flush
                0x0000000000002458        0x6 ./APP/app_drv_fifo/app_drv_fifo.o
                0x0000000000002458                app_drv_fifo_flush
 .text.app_drv_fifo_write
                0x000000000000245e       0x72 ./APP/app_drv_fifo/app_drv_fifo.o
                0x000000000000245e                app_drv_fifo_write
 .text.app_drv_fifo_write_from_same_addr
                0x00000000000024d0       0x60 ./APP/app_drv_fifo/app_drv_fifo.o
                0x00000000000024d0                app_drv_fifo_write_from_same_addr
 .text.app_drv_fifo_read
                0x0000000000002530       0x62 ./APP/app_drv_fifo/app_drv_fifo.o
                0x0000000000002530                app_drv_fifo_read
 .text.app_drv_fifo_read_to_same_addr
                0x0000000000002592       0x4e ./APP/app_drv_fifo/app_drv_fifo.o
                0x0000000000002592                app_drv_fifo_read_to_same_addr
 .text.peripheralRssiCB
                0x00000000000025e0       0x12 ./APP/peripheral.o
 .text.peripheralParamUpdateCB
                0x00000000000025f2       0x30 ./APP/peripheral.o
 .text.Peripheral_LinkTerminated
                0x0000000000002622       0x44 ./APP/peripheral.o
 .text.Peripheral_ProcessEvent
                0x0000000000002666      0x1f8 ./APP/peripheral.o
                0x0000000000002666                Peripheral_ProcessEvent
 .text.peripheralStateNotificationCB
                0x000000000000285e      0x12a ./APP/peripheral.o
 .text.app_uart_process
                0x0000000000002988       0x50 ./APP/peripheral.o
                0x0000000000002988                app_uart_process
 .text.app_uart_init
                0x00000000000029d8       0x78 ./APP/peripheral.o
                0x00000000000029d8                app_uart_init
 .text.app_uart_tx_data
                0x0000000000002a50       0x1c ./APP/peripheral.o
                0x0000000000002a50                app_uart_tx_data
 .text.PERSON_BLE_UART_DATA_HANDLE
                0x0000000000002a6c       0x84 ./APP/peripheral.o
                0x0000000000002a6c                PERSON_BLE_UART_DATA_HANDLE
 .text.on_bleuartServiceEvt
                0x0000000000002af0       0x82 ./APP/peripheral.o
                0x0000000000002af0                on_bleuartServiceEvt
 .text.Peripheral_Init
                0x0000000000002b72      0x134 ./APP/peripheral.o
                0x0000000000002b72                Peripheral_Init
 .text.startup.main
                0x0000000000002ca6       0x52 ./APP/peripheral_main.o
                0x0000000000002ca6                main
 .text.tmos_msg_enqueue
                0x0000000000002cf8       0x1e D:\Word\Code\Gitcode\MRS_DATA\CH573EVT\EVT\EXAM\BLE\LIB\libCH57xBLE.a(message.o)
                0x0000000000002cf8                tmos_msg_enqueue
 .text.tmos_msg_deallocate
                0x0000000000002d16       0x2c D:\Word\Code\Gitcode\MRS_DATA\CH573EVT\EVT\EXAM\BLE\LIB\libCH57xBLE.a(message.o)
                0x0000000000002d16                tmos_msg_deallocate
 .text.tmos_msg_allocate
                0x0000000000002d42       0x3e D:\Word\Code\Gitcode\MRS_DATA\CH573EVT\EVT\EXAM\BLE\LIB\libCH57xBLE.a(message.o)
                0x0000000000002d42                tmos_msg_allocate
 .text.tmos_msg_receive
                0x0000000000002d80       0x68 D:\Word\Code\Gitcode\MRS_DATA\CH573EVT\EVT\EXAM\BLE\LIB\libCH57xBLE.a(message.o)
                0x0000000000002d80                tmos_msg_receive
 .text.tmos_msg_send
                0x0000000000002de8       0x56 D:\Word\Code\Gitcode\MRS_DATA\CH573EVT\EVT\EXAM\BLE\LIB\libCH57xBLE.a(message.o)
                0x0000000000002de8                tmos_msg_send
 .text.tmos_msg_init
                0x0000000000002e3e        0x6 D:\Word\Code\Gitcode\MRS_DATA\CH573EVT\EVT\EXAM\BLE\LIB\libCH57xBLE.a(message.o)
                0x0000000000002e3e                tmos_msg_init
 .text.tmosFindTask
                0x0000000000002e44       0x20 D:\Word\Code\Gitcode\MRS_DATA\CH573EVT\EVT\EXAM\BLE\LIB\libCH57xBLE.a(tmos.o)
 .text.TMOS_CbTimerProcessEvent
                0x0000000000002e64       0x7c D:\Word\Code\Gitcode\MRS_DATA\CH573EVT\EVT\EXAM\BLE\LIB\libCH57xBLE.a(tmos.o)
                0x0000000000002e64                TMOS_CbTimerProcessEvent
 .text.tmos_rand
                0x0000000000002ee0       0x54 D:\Word\Code\Gitcode\MRS_DATA\CH573EVT\EVT\EXAM\BLE\LIB\libCH57xBLE.a(tmos.o)
                0x0000000000002ee0                tmos_rand
 .text.tmos_query_sleep_time
                0x0000000000002f34      0x178 D:\Word\Code\Gitcode\MRS_DATA\CH573EVT\EVT\EXAM\BLE\LIB\libCH57xBLE.a(tmos.o)
                0x0000000000002f34                tmos_query_sleep_time
 .text.tmos_memset
                0x00000000000030ac       0x12 D:\Word\Code\Gitcode\MRS_DATA\CH573EVT\EVT\EXAM\BLE\LIB\libCH57xBLE.a(tmos.o)
                0x00000000000030ac                tmos_memset
 .text.tmos_strlen
                0x00000000000030be       0x14 D:\Word\Code\Gitcode\MRS_DATA\CH573EVT\EVT\EXAM\BLE\LIB\libCH57xBLE.a(tmos.o)
                0x00000000000030be                tmos_strlen
 .text.tmos_memdup
                0x00000000000030d2       0x3c D:\Word\Code\Gitcode\MRS_DATA\CH573EVT\EVT\EXAM\BLE\LIB\libCH57xBLE.a(tmos.o)
                0x00000000000030d2                tmos_memdup
 .text.tmos_memcmp
                0x000000000000310e       0x24 D:\Word\Code\Gitcode\MRS_DATA\CH573EVT\EVT\EXAM\BLE\LIB\libCH57xBLE.a(tmos.o)
                0x000000000000310e                tmos_memcmp
 .text.tmos_revmemcpy
                0x0000000000003132       0x1c D:\Word\Code\Gitcode\MRS_DATA\CH573EVT\EVT\EXAM\BLE\LIB\libCH57xBLE.a(tmos.o)
                0x0000000000003132                tmos_revmemcpy
 .text.tmos_isbufset
                0x000000000000314e       0x1e D:\Word\Code\Gitcode\MRS_DATA\CH573EVT\EVT\EXAM\BLE\LIB\libCH57xBLE.a(tmos.o)
                0x000000000000314e                tmos_isbufset
 .text.tmos_set_event
                0x000000000000316c       0x2a D:\Word\Code\Gitcode\MRS_DATA\CH573EVT\EVT\EXAM\BLE\LIB\libCH57xBLE.a(tmos.o)
                0x000000000000316c                tmos_set_event
 .text.tmos_query_system_time
                0x0000000000003196       0xce D:\Word\Code\Gitcode\MRS_DATA\CH573EVT\EVT\EXAM\BLE\LIB\libCH57xBLE.a(tmos.o)
                0x0000000000003196                tmos_query_system_time
 .text.tmos_clear_event
                0x0000000000003264       0x2e D:\Word\Code\Gitcode\MRS_DATA\CH573EVT\EVT\EXAM\BLE\LIB\libCH57xBLE.a(tmos.o)
                0x0000000000003264                tmos_clear_event
 .text.tmos_start_task
                0x0000000000003292       0x8e D:\Word\Code\Gitcode\MRS_DATA\CH573EVT\EVT\EXAM\BLE\LIB\libCH57xBLE.a(tmos.o)
                0x0000000000003292                tmos_start_task
 .text.tmos_start_callback_task
                0x0000000000003320       0xac D:\Word\Code\Gitcode\MRS_DATA\CH573EVT\EVT\EXAM\BLE\LIB\libCH57xBLE.a(tmos.o)
                0x0000000000003320                tmos_start_callback_task
 .text.tmos_start_reload_task
                0x00000000000033cc       0x30 D:\Word\Code\Gitcode\MRS_DATA\CH573EVT\EVT\EXAM\BLE\LIB\libCH57xBLE.a(tmos.o)
                0x00000000000033cc                tmos_start_reload_task
 .text.tmos_stop_task
                0x00000000000033fc       0x42 D:\Word\Code\Gitcode\MRS_DATA\CH573EVT\EVT\EXAM\BLE\LIB\libCH57xBLE.a(tmos.o)
                0x00000000000033fc                tmos_stop_task
 .text.tmos_stop_callback_task
                0x000000000000343e       0x5c D:\Word\Code\Gitcode\MRS_DATA\CH573EVT\EVT\EXAM\BLE\LIB\libCH57xBLE.a(tmos.o)
                0x000000000000343e                tmos_stop_callback_task
 .text.tmos_get_task_timer
                0x000000000000349a       0x16 D:\Word\Code\Gitcode\MRS_DATA\CH573EVT\EVT\EXAM\BLE\LIB\libCH57xBLE.a(tmos.o)
                0x000000000000349a                tmos_get_task_timer
 .text.tmos_update_callback_timer
                0x00000000000034b0       0x62 D:\Word\Code\Gitcode\MRS_DATA\CH573EVT\EVT\EXAM\BLE\LIB\libCH57xBLE.a(tmos.o)
                0x00000000000034b0                tmos_update_callback_timer
 .text.TMOS_Set32KTuneValue
                0x0000000000003512        0xa D:\Word\Code\Gitcode\MRS_DATA\CH573EVT\EVT\EXAM\BLE\LIB\libCH57xBLE.a(tmos.o)
                0x0000000000003512                TMOS_Set32KTuneValue
 .text.TMOS_TimerRegister
                0x000000000000351c       0x1a D:\Word\Code\Gitcode\MRS_DATA\CH573EVT\EVT\EXAM\BLE\LIB\libCH57xBLE.a(tmos.o)
                0x000000000000351c                TMOS_TimerRegister
 .text.TMOS_ProcessRegister
                0x0000000000003536       0x16 D:\Word\Code\Gitcode\MRS_DATA\CH573EVT\EVT\EXAM\BLE\LIB\libCH57xBLE.a(tmos.o)
                0x0000000000003536                TMOS_ProcessRegister
 .text.TMOS_Init
                0x000000000000354c       0xe6 D:\Word\Code\Gitcode\MRS_DATA\CH573EVT\EVT\EXAM\BLE\LIB\libCH57xBLE.a(tmos.o)
                0x000000000000354c                TMOS_Init
 .text.TMOS_ProcessEventRegister
                0x0000000000003632       0x38 D:\Word\Code\Gitcode\MRS_DATA\CH573EVT\EVT\EXAM\BLE\LIB\libCH57xBLE.a(tmos.o)
                0x0000000000003632                TMOS_ProcessEventRegister
 .text.BLE_LibInit
                0x000000000000366a      0x1aa D:\Word\Code\Gitcode\MRS_DATA\CH573EVT\EVT\EXAM\BLE\LIB\libCH57xBLE.a(tmos.o)
                0x000000000000366a                BLE_LibInit
 .text.ble_ll_common_rand8
                0x0000000000003814       0x24 D:\Word\Code\Gitcode\MRS_DATA\CH573EVT\EVT\EXAM\BLE\LIB\libCH57xBLE.a(tmos_hw.o)
                0x0000000000003814                ble_ll_common_rand8
 .text.ble_ll_common_rand16
                0x0000000000003838       0x24 D:\Word\Code\Gitcode\MRS_DATA\CH573EVT\EVT\EXAM\BLE\LIB\libCH57xBLE.a(tmos_hw.o)
                0x0000000000003838                ble_ll_common_rand16
 .text.ble_ll_common_rand32
                0x000000000000385c       0x20 D:\Word\Code\Gitcode\MRS_DATA\CH573EVT\EVT\EXAM\BLE\LIB\libCH57xBLE.a(tmos_hw.o)
                0x000000000000385c                ble_ll_common_rand32
 .text.ll_hw_temp_sample
                0x000000000000387c       0xc0 D:\Word\Code\Gitcode\MRS_DATA\CH573EVT\EVT\EXAM\BLE\LIB\libCH57xBLE.a(tmos_hw.o)
                0x000000000000387c                ll_hw_temp_sample
 .text.TMOS_TimerInit
                0x000000000000393c       0x5c D:\Word\Code\Gitcode\MRS_DATA\CH573EVT\EVT\EXAM\BLE\LIB\libCH57xBLE.a(tmos_hw.o)
                0x000000000000393c                TMOS_TimerInit
 .text.tmos_snv_init
                0x0000000000003998       0xbc D:\Word\Code\Gitcode\MRS_DATA\CH573EVT\EVT\EXAM\BLE\LIB\libCH57xBLE.a(tmos_snv.o)
                0x0000000000003998                tmos_snv_init
 .text.tmos_snv_clear
                0x0000000000003a54       0xae D:\Word\Code\Gitcode\MRS_DATA\CH573EVT\EVT\EXAM\BLE\LIB\libCH57xBLE.a(tmos_snv.o)
                0x0000000000003a54                tmos_snv_clear
 .text.tmos_snv_read
                0x0000000000003b02      0x292 D:\Word\Code\Gitcode\MRS_DATA\CH573EVT\EVT\EXAM\BLE\LIB\libCH57xBLE.a(tmos_snv.o)
                0x0000000000003b02                tmos_snv_read
 .text.tmos_snv_notify
                0x0000000000003d94       0x5a D:\Word\Code\Gitcode\MRS_DATA\CH573EVT\EVT\EXAM\BLE\LIB\libCH57xBLE.a(tmos_snv.o)
                0x0000000000003d94                tmos_snv_notify
 .text.tmos_snv_write
                0x0000000000003dee      0x2ce D:\Word\Code\Gitcode\MRS_DATA\CH573EVT\EVT\EXAM\BLE\LIB\libCH57xBLE.a(tmos_snv.o)
                0x0000000000003dee                tmos_snv_write
 .text.tmos_snv_compact
                0x00000000000040bc        0x4 D:\Word\Code\Gitcode\MRS_DATA\CH573EVT\EVT\EXAM\BLE\LIB\libCH57xBLE.a(tmos_snv.o)
                0x00000000000040bc                tmos_snv_compact
 .text.ATT_BuildErrorRsp
                0x00000000000040c0       0x26 D:\Word\Code\Gitcode\MRS_DATA\CH573EVT\EVT\EXAM\BLE\LIB\libCH57xBLE.a(att.o)
                0x00000000000040c0                ATT_BuildErrorRsp
 .text.ATT_ParamInit
                0x00000000000040e6        0xa D:\Word\Code\Gitcode\MRS_DATA\CH573EVT\EVT\EXAM\BLE\LIB\libCH57xBLE.a(att.o)
                0x00000000000040e6                ATT_ParamInit
 .text.ATT_ConvertUUIDto128
                0x00000000000040f0       0x46 D:\Word\Code\Gitcode\MRS_DATA\CH573EVT\EVT\EXAM\BLE\LIB\libCH57xBLE.a(att.o)
                0x00000000000040f0                ATT_ConvertUUIDto128
 .text.ATT_CompareUUID
                0x0000000000004136       0x62 D:\Word\Code\Gitcode\MRS_DATA\CH573EVT\EVT\EXAM\BLE\LIB\libCH57xBLE.a(att.o)
                0x0000000000004136                ATT_CompareUUID
 .text.ATT_RegisterServer
                0x0000000000004198        0x6 D:\Word\Code\Gitcode\MRS_DATA\CH573EVT\EVT\EXAM\BLE\LIB\libCH57xBLE.a(att.o)
                0x0000000000004198                ATT_RegisterServer
 .text.ATT_ParsePacket
                0x000000000000419e       0x94 D:\Word\Code\Gitcode\MRS_DATA\CH573EVT\EVT\EXAM\BLE\LIB\libCH57xBLE.a(att.o)
                0x000000000000419e                ATT_ParsePacket
 .text.ATT_UpdateMTU
                0x0000000000004232       0x3c D:\Word\Code\Gitcode\MRS_DATA\CH573EVT\EVT\EXAM\BLE\LIB\libCH57xBLE.a(att.o)
                0x0000000000004232                ATT_UpdateMTU
 .text.ATT_GetMTU
                0x000000000000426e       0x1e D:\Word\Code\Gitcode\MRS_DATA\CH573EVT\EVT\EXAM\BLE\LIB\libCH57xBLE.a(att.o)
                0x000000000000426e                ATT_GetMTU
 .text.attSendMsg
                0x000000000000428c       0xb6 D:\Word\Code\Gitcode\MRS_DATA\CH573EVT\EVT\EXAM\BLE\LIB\libCH57xBLE.a(att.o)
                0x000000000000428c                attSendMsg
 .text.attSendRspMsg
                0x0000000000004342       0x46 D:\Word\Code\Gitcode\MRS_DATA\CH573EVT\EVT\EXAM\BLE\LIB\libCH57xBLE.a(att.o)
                0x0000000000004342                attSendRspMsg
 .text.ATT_ErrorRsp
                0x0000000000004388       0x10 D:\Word\Code\Gitcode\MRS_DATA\CH573EVT\EVT\EXAM\BLE\LIB\libCH57xBLE.a(att.o)
                0x0000000000004388                ATT_ErrorRsp
 .text.disconnectNext
                0x0000000000004398       0x22 D:\Word\Code\Gitcode\MRS_DATA\CH573EVT\EVT\EXAM\BLE\LIB\libCH57xBLE.a(gap.o)
 .text.GAP_ParamInit
                0x00000000000043ba       0x88 D:\Word\Code\Gitcode\MRS_DATA\CH573EVT\EVT\EXAM\BLE\LIB\libCH57xBLE.a(gap.o)
                0x00000000000043ba                GAP_ParamInit
 .text.sendTerminateEvent
                0x0000000000004442       0x58 D:\Word\Code\Gitcode\MRS_DATA\CH573EVT\EVT\EXAM\BLE\LIB\libCH57xBLE.a(gap.o)
                0x0000000000004442                sendTerminateEvent
 .text.gapRegisterCentral
                0x000000000000449a        0x6 D:\Word\Code\Gitcode\MRS_DATA\CH573EVT\EVT\EXAM\BLE\LIB\libCH57xBLE.a(gap.o)
                0x000000000000449a                gapRegisterCentral
 .text.gapRegisterCentralConn
                0x00000000000044a0        0x6 D:\Word\Code\Gitcode\MRS_DATA\CH573EVT\EVT\EXAM\BLE\LIB\libCH57xBLE.a(gap.o)
                0x00000000000044a0                gapRegisterCentralConn
 .text.gapRegisterPeripheral
                0x00000000000044a6        0x6 D:\Word\Code\Gitcode\MRS_DATA\CH573EVT\EVT\EXAM\BLE\LIB\libCH57xBLE.a(gap.o)
                0x00000000000044a6                gapRegisterPeripheral
 .text.gapRegisterPeripheralConn
                0x00000000000044ac        0x6 D:\Word\Code\Gitcode\MRS_DATA\CH573EVT\EVT\EXAM\BLE\LIB\libCH57xBLE.a(gap.o)
                0x00000000000044ac                gapRegisterPeripheralConn
 .text.smGenerateRandBuf
                0x00000000000044b2       0x56 D:\Word\Code\Gitcode\MRS_DATA\CH573EVT\EVT\EXAM\BLE\LIB\libCH57xBLE.a(gap.o)
                0x00000000000044b2                smGenerateRandBuf
 .text.gapL2capConnParamUpdateReq
                0x0000000000004508       0x32 D:\Word\Code\Gitcode\MRS_DATA\CH573EVT\EVT\EXAM\BLE\LIB\libCH57xBLE.a(gap.o)
                0x0000000000004508                gapL2capConnParamUpdateReq
 .text.gapValidADType
                0x000000000000453a       0x16 D:\Word\Code\Gitcode\MRS_DATA\CH573EVT\EVT\EXAM\BLE\LIB\libCH57xBLE.a(gap.o)
                0x000000000000453a                gapValidADType
 .text.gapFindADType
                0x0000000000004550       0x8e D:\Word\Code\Gitcode\MRS_DATA\CH573EVT\EVT\EXAM\BLE\LIB\libCH57xBLE.a(gap.o)
                0x0000000000004550                gapFindADType
 .text.GAP_SecParamsInit
                0x00000000000045de       0x9a D:\Word\Code\Gitcode\MRS_DATA\CH573EVT\EVT\EXAM\BLE\LIB\libCH57xBLE.a(gap.o)
                0x00000000000045de                GAP_SecParamsInit
 .text.GAP_ParamsInit
                0x0000000000004678       0x48 D:\Word\Code\Gitcode\MRS_DATA\CH573EVT\EVT\EXAM\BLE\LIB\libCH57xBLE.a(gap.o)
                0x0000000000004678                GAP_ParamsInit
 .text.gapAddAddrAdj
                0x00000000000046c0       0x48 D:\Word\Code\Gitcode\MRS_DATA\CH573EVT\EVT\EXAM\BLE\LIB\libCH57xBLE.a(gap.o)
                0x00000000000046c0                gapAddAddrAdj
 .text.gapDetermineAddrType
                0x0000000000004708       0x28 D:\Word\Code\Gitcode\MRS_DATA\CH573EVT\EVT\EXAM\BLE\LIB\libCH57xBLE.a(gap.o)
                0x0000000000004708                gapDetermineAddrType
 .text.gapFreeAuthLink
                0x0000000000004730       0x4a D:\Word\Code\Gitcode\MRS_DATA\CH573EVT\EVT\EXAM\BLE\LIB\libCH57xBLE.a(gap.o)
                0x0000000000004730                gapFreeAuthLink
 .text.gapGetDevAddress
                0x000000000000477a       0x24 D:\Word\Code\Gitcode\MRS_DATA\CH573EVT\EVT\EXAM\BLE\LIB\libCH57xBLE.a(gap.o)
                0x000000000000477a                gapGetDevAddress
 .text.gapGetDevAddressMode
                0x000000000000479e        0xa D:\Word\Code\Gitcode\MRS_DATA\CH573EVT\EVT\EXAM\BLE\LIB\libCH57xBLE.a(gap.o)
                0x000000000000479e                gapGetDevAddressMode
 .text.gapGetIRK
                0x00000000000047a8        0xc D:\Word\Code\Gitcode\MRS_DATA\CH573EVT\EVT\EXAM\BLE\LIB\libCH57xBLE.a(gap.o)
                0x00000000000047a8                gapGetIRK
 .text.gapGetSRK
                0x00000000000047b4        0xc D:\Word\Code\Gitcode\MRS_DATA\CH573EVT\EVT\EXAM\BLE\LIB\libCH57xBLE.a(gap.o)
                0x00000000000047b4                gapGetSRK
 .text.gapGetSignCounter
                0x00000000000047c0        0xe D:\Word\Code\Gitcode\MRS_DATA\CH573EVT\EVT\EXAM\BLE\LIB\libCH57xBLE.a(gap.o)
                0x00000000000047c0                gapGetSignCounter
 .text.gapIncSignCounter
                0x00000000000047ce       0x28 D:\Word\Code\Gitcode\MRS_DATA\CH573EVT\EVT\EXAM\BLE\LIB\libCH57xBLE.a(gap.o)
                0x00000000000047ce                gapIncSignCounter
 .text.gapProcessConnEvt
                0x00000000000047f6       0x48 D:\Word\Code\Gitcode\MRS_DATA\CH573EVT\EVT\EXAM\BLE\LIB\libCH57xBLE.a(gap.o)
                0x00000000000047f6                gapProcessConnEvt
 .text.gapProcessDisconnectCompleteEvt
                0x000000000000483e       0xa8 D:\Word\Code\Gitcode\MRS_DATA\CH573EVT\EVT\EXAM\BLE\LIB\libCH57xBLE.a(gap.o)
                0x000000000000483e                gapProcessDisconnectCompleteEvt
 .text.sendAuthEvent
                0x00000000000048e6      0x11a D:\Word\Code\Gitcode\MRS_DATA\CH573EVT\EVT\EXAM\BLE\LIB\libCH57xBLE.a(gap.o)
                0x00000000000048e6                sendAuthEvent
 .text.gapSendBondCompleteEvent
                0x0000000000004a00       0x70 D:\Word\Code\Gitcode\MRS_DATA\CH573EVT\EVT\EXAM\BLE\LIB\libCH57xBLE.a(gap.o)
                0x0000000000004a00                gapSendBondCompleteEvent
 .text.gapSendPairingReqEvent
                0x0000000000004a70       0x92 D:\Word\Code\Gitcode\MRS_DATA\CH573EVT\EVT\EXAM\BLE\LIB\libCH57xBLE.a(gap.o)
                0x0000000000004a70                gapSendPairingReqEvent
 .text.gapSendSlaveSecurityReqEvent
                0x0000000000004b02       0x68 D:\Word\Code\Gitcode\MRS_DATA\CH573EVT\EVT\EXAM\BLE\LIB\libCH57xBLE.a(gap.o)
                0x0000000000004b02                gapSendSlaveSecurityReqEvent
 .text.gapSendDeviceInitDoneEvent
                0x0000000000004b6a       0x88 D:\Word\Code\Gitcode\MRS_DATA\CH573EVT\EVT\EXAM\BLE\LIB\libCH57xBLE.a(gap.o)
                0x0000000000004b6a                gapSendDeviceInitDoneEvent
 .text.gapSendLinkUpdateEvent
                0x0000000000004bf2       0x84 D:\Word\Code\Gitcode\MRS_DATA\CH573EVT\EVT\EXAM\BLE\LIB\libCH57xBLE.a(gap.o)
                0x0000000000004bf2                gapSendLinkUpdateEvent
 .text.gapSendEstLinkEvent
                0x0000000000004c76       0xb8 D:\Word\Code\Gitcode\MRS_DATA\CH573EVT\EVT\EXAM\BLE\LIB\libCH57xBLE.a(gap.o)
                0x0000000000004c76                gapSendEstLinkEvent
 .text.gapProcessNewAddr
                0x0000000000004d2e       0x3e D:\Word\Code\Gitcode\MRS_DATA\CH573EVT\EVT\EXAM\BLE\LIB\libCH57xBLE.a(gap.o)
                0x0000000000004d2e                gapProcessNewAddr
 .text.gapProcessRandomAddrComplete
                0x0000000000004d6c       0xb6 D:\Word\Code\Gitcode\MRS_DATA\CH573EVT\EVT\EXAM\BLE\LIB\libCH57xBLE.a(gap.o)
                0x0000000000004d6c                gapProcessRandomAddrComplete
 .text.GAP_Authenticate
                0x0000000000004e22       0xd2 D:\Word\Code\Gitcode\MRS_DATA\CH573EVT\EVT\EXAM\BLE\LIB\libCH57xBLE.a(gap.o)
                0x0000000000004e22                GAP_Authenticate
 .text.GAP_Bond
                0x0000000000004ef4       0xa2 D:\Word\Code\Gitcode\MRS_DATA\CH573EVT\EVT\EXAM\BLE\LIB\libCH57xBLE.a(gap.o)
                0x0000000000004ef4                GAP_Bond
 .text.GAP_GetParamValue
                0x0000000000004f96       0x1e D:\Word\Code\Gitcode\MRS_DATA\CH573EVT\EVT\EXAM\BLE\LIB\libCH57xBLE.a(gap.o)
                0x0000000000004f96                GAP_GetParamValue
 .text.GAP_PasscodeUpdate
                0x0000000000004fb4       0x50 D:\Word\Code\Gitcode\MRS_DATA\CH573EVT\EVT\EXAM\BLE\LIB\libCH57xBLE.a(gap.o)
                0x0000000000004fb4                GAP_PasscodeUpdate
 .text.GAP_RegisterForMsgs
                0x0000000000005004        0x6 D:\Word\Code\Gitcode\MRS_DATA\CH573EVT\EVT\EXAM\BLE\LIB\libCH57xBLE.a(gap.o)
                0x0000000000005004                GAP_RegisterForMsgs
 .text.GAP_ResolvePrivateAddr
                0x000000000000500a        0x4 D:\Word\Code\Gitcode\MRS_DATA\CH573EVT\EVT\EXAM\BLE\LIB\libCH57xBLE.a(gap.o)
                0x000000000000500a                GAP_ResolvePrivateAddr
 .text.gapPairingCompleteCB
                0x000000000000500e      0x188 D:\Word\Code\Gitcode\MRS_DATA\CH573EVT\EVT\EXAM\BLE\LIB\libCH57xBLE.a(gap.o)
                0x000000000000500e                gapPairingCompleteCB
 .text.gapPasskeyNeededCB
                0x0000000000005196       0x8e D:\Word\Code\Gitcode\MRS_DATA\CH573EVT\EVT\EXAM\BLE\LIB\libCH57xBLE.a(gap.o)
                0x0000000000005196                gapPasskeyNeededCB
 .text.gapFreeEstLink
                0x0000000000005224       0x20 D:\Word\Code\Gitcode\MRS_DATA\CH573EVT\EVT\EXAM\BLE\LIB\libCH57xBLE.a(gap.o)
                0x0000000000005224                gapFreeEstLink
 .text.gapUpdateConnSignCounter
                0x0000000000005244       0x7a D:\Word\Code\Gitcode\MRS_DATA\CH573EVT\EVT\EXAM\BLE\LIB\libCH57xBLE.a(gap.o)
                0x0000000000005244                gapUpdateConnSignCounter
 .text.GAP_SendSlaveSecurityRequest
                0x00000000000052be       0x4c D:\Word\Code\Gitcode\MRS_DATA\CH573EVT\EVT\EXAM\BLE\LIB\libCH57xBLE.a(gap.o)
                0x00000000000052be                GAP_SendSlaveSecurityRequest
 .text.GAP_Signable
                0x000000000000530a       0x66 D:\Word\Code\Gitcode\MRS_DATA\CH573EVT\EVT\EXAM\BLE\LIB\libCH57xBLE.a(gap.o)
                0x000000000000530a                GAP_Signable
 .text.GAP_TerminateAuth
                0x0000000000005370       0x2a D:\Word\Code\Gitcode\MRS_DATA\CH573EVT\EVT\EXAM\BLE\LIB\libCH57xBLE.a(gap.o)
                0x0000000000005370                GAP_TerminateAuth
 .text.GAP_NumActiveConnections
                0x000000000000539a        0x4 D:\Word\Code\Gitcode\MRS_DATA\CH573EVT\EVT\EXAM\BLE\LIB\libCH57xBLE.a(gap.o)
                0x000000000000539a                GAP_NumActiveConnections
 .text.GAP_TerminateLinkReq
                0x000000000000539e       0x8e D:\Word\Code\Gitcode\MRS_DATA\CH573EVT\EVT\EXAM\BLE\LIB\libCH57xBLE.a(gap.o)
                0x000000000000539e                GAP_TerminateLinkReq
 .text.GAP_SetParamValue
                0x000000000000542c       0x4a D:\Word\Code\Gitcode\MRS_DATA\CH573EVT\EVT\EXAM\BLE\LIB\libCH57xBLE.a(gap.o)
                0x000000000000542c                GAP_SetParamValue
 .text.GAP_Init
                0x0000000000005476       0x44 D:\Word\Code\Gitcode\MRS_DATA\CH573EVT\EVT\EXAM\BLE\LIB\libCH57xBLE.a(gap.o)
                0x0000000000005476                GAP_Init
 .text.GAP_ProcessEvent
                0x00000000000054ba      0x57e D:\Word\Code\Gitcode\MRS_DATA\CH573EVT\EVT\EXAM\BLE\LIB\libCH57xBLE.a(gap.o)
                0x00000000000054ba                GAP_ProcessEvent
 .text.gapSendScanEnable
                0x0000000000005a38       0x1e D:\Word\Code\Gitcode\MRS_DATA\CH573EVT\EVT\EXAM\BLE\LIB\libCH57xBLE.a(gap_central.o)
 .text.gapCentProcessConnEvt
                0x0000000000005a56      0x154 D:\Word\Code\Gitcode\MRS_DATA\CH573EVT\EVT\EXAM\BLE\LIB\libCH57xBLE.a(gap_central.o)
                0x0000000000005a56                gapCentProcessConnEvt
 .text.gapCancelLinkReq
                0x0000000000005baa       0x38 D:\Word\Code\Gitcode\MRS_DATA\CH573EVT\EVT\EXAM\BLE\LIB\libCH57xBLE.a(gap_central.o)
                0x0000000000005baa                gapCancelLinkReq
 .text.GAP_CentralParamInit
                0x0000000000005be2       0x4c D:\Word\Code\Gitcode\MRS_DATA\CH573EVT\EVT\EXAM\BLE\LIB\libCH57xBLE.a(gap_central.o)
                0x0000000000005be2                GAP_CentralParamInit
 .text.gapProcessAdvertDevInfo
                0x0000000000005c2e      0x23a D:\Word\Code\Gitcode\MRS_DATA\CH573EVT\EVT\EXAM\BLE\LIB\libCH57xBLE.a(gap_central.o)
                0x0000000000005c2e                gapProcessAdvertDevInfo
 .text.gapFreeScanRecs
                0x0000000000005e68       0xa2 D:\Word\Code\Gitcode\MRS_DATA\CH573EVT\EVT\EXAM\BLE\LIB\libCH57xBLE.a(gap_central.o)
                0x0000000000005e68                gapFreeScanRecs
 .text.gapSendDevDiscEvent
                0x0000000000005f0a      0x124 D:\Word\Code\Gitcode\MRS_DATA\CH573EVT\EVT\EXAM\BLE\LIB\libCH57xBLE.a(gap_central.o)
                0x0000000000005f0a                gapSendDevDiscEvent
 .text.gapSetScanParamStatus.part.2
                0x000000000000602e       0x40 D:\Word\Code\Gitcode\MRS_DATA\CH573EVT\EVT\EXAM\BLE\LIB\libCH57xBLE.a(gap_central.o)
 .text.gapCentProcessHCICmdEvt
                0x000000000000606e       0x3c D:\Word\Code\Gitcode\MRS_DATA\CH573EVT\EVT\EXAM\BLE\LIB\libCH57xBLE.a(gap_central.o)
                0x000000000000606e                gapCentProcessHCICmdEvt
 .text.gapProcessScanningEvt
                0x00000000000060aa      0x110 D:\Word\Code\Gitcode\MRS_DATA\CH573EVT\EVT\EXAM\BLE\LIB\libCH57xBLE.a(gap_central.o)
                0x00000000000060aa                gapProcessScanningEvt
 .text.gapProcessScanningDirectEvt
                0x00000000000061ba       0xfe D:\Word\Code\Gitcode\MRS_DATA\CH573EVT\EVT\EXAM\BLE\LIB\libCH57xBLE.a(gap_central.o)
                0x00000000000061ba                gapProcessScanningDirectEvt
 .text.GAP_CentConnRegister
                0x00000000000062b8       0x12 D:\Word\Code\Gitcode\MRS_DATA\CH573EVT\EVT\EXAM\BLE\LIB\libCH57xBLE.a(gap_central.o)
                0x00000000000062b8                GAP_CentConnRegister
 .text.GAP_CentDevMgrInit
                0x00000000000062ca       0x94 D:\Word\Code\Gitcode\MRS_DATA\CH573EVT\EVT\EXAM\BLE\LIB\libCH57xBLE.a(gap_central.o)
                0x00000000000062ca                GAP_CentDevMgrInit
 .text.gapFreeAdvertState
                0x000000000000635e       0x20 D:\Word\Code\Gitcode\MRS_DATA\CH573EVT\EVT\EXAM\BLE\LIB\libCH57xBLE.a(gap_peripheral.o)
 .text.gapPeriProcessConnEvt
                0x000000000000637e       0xbc D:\Word\Code\Gitcode\MRS_DATA\CH573EVT\EVT\EXAM\BLE\LIB\libCH57xBLE.a(gap_peripheral.o)
 .text.gapSetAdvParams
                0x000000000000643a       0x7e D:\Word\Code\Gitcode\MRS_DATA\CH573EVT\EVT\EXAM\BLE\LIB\libCH57xBLE.a(gap_peripheral.o)
 .text.GAP_PeripheralParamInit
                0x00000000000064b8       0x4a D:\Word\Code\Gitcode\MRS_DATA\CH573EVT\EVT\EXAM\BLE\LIB\libCH57xBLE.a(gap_peripheral.o)
                0x00000000000064b8                GAP_PeripheralParamInit
 .text.gapSendMakeDiscEvent
                0x0000000000006502       0x50 D:\Word\Code\Gitcode\MRS_DATA\CH573EVT\EVT\EXAM\BLE\LIB\libCH57xBLE.a(gap_peripheral.o)
                0x0000000000006502                gapSendMakeDiscEvent
 .text.gapPeriProcessHCICmdCompleteEvt
                0x0000000000006552      0x192 D:\Word\Code\Gitcode\MRS_DATA\CH573EVT\EVT\EXAM\BLE\LIB\libCH57xBLE.a(gap_peripheral.o)
 .text.GAP_MakeDiscoverable
                0x00000000000066e4       0xf0 D:\Word\Code\Gitcode\MRS_DATA\CH573EVT\EVT\EXAM\BLE\LIB\libCH57xBLE.a(gap_peripheral.o)
                0x00000000000066e4                GAP_MakeDiscoverable
 .text.GAP_EndDiscoverable
                0x00000000000067d4       0x5c D:\Word\Code\Gitcode\MRS_DATA\CH573EVT\EVT\EXAM\BLE\LIB\libCH57xBLE.a(gap_peripheral.o)
                0x00000000000067d4                GAP_EndDiscoverable
 .text.gapProcessAdvertisingEvt
                0x0000000000006830       0x8e D:\Word\Code\Gitcode\MRS_DATA\CH573EVT\EVT\EXAM\BLE\LIB\libCH57xBLE.a(gap_peripheral.o)
 .text.GAP_UpdateAdvertisingData
                0x00000000000068be       0xb8 D:\Word\Code\Gitcode\MRS_DATA\CH573EVT\EVT\EXAM\BLE\LIB\libCH57xBLE.a(gap_peripheral.o)
                0x00000000000068be                GAP_UpdateAdvertisingData
 .text.GAP_PeriConnRegister
                0x0000000000006976       0x2a D:\Word\Code\Gitcode\MRS_DATA\CH573EVT\EVT\EXAM\BLE\LIB\libCH57xBLE.a(gap_peripheral.o)
                0x0000000000006976                GAP_PeriConnRegister
 .text.GAP_PeriDevMgrInit
                0x00000000000069a0       0xbc D:\Word\Code\Gitcode\MRS_DATA\CH573EVT\EVT\EXAM\BLE\LIB\libCH57xBLE.a(gap_peripheral.o)
                0x00000000000069a0                GAP_PeriDevMgrInit
 .text.ggs_SetAttrWPermit
                0x0000000000006a5c       0x68 D:\Word\Code\Gitcode\MRS_DATA\CH573EVT\EVT\EXAM\BLE\LIB\libCH57xBLE.a(gapgattserver.o)
 .text.ggs_ReadAttrCB
                0x0000000000006ac4      0x152 D:\Word\Code\Gitcode\MRS_DATA\CH573EVT\EVT\EXAM\BLE\LIB\libCH57xBLE.a(gapgattserver.o)
 .text.ggs_WriteAttrCB
                0x0000000000006c16      0x154 D:\Word\Code\Gitcode\MRS_DATA\CH573EVT\EVT\EXAM\BLE\LIB\libCH57xBLE.a(gapgattserver.o)
 .text.GGS_ParamInit
                0x0000000000006d6a      0x23a D:\Word\Code\Gitcode\MRS_DATA\CH573EVT\EVT\EXAM\BLE\LIB\libCH57xBLE.a(gapgattserver.o)
                0x0000000000006d6a                GGS_ParamInit
 .text.GGS_SetParameter
                0x0000000000006fa4       0xde D:\Word\Code\Gitcode\MRS_DATA\CH573EVT\EVT\EXAM\BLE\LIB\libCH57xBLE.a(gapgattserver.o)
                0x0000000000006fa4                GGS_SetParameter
 .text.GGS_AddService
                0x0000000000007082       0x2c D:\Word\Code\Gitcode\MRS_DATA\CH573EVT\EVT\EXAM\BLE\LIB\libCH57xBLE.a(gapgattserver.o)
                0x0000000000007082                GGS_AddService
 .text.GAP_DeviceInit
                0x00000000000070ae       0xd8 D:\Word\Code\Gitcode\MRS_DATA\CH573EVT\EVT\EXAM\BLE\LIB\libCH57xBLE.a(gapgattserver.o)
                0x00000000000070ae                GAP_DeviceInit
 .text.gattGetPayload
                0x0000000000007186       0x7e D:\Word\Code\Gitcode\MRS_DATA\CH573EVT\EVT\EXAM\BLE\LIB\libCH57xBLE.a(gatt.o)
                0x0000000000007186                gattGetPayload
 .text.gattNotifyEvent
                0x0000000000007204       0x80 D:\Word\Code\Gitcode\MRS_DATA\CH573EVT\EVT\EXAM\BLE\LIB\libCH57xBLE.a(gatt.o)
                0x0000000000007204                gattNotifyEvent
 .text.gattSendFlowCtrlEvt
                0x0000000000007284       0x48 D:\Word\Code\Gitcode\MRS_DATA\CH573EVT\EVT\EXAM\BLE\LIB\libCH57xBLE.a(gatt.o)
                0x0000000000007284                gattSendFlowCtrlEvt
 .text.gattStartTimer
                0x00000000000072cc        0xc D:\Word\Code\Gitcode\MRS_DATA\CH573EVT\EVT\EXAM\BLE\LIB\libCH57xBLE.a(gatt.o)
                0x00000000000072cc                gattStartTimer
 .text.gattStopTimer
                0x00000000000072d8       0x32 D:\Word\Code\Gitcode\MRS_DATA\CH573EVT\EVT\EXAM\BLE\LIB\libCH57xBLE.a(gatt.o)
                0x00000000000072d8                gattStopTimer
 .text.GATT_AppCompletedMsg
                0x000000000000730a       0x30 D:\Word\Code\Gitcode\MRS_DATA\CH573EVT\EVT\EXAM\BLE\LIB\libCH57xBLE.a(gatt.o)
                0x000000000000730a                GATT_AppCompletedMsg
 .text.GATT_NotifyEvent
                0x000000000000733a       0x4e D:\Word\Code\Gitcode\MRS_DATA\CH573EVT\EVT\EXAM\BLE\LIB\libCH57xBLE.a(gatt.o)
                0x000000000000733a                GATT_NotifyEvent
 .text.gattRegisterServer
                0x0000000000007388        0x6 D:\Word\Code\Gitcode\MRS_DATA\CH573EVT\EVT\EXAM\BLE\LIB\libCH57xBLE.a(gatt.o)
                0x0000000000007388                gattRegisterServer
 .text.GATT_UpdateMTU
                0x000000000000738e       0x5c D:\Word\Code\Gitcode\MRS_DATA\CH573EVT\EVT\EXAM\BLE\LIB\libCH57xBLE.a(gatt.o)
                0x000000000000738e                GATT_UpdateMTU
 .text.GATT_bm_alloc
                0x00000000000073ea       0xea D:\Word\Code\Gitcode\MRS_DATA\CH573EVT\EVT\EXAM\BLE\LIB\libCH57xBLE.a(gatt.o)
                0x00000000000073ea                GATT_bm_alloc
 .text.GATT_ServiceChangedInd
                0x00000000000074d4       0x94 D:\Word\Code\Gitcode\MRS_DATA\CH573EVT\EVT\EXAM\BLE\LIB\libCH57xBLE.a(gatt.o)
                0x00000000000074d4                GATT_ServiceChangedInd
 .text.GATT_bm_free
                0x0000000000007568       0x1c D:\Word\Code\Gitcode\MRS_DATA\CH573EVT\EVT\EXAM\BLE\LIB\libCH57xBLE.a(gatt.o)
                0x0000000000007568                GATT_bm_free
 .text.GATT_RegisterForPeriMsgs
                0x0000000000007584        0x6 D:\Word\Code\Gitcode\MRS_DATA\CH573EVT\EVT\EXAM\BLE\LIB\libCH57xBLE.a(gatt.o)
                0x0000000000007584                GATT_RegisterForPeriMsgs
 .text.GATT_Init
                0x000000000000758a       0x30 D:\Word\Code\Gitcode\MRS_DATA\CH573EVT\EVT\EXAM\BLE\LIB\libCH57xBLE.a(gatt.o)
                0x000000000000758a                GATT_Init
 .text.GATT_ProcessEvent
                0x00000000000075ba      0x136 D:\Word\Code\Gitcode\MRS_DATA\CH573EVT\EVT\EXAM\BLE\LIB\libCH57xBLE.a(gatt.o)
                0x00000000000075ba                GATT_ProcessEvent
 .text.gattProcessExchangeMTUReq
                0x00000000000076f0        0x4 D:\Word\Code\Gitcode\MRS_DATA\CH573EVT\EVT\EXAM\BLE\LIB\libCH57xBLE.a(gattservapp.o)
 .text.gattServApp_FindCharCfgItem
                0x00000000000076f4       0x20 D:\Word\Code\Gitcode\MRS_DATA\CH573EVT\EVT\EXAM\BLE\LIB\libCH57xBLE.a(gattservapp.o)
 .text.gattServerHandleTimerCB
                0x0000000000007714       0x3c D:\Word\Code\Gitcode\MRS_DATA\CH573EVT\EVT\EXAM\BLE\LIB\libCH57xBLE.a(gattservapp.o)
 .text.GATTServApp_InitCharCfg.part.12
                0x0000000000007750       0x1c D:\Word\Code\Gitcode\MRS_DATA\CH573EVT\EVT\EXAM\BLE\LIB\libCH57xBLE.a(gattservapp.o)
 .text.gattProcessExecuteWriteReq
                0x000000000000776c        0x4 D:\Word\Code\Gitcode\MRS_DATA\CH573EVT\EVT\EXAM\BLE\LIB\libCH57xBLE.a(gattservapp.o)
 .text.GATTServApp_ParamInit
                0x0000000000007770       0xd6 D:\Word\Code\Gitcode\MRS_DATA\CH573EVT\EVT\EXAM\BLE\LIB\libCH57xBLE.a(gattservapp.o)
                0x0000000000007770                GATTServApp_ParamInit
 .text.GATTServApp_ReadCharCfg
                0x0000000000007846       0x18 D:\Word\Code\Gitcode\MRS_DATA\CH573EVT\EVT\EXAM\BLE\LIB\libCH57xBLE.a(gattservapp.o)
                0x0000000000007846                GATTServApp_ReadCharCfg
 .text.GATTServApp_WriteCharCfg
                0x000000000000785e       0x3c D:\Word\Code\Gitcode\MRS_DATA\CH573EVT\EVT\EXAM\BLE\LIB\libCH57xBLE.a(gattservapp.o)
                0x000000000000785e                GATTServApp_WriteCharCfg
 .text.GATTServApp_ProcessCCCWriteReq
                0x000000000000789a       0x60 D:\Word\Code\Gitcode\MRS_DATA\CH573EVT\EVT\EXAM\BLE\LIB\libCH57xBLE.a(gattservapp.o)
                0x000000000000789a                GATTServApp_ProcessCCCWriteReq
 .text.gattServApp_WriteAttrCB
                0x00000000000078fa       0x34 D:\Word\Code\Gitcode\MRS_DATA\CH573EVT\EVT\EXAM\BLE\LIB\libCH57xBLE.a(gattservapp.o)
                0x00000000000078fa                gattServApp_WriteAttrCB
 .text.GATTServApp_SendCCCUpdatedEvent
                0x000000000000792e       0x5e D:\Word\Code\Gitcode\MRS_DATA\CH573EVT\EVT\EXAM\BLE\LIB\libCH57xBLE.a(gattservapp.o)
                0x000000000000792e                GATTServApp_SendCCCUpdatedEvent
 .text.GATTServApp_SendServiceChangedInd
                0x000000000000798c       0x36 D:\Word\Code\Gitcode\MRS_DATA\CH573EVT\EVT\EXAM\BLE\LIB\libCH57xBLE.a(gattservapp.o)
                0x000000000000798c                GATTServApp_SendServiceChangedInd
 .text.gattServApp_ClearPrepareWriteQ
                0x00000000000079c2       0x4c D:\Word\Code\Gitcode\MRS_DATA\CH573EVT\EVT\EXAM\BLE\LIB\libCH57xBLE.a(gattservapp.o)
                0x00000000000079c2                gattServApp_ClearPrepareWriteQ
 .text.gattServApp_FindPrepareWriteQ
                0x0000000000007a0e       0x2c D:\Word\Code\Gitcode\MRS_DATA\CH573EVT\EVT\EXAM\BLE\LIB\libCH57xBLE.a(gattservapp.o)
                0x0000000000007a0e                gattServApp_FindPrepareWriteQ
 .text.gattServApp_FindServiceCBs
                0x0000000000007a3a       0x18 D:\Word\Code\Gitcode\MRS_DATA\CH573EVT\EVT\EXAM\BLE\LIB\libCH57xBLE.a(gattservapp.o)
                0x0000000000007a3a                gattServApp_FindServiceCBs
 .text.gattServApp_FindAuthorizeAttrCB
                0x0000000000007a52       0x14 D:\Word\Code\Gitcode\MRS_DATA\CH573EVT\EVT\EXAM\BLE\LIB\libCH57xBLE.a(gattservapp.o)
                0x0000000000007a52                gattServApp_FindAuthorizeAttrCB
 .text.gattServApp_IsWriteLong
                0x0000000000007a66       0xe6 D:\Word\Code\Gitcode\MRS_DATA\CH573EVT\EVT\EXAM\BLE\LIB\libCH57xBLE.a(gattservapp.o)
                0x0000000000007a66                gattServApp_IsWriteLong
 .text.gattFindService
                0x0000000000007b4c       0x1c D:\Word\Code\Gitcode\MRS_DATA\CH573EVT\EVT\EXAM\BLE\LIB\libCH57xBLE.a(gattservapp.o)
                0x0000000000007b4c                gattFindService
 .text.GATT_ServiceNumAttrs
                0x0000000000007b68       0x18 D:\Word\Code\Gitcode\MRS_DATA\CH573EVT\EVT\EXAM\BLE\LIB\libCH57xBLE.a(gattservapp.o)
                0x0000000000007b68                GATT_ServiceNumAttrs
 .text.GATT_ServiceEncKeySize
                0x0000000000007b80       0x18 D:\Word\Code\Gitcode\MRS_DATA\CH573EVT\EVT\EXAM\BLE\LIB\libCH57xBLE.a(gattservapp.o)
                0x0000000000007b80                GATT_ServiceEncKeySize
 .text.GATT_VerifyWritePermissions.part.7
                0x0000000000007b98       0x2e D:\Word\Code\Gitcode\MRS_DATA\CH573EVT\EVT\EXAM\BLE\LIB\libCH57xBLE.a(gattservapp.o)
 .text.gattResetServerInfo
                0x0000000000007bc6       0x1c D:\Word\Code\Gitcode\MRS_DATA\CH573EVT\EVT\EXAM\BLE\LIB\libCH57xBLE.a(gattservapp.o)
                0x0000000000007bc6                gattResetServerInfo
 .text.gattFindServerInfo
                0x0000000000007be2       0x28 D:\Word\Code\Gitcode\MRS_DATA\CH573EVT\EVT\EXAM\BLE\LIB\libCH57xBLE.a(gattservapp.o)
                0x0000000000007be2                gattFindServerInfo
 .text.gattServerHandleConnStatusCB
                0x0000000000007c0a       0x98 D:\Word\Code\Gitcode\MRS_DATA\CH573EVT\EVT\EXAM\BLE\LIB\libCH57xBLE.a(gattservapp.o)
                0x0000000000007c0a                gattServerHandleConnStatusCB
 .text.gattServerProcessMsgCB
                0x0000000000007ca2      0x1c0 D:\Word\Code\Gitcode\MRS_DATA\CH573EVT\EVT\EXAM\BLE\LIB\libCH57xBLE.a(gattservapp.o)
                0x0000000000007ca2                gattServerProcessMsgCB
 .text.gattServerNotifyTxCB
                0x0000000000007e62       0x28 D:\Word\Code\Gitcode\MRS_DATA\CH573EVT\EVT\EXAM\BLE\LIB\libCH57xBLE.a(gattservapp.o)
 .text.GATT_FindHandle
                0x0000000000007e8a       0x4a D:\Word\Code\Gitcode\MRS_DATA\CH573EVT\EVT\EXAM\BLE\LIB\libCH57xBLE.a(gattservapp.o)
                0x0000000000007e8a                GATT_FindHandle
 .text.GATTServApp_WriteAttr
                0x0000000000007ed4       0xa8 D:\Word\Code\Gitcode\MRS_DATA\CH573EVT\EVT\EXAM\BLE\LIB\libCH57xBLE.a(gattservapp.o)
                0x0000000000007ed4                GATTServApp_WriteAttr
 .text.gattServApp_ProcessExecuteWriteReq
                0x0000000000007f7c      0x100 D:\Word\Code\Gitcode\MRS_DATA\CH573EVT\EVT\EXAM\BLE\LIB\libCH57xBLE.a(gattservapp.o)
                0x0000000000007f7c                gattServApp_ProcessExecuteWriteReq
 .text.GATTServApp_UpdateCharCfg
                0x000000000000807c       0x1e D:\Word\Code\Gitcode\MRS_DATA\CH573EVT\EVT\EXAM\BLE\LIB\libCH57xBLE.a(gattservapp.o)
                0x000000000000807c                GATTServApp_UpdateCharCfg
 .text.gattServApp_ProcessPrepareWriteReq
                0x000000000000809a      0x10e D:\Word\Code\Gitcode\MRS_DATA\CH573EVT\EVT\EXAM\BLE\LIB\libCH57xBLE.a(gattservapp.o)
                0x000000000000809a                gattServApp_ProcessPrepareWriteReq
 .text.gattServApp_ProcessWriteReq
                0x00000000000081a8       0xb0 D:\Word\Code\Gitcode\MRS_DATA\CH573EVT\EVT\EXAM\BLE\LIB\libCH57xBLE.a(gattservapp.o)
                0x00000000000081a8                gattServApp_ProcessWriteReq
 .text.GATT_Indication
                0x0000000000008258       0xa4 D:\Word\Code\Gitcode\MRS_DATA\CH573EVT\EVT\EXAM\BLE\LIB\libCH57xBLE.a(gattservapp.o)
                0x0000000000008258                GATT_Indication
 .text.GATT_FindHandleUUID
                0x00000000000082fc       0x94 D:\Word\Code\Gitcode\MRS_DATA\CH573EVT\EVT\EXAM\BLE\LIB\libCH57xBLE.a(gattservapp.o)
                0x00000000000082fc                GATT_FindHandleUUID
 .text.gattProcessReadByGrpTypeReq
                0x0000000000008390       0x60 D:\Word\Code\Gitcode\MRS_DATA\CH573EVT\EVT\EXAM\BLE\LIB\libCH57xBLE.a(gattservapp.o)
 .text.gattProcessReadByTypeReq
                0x00000000000083f0       0x34 D:\Word\Code\Gitcode\MRS_DATA\CH573EVT\EVT\EXAM\BLE\LIB\libCH57xBLE.a(gattservapp.o)
 .text.gattProcessFindByTypeValueReq
                0x0000000000008424       0x34 D:\Word\Code\Gitcode\MRS_DATA\CH573EVT\EVT\EXAM\BLE\LIB\libCH57xBLE.a(gattservapp.o)
 .text.gattProcessFindInfoReq
                0x0000000000008458      0x1aa D:\Word\Code\Gitcode\MRS_DATA\CH573EVT\EVT\EXAM\BLE\LIB\libCH57xBLE.a(gattservapp.o)
 .text.GATT_Notification
                0x0000000000008602       0x70 D:\Word\Code\Gitcode\MRS_DATA\CH573EVT\EVT\EXAM\BLE\LIB\libCH57xBLE.a(gattservapp.o)
                0x0000000000008602                GATT_Notification
 .text.GATT_VerifyWritePermissions
                0x0000000000008672       0x6a D:\Word\Code\Gitcode\MRS_DATA\CH573EVT\EVT\EXAM\BLE\LIB\libCH57xBLE.a(gattservapp.o)
                0x0000000000008672                GATT_VerifyWritePermissions
 .text.gattProcessWriteReq
                0x00000000000086dc       0x36 D:\Word\Code\Gitcode\MRS_DATA\CH573EVT\EVT\EXAM\BLE\LIB\libCH57xBLE.a(gattservapp.o)
 .text.GATT_VerifyPrepareWritePermissions
                0x0000000000008712       0x56 D:\Word\Code\Gitcode\MRS_DATA\CH573EVT\EVT\EXAM\BLE\LIB\libCH57xBLE.a(gattservapp.o)
                0x0000000000008712                GATT_VerifyPrepareWritePermissions
 .text.gattProcessPrepareWriteReq
                0x0000000000008768       0x36 D:\Word\Code\Gitcode\MRS_DATA\CH573EVT\EVT\EXAM\BLE\LIB\libCH57xBLE.a(gattservapp.o)
 .text.GATT_FindNextAttr
                0x000000000000879e       0xc2 D:\Word\Code\Gitcode\MRS_DATA\CH573EVT\EVT\EXAM\BLE\LIB\libCH57xBLE.a(gattservapp.o)
                0x000000000000879e                GATT_FindNextAttr
 .text.GATTServApp_ReadAttr
                0x0000000000008860      0x2e2 D:\Word\Code\Gitcode\MRS_DATA\CH573EVT\EVT\EXAM\BLE\LIB\libCH57xBLE.a(gattservapp.o)
                0x0000000000008860                GATTServApp_ReadAttr
 .text.gattServApp_ProcessReadMultiReq
                0x0000000000008b42      0x16e D:\Word\Code\Gitcode\MRS_DATA\CH573EVT\EVT\EXAM\BLE\LIB\libCH57xBLE.a(gattservapp.o)
                0x0000000000008b42                gattServApp_ProcessReadMultiReq
 .text.gattServApp_ProcessFindByTypeValueReq
                0x0000000000008cb0      0x19c D:\Word\Code\Gitcode\MRS_DATA\CH573EVT\EVT\EXAM\BLE\LIB\libCH57xBLE.a(gattservapp.o)
                0x0000000000008cb0                gattServApp_ProcessFindByTypeValueReq
 .text.GATT_VerifyReadPermissions
                0x0000000000008e4c       0x68 D:\Word\Code\Gitcode\MRS_DATA\CH573EVT\EVT\EXAM\BLE\LIB\libCH57xBLE.a(gattservapp.o)
                0x0000000000008e4c                GATT_VerifyReadPermissions
 .text.gattProcessReadMultiReq
                0x0000000000008eb4       0xae D:\Word\Code\Gitcode\MRS_DATA\CH573EVT\EVT\EXAM\BLE\LIB\libCH57xBLE.a(gattservapp.o)
 .text.gattProcessReadReq
                0x0000000000008f62       0x30 D:\Word\Code\Gitcode\MRS_DATA\CH573EVT\EVT\EXAM\BLE\LIB\libCH57xBLE.a(gattservapp.o)
 .text.gattServApp_ProcessReadByGrpTypeReq
                0x0000000000008f92      0x21c D:\Word\Code\Gitcode\MRS_DATA\CH573EVT\EVT\EXAM\BLE\LIB\libCH57xBLE.a(gattservapp.o)
                0x0000000000008f92                gattServApp_ProcessReadByGrpTypeReq
 .text.gattServApp_ProcessReadByTypeReq
                0x00000000000091ae      0x1ae D:\Word\Code\Gitcode\MRS_DATA\CH573EVT\EVT\EXAM\BLE\LIB\libCH57xBLE.a(gattservapp.o)
                0x00000000000091ae                gattServApp_ProcessReadByTypeReq
 .text.GATT_RegisterService
                0x000000000000935c       0xfc D:\Word\Code\Gitcode\MRS_DATA\CH573EVT\EVT\EXAM\BLE\LIB\libCH57xBLE.a(gattservapp.o)
                0x000000000000935c                GATT_RegisterService
 .text.GATTServApp_RegisterService
                0x0000000000009458       0x8a D:\Word\Code\Gitcode\MRS_DATA\CH573EVT\EVT\EXAM\BLE\LIB\libCH57xBLE.a(gattservapp.o)
                0x0000000000009458                GATTServApp_RegisterService
 .text.GATTServApp_AddService
                0x00000000000094e2       0x2c D:\Word\Code\Gitcode\MRS_DATA\CH573EVT\EVT\EXAM\BLE\LIB\libCH57xBLE.a(gattservapp.o)
                0x00000000000094e2                GATTServApp_AddService
 .text.GATTServApp_RegisterForMsg
                0x000000000000950e        0x6 D:\Word\Code\Gitcode\MRS_DATA\CH573EVT\EVT\EXAM\BLE\LIB\libCH57xBLE.a(gattservapp.o)
                0x000000000000950e                GATTServApp_RegisterForMsg
 .text.GATTServApp_InitCharCfg
                0x0000000000009514       0x28 D:\Word\Code\Gitcode\MRS_DATA\CH573EVT\EVT\EXAM\BLE\LIB\libCH57xBLE.a(gattservapp.o)
                0x0000000000009514                GATTServApp_InitCharCfg
 .text.gattServApp_HandleConnStatusCB
                0x000000000000953c       0x74 D:\Word\Code\Gitcode\MRS_DATA\CH573EVT\EVT\EXAM\BLE\LIB\libCH57xBLE.a(gattservapp.o)
                0x000000000000953c                gattServApp_HandleConnStatusCB
 .text.GATT_InitServer
                0x00000000000095b0       0xf6 D:\Word\Code\Gitcode\MRS_DATA\CH573EVT\EVT\EXAM\BLE\LIB\libCH57xBLE.a(gattservapp.o)
                0x00000000000095b0                GATT_InitServer
 .text.GATTServApp_Init
                0x00000000000096a6       0x34 D:\Word\Code\Gitcode\MRS_DATA\CH573EVT\EVT\EXAM\BLE\LIB\libCH57xBLE.a(gattservapp.o)
                0x00000000000096a6                GATTServApp_Init
 .text.GATTServApp_ProcessEvent
                0x00000000000096da      0x366 D:\Word\Code\Gitcode\MRS_DATA\CH573EVT\EVT\EXAM\BLE\LIB\libCH57xBLE.a(gattservapp.o)
                0x00000000000096da                GATTServApp_ProcessEvent
 .text.l2capAllocConnChannel
                0x0000000000009a40       0xd8 D:\Word\Code\Gitcode\MRS_DATA\CH573EVT\EVT\EXAM\BLE\LIB\libCH57xBLE.a(l2cap.o)
                0x0000000000009a40                l2capAllocConnChannel
 .text.l2capFindLocalCID
                0x0000000000009b18       0x2c D:\Word\Code\Gitcode\MRS_DATA\CH573EVT\EVT\EXAM\BLE\LIB\libCH57xBLE.a(l2cap.o)
                0x0000000000009b18                l2capFindLocalCID
 .text.l2capFindLocalId
                0x0000000000009b44       0x30 D:\Word\Code\Gitcode\MRS_DATA\CH573EVT\EVT\EXAM\BLE\LIB\libCH57xBLE.a(l2cap.o)
                0x0000000000009b44                l2capFindLocalId
 .text.l2capFindPsm
                0x0000000000009b74       0x2c D:\Word\Code\Gitcode\MRS_DATA\CH573EVT\EVT\EXAM\BLE\LIB\libCH57xBLE.a(l2cap.o)
                0x0000000000009b74                l2capFindPsm
 .text.l2capFindRemoteCID
                0x0000000000009ba0       0x3c D:\Word\Code\Gitcode\MRS_DATA\CH573EVT\EVT\EXAM\BLE\LIB\libCH57xBLE.a(l2cap.o)
                0x0000000000009ba0                l2capFindRemoteCID
 .text.l2capFreeChannel
                0x0000000000009bdc       0x4a D:\Word\Code\Gitcode\MRS_DATA\CH573EVT\EVT\EXAM\BLE\LIB\libCH57xBLE.a(l2cap.o)
                0x0000000000009bdc                l2capFreeChannel
 .text.l2capDisconnectChannel
                0x0000000000009c26       0x28 D:\Word\Code\Gitcode\MRS_DATA\CH573EVT\EVT\EXAM\BLE\LIB\libCH57xBLE.a(l2cap.o)
                0x0000000000009c26                l2capDisconnectChannel
 .text.l2capHandleTimerCB
                0x0000000000009c4e       0x2c D:\Word\Code\Gitcode\MRS_DATA\CH573EVT\EVT\EXAM\BLE\LIB\libCH57xBLE.a(l2cap.o)
                0x0000000000009c4e                l2capHandleTimerCB
 .text.l2capFreePendingPkt
                0x0000000000009c7a       0x58 D:\Word\Code\Gitcode\MRS_DATA\CH573EVT\EVT\EXAM\BLE\LIB\libCH57xBLE.a(l2cap.o)
                0x0000000000009c7a                l2capFreePendingPkt
 .text.l2capGetCoChannelInfo
                0x0000000000009cd2       0x7e D:\Word\Code\Gitcode\MRS_DATA\CH573EVT\EVT\EXAM\BLE\LIB\libCH57xBLE.a(l2cap.o)
                0x0000000000009cd2                l2capGetCoChannelInfo
 .text.l2capNumActiveChannnels
                0x0000000000009d50       0x44 D:\Word\Code\Gitcode\MRS_DATA\CH573EVT\EVT\EXAM\BLE\LIB\libCH57xBLE.a(l2cap.o)
                0x0000000000009d50                l2capNumActiveChannnels
 .text.l2capStartTimer
                0x0000000000009d94       0x1a D:\Word\Code\Gitcode\MRS_DATA\CH573EVT\EVT\EXAM\BLE\LIB\libCH57xBLE.a(l2cap.o)
                0x0000000000009d94                l2capStartTimer
 .text.l2capStopTimer
                0x0000000000009dae       0x1e D:\Word\Code\Gitcode\MRS_DATA\CH573EVT\EVT\EXAM\BLE\LIB\libCH57xBLE.a(l2cap.o)
                0x0000000000009dae                l2capStopTimer
 .text.l2capDisconnectAllChannels
                0x0000000000009dcc       0xdc D:\Word\Code\Gitcode\MRS_DATA\CH573EVT\EVT\EXAM\BLE\LIB\libCH57xBLE.a(l2cap.o)
                0x0000000000009dcc                l2capDisconnectAllChannels
 .text.l2capHandleConnStatusCB
                0x0000000000009ea8       0x3c D:\Word\Code\Gitcode\MRS_DATA\CH573EVT\EVT\EXAM\BLE\LIB\libCH57xBLE.a(l2cap.o)
                0x0000000000009ea8                l2capHandleConnStatusCB
 .text.l2capHandleRxError
                0x0000000000009ee4        0x6 D:\Word\Code\Gitcode\MRS_DATA\CH573EVT\EVT\EXAM\BLE\LIB\libCH57xBLE.a(l2cap.o)
                0x0000000000009ee4                l2capHandleRxError
 .text.L2CAP_GetMTU
                0x0000000000009eea        0x6 D:\Word\Code\Gitcode\MRS_DATA\CH573EVT\EVT\EXAM\BLE\LIB\libCH57xBLE.a(l2cap.o)
                0x0000000000009eea                L2CAP_GetMTU
 .text.L2CAP_HostNumCompletedPkts
                0x0000000000009ef0       0x28 D:\Word\Code\Gitcode\MRS_DATA\CH573EVT\EVT\EXAM\BLE\LIB\libCH57xBLE.a(l2cap.o)
                0x0000000000009ef0                L2CAP_HostNumCompletedPkts
 .text.L2CAP_ParseConnectReq
                0x0000000000009f18       0x5e D:\Word\Code\Gitcode\MRS_DATA\CH573EVT\EVT\EXAM\BLE\LIB\libCH57xBLE.a(l2cap.o)
                0x0000000000009f18                L2CAP_ParseConnectReq
 .text.L2CAP_ParseFlowCtrlCredit
                0x0000000000009f76       0x2e D:\Word\Code\Gitcode\MRS_DATA\CH573EVT\EVT\EXAM\BLE\LIB\libCH57xBLE.a(l2cap.o)
                0x0000000000009f76                L2CAP_ParseFlowCtrlCredit
 .text.L2CAP_RegisterApp
                0x0000000000009fa4       0x30 D:\Word\Code\Gitcode\MRS_DATA\CH573EVT\EVT\EXAM\BLE\LIB\libCH57xBLE.a(l2cap.o)
                0x0000000000009fa4                L2CAP_RegisterApp
 .text.L2CAP_SetBufSize
                0x0000000000009fd4       0x1e D:\Word\Code\Gitcode\MRS_DATA\CH573EVT\EVT\EXAM\BLE\LIB\libCH57xBLE.a(l2cap.o)
                0x0000000000009fd4                L2CAP_SetBufSize
 .text.L2CAP_bm_alloc
                0x0000000000009ff2       0x30 D:\Word\Code\Gitcode\MRS_DATA\CH573EVT\EVT\EXAM\BLE\LIB\libCH57xBLE.a(l2cap.o)
                0x0000000000009ff2                L2CAP_bm_alloc
 .text.L2CAP_Init
                0x000000000000a022      0x12e D:\Word\Code\Gitcode\MRS_DATA\CH573EVT\EVT\EXAM\BLE\LIB\libCH57xBLE.a(l2cap.o)
                0x000000000000a022                L2CAP_Init
 .text.L2CAP_ProcessEvent
                0x000000000000a150       0xc8 D:\Word\Code\Gitcode\MRS_DATA\CH573EVT\EVT\EXAM\BLE\LIB\libCH57xBLE.a(l2cap.o)
                0x000000000000a150                L2CAP_ProcessEvent
 .text.l2capParseCmdReject
                0x000000000000a218       0x5e D:\Word\Code\Gitcode\MRS_DATA\CH573EVT\EVT\EXAM\BLE\LIB\libCH57xBLE.a(l2cap_input.o)
                0x000000000000a218                l2capParseCmdReject
 .text.l2capParseDisconnectReq
                0x000000000000a276       0x2e D:\Word\Code\Gitcode\MRS_DATA\CH573EVT\EVT\EXAM\BLE\LIB\libCH57xBLE.a(l2cap_input.o)
                0x000000000000a276                l2capParseDisconnectReq
 .text.l2capParseDisconnectRsp
                0x000000000000a2a4       0x2e D:\Word\Code\Gitcode\MRS_DATA\CH573EVT\EVT\EXAM\BLE\LIB\libCH57xBLE.a(l2cap_input.o)
                0x000000000000a2a4                l2capParseDisconnectRsp
 .text.L2CAP_ParseParamUpdateReq
                0x000000000000a2d2       0x4e D:\Word\Code\Gitcode\MRS_DATA\CH573EVT\EVT\EXAM\BLE\LIB\libCH57xBLE.a(l2cap_input.o)
                0x000000000000a2d2                L2CAP_ParseParamUpdateReq
 .text.l2capParseParamUpdateRsp
                0x000000000000a320       0x1e D:\Word\Code\Gitcode\MRS_DATA\CH573EVT\EVT\EXAM\BLE\LIB\libCH57xBLE.a(l2cap_input.o)
                0x000000000000a320                l2capParseParamUpdateRsp
 .text.l2capProcessConnectReq
                0x000000000000a33e       0xfc D:\Word\Code\Gitcode\MRS_DATA\CH573EVT\EVT\EXAM\BLE\LIB\libCH57xBLE.a(l2cap_input.o)
                0x000000000000a33e                l2capProcessConnectReq
 .text.l2capParseConnectRsp
                0x000000000000a43a       0x5e D:\Word\Code\Gitcode\MRS_DATA\CH573EVT\EVT\EXAM\BLE\LIB\libCH57xBLE.a(l2cap_input.o)
                0x000000000000a43a                l2capParseConnectRsp
 .text.l2capParseSignalHdr
                0x000000000000a498       0x22 D:\Word\Code\Gitcode\MRS_DATA\CH573EVT\EVT\EXAM\BLE\LIB\libCH57xBLE.a(l2cap_input.o)
                0x000000000000a498                l2capParseSignalHdr
 .text.l2capParsePacket
                0x000000000000a4ba       0x8c D:\Word\Code\Gitcode\MRS_DATA\CH573EVT\EVT\EXAM\BLE\LIB\libCH57xBLE.a(l2cap_input.o)
                0x000000000000a4ba                l2capParsePacket
 .text.l2capProcessReq
                0x000000000000a546      0x15a D:\Word\Code\Gitcode\MRS_DATA\CH573EVT\EVT\EXAM\BLE\LIB\libCH57xBLE.a(l2cap_input.o)
                0x000000000000a546                l2capProcessReq
 .text.l2capProcessRsp
                0x000000000000a6a0      0x150 D:\Word\Code\Gitcode\MRS_DATA\CH573EVT\EVT\EXAM\BLE\LIB\libCH57xBLE.a(l2cap_input.o)
                0x000000000000a6a0                l2capProcessRsp
 .text.l2capProcessRxData
                0x000000000000a7f0       0xf8 D:\Word\Code\Gitcode\MRS_DATA\CH573EVT\EVT\EXAM\BLE\LIB\libCH57xBLE.a(l2cap_input.o)
                0x000000000000a7f0                l2capProcessRxData
 .text.l2capNotifyData
                0x000000000000a8e8       0x5a D:\Word\Code\Gitcode\MRS_DATA\CH573EVT\EVT\EXAM\BLE\LIB\libCH57xBLE.a(l2cap_output.o)
                0x000000000000a8e8                l2capNotifyData
 .text.l2capNotifySignal
                0x000000000000a942       0x76 D:\Word\Code\Gitcode\MRS_DATA\CH573EVT\EVT\EXAM\BLE\LIB\libCH57xBLE.a(l2cap_output.o)
                0x000000000000a942                l2capNotifySignal
 .text.l2capNotifyCreditEvt
                0x000000000000a9b8       0x9c D:\Word\Code\Gitcode\MRS_DATA\CH573EVT\EVT\EXAM\BLE\LIB\libCH57xBLE.a(l2cap_output.o)
                0x000000000000a9b8                l2capNotifyCreditEvt
 .text.l2capNotifyChannelEstEvt
                0x000000000000aa54       0x58 D:\Word\Code\Gitcode\MRS_DATA\CH573EVT\EVT\EXAM\BLE\LIB\libCH57xBLE.a(l2cap_output.o)
                0x000000000000aa54                l2capNotifyChannelEstEvt
 .text.l2capNotifyChannelTermEvt
                0x000000000000aaac       0x3e D:\Word\Code\Gitcode\MRS_DATA\CH573EVT\EVT\EXAM\BLE\LIB\libCH57xBLE.a(l2cap_output.o)
                0x000000000000aaac                l2capNotifyChannelTermEvt
 .text.l2capNotifyEvent
                0x000000000000aaea       0x66 D:\Word\Code\Gitcode\MRS_DATA\CH573EVT\EVT\EXAM\BLE\LIB\libCH57xBLE.a(l2cap_output.o)
                0x000000000000aaea                l2capNotifyEvent
 .text.l2capStoreFCPkt
                0x000000000000ab50       0x32 D:\Word\Code\Gitcode\MRS_DATA\CH573EVT\EVT\EXAM\BLE\LIB\libCH57xBLE.a(l2cap_output.o)
                0x000000000000ab50                l2capStoreFCPkt
 .text.l2capFreeTxSDU
                0x000000000000ab82       0x9a D:\Word\Code\Gitcode\MRS_DATA\CH573EVT\EVT\EXAM\BLE\LIB\libCH57xBLE.a(l2cap_output.o)
                0x000000000000ab82                l2capFreeTxSDU
 .text.l2capReassembleSegment
                0x000000000000ac1c      0x174 D:\Word\Code\Gitcode\MRS_DATA\CH573EVT\EVT\EXAM\BLE\LIB\libCH57xBLE.a(l2cap_output.o)
                0x000000000000ac1c                l2capReassembleSegment
 .text.l2capEncapSendData
                0x000000000000ad90       0xec D:\Word\Code\Gitcode\MRS_DATA\CH573EVT\EVT\EXAM\BLE\LIB\libCH57xBLE.a(l2cap_output.o)
                0x000000000000ad90                l2capEncapSendData
 .text.l2capSendFCPkt.part.3
                0x000000000000ae7c       0x70 D:\Word\Code\Gitcode\MRS_DATA\CH573EVT\EVT\EXAM\BLE\LIB\libCH57xBLE.a(l2cap_output.o)
 .text.l2capSendSegment
                0x000000000000aeec      0x108 D:\Word\Code\Gitcode\MRS_DATA\CH573EVT\EVT\EXAM\BLE\LIB\libCH57xBLE.a(l2cap_output.o)
                0x000000000000aeec                l2capSendSegment
 .text.l2capSendNextSegment
                0x000000000000aff4       0xb4 D:\Word\Code\Gitcode\MRS_DATA\CH573EVT\EVT\EXAM\BLE\LIB\libCH57xBLE.a(l2cap_output.o)
                0x000000000000aff4                l2capSendNextSegment
 .text.l2capSendPkt
                0x000000000000b0a8       0x3a D:\Word\Code\Gitcode\MRS_DATA\CH573EVT\EVT\EXAM\BLE\LIB\libCH57xBLE.a(l2cap_output.o)
                0x000000000000b0a8                l2capSendPkt
 .text.L2CAP_SendData
                0x000000000000b0e2       0x82 D:\Word\Code\Gitcode\MRS_DATA\CH573EVT\EVT\EXAM\BLE\LIB\libCH57xBLE.a(l2cap_output.o)
                0x000000000000b0e2                L2CAP_SendData
 .text.l2capSendCmd
                0x000000000000b164       0x8a D:\Word\Code\Gitcode\MRS_DATA\CH573EVT\EVT\EXAM\BLE\LIB\libCH57xBLE.a(l2cap_output.o)
                0x000000000000b164                l2capSendCmd
 .text.l2capSendReq
                0x000000000000b1ee       0xbc D:\Word\Code\Gitcode\MRS_DATA\CH573EVT\EVT\EXAM\BLE\LIB\libCH57xBLE.a(l2cap_output.o)
                0x000000000000b1ee                l2capSendReq
 .text.l2capBuildDisconnectReq
                0x000000000000b2aa       0x28 D:\Word\Code\Gitcode\MRS_DATA\CH573EVT\EVT\EXAM\BLE\LIB\libCH57xBLE.a(l2cap_sdu.o)
 .text.l2capBuildParamUpdateReq
                0x000000000000b2d2       0x4c D:\Word\Code\Gitcode\MRS_DATA\CH573EVT\EVT\EXAM\BLE\LIB\libCH57xBLE.a(l2cap_sdu.o)
 .text.l2capBuildParamUpdateRsp
                0x000000000000b31e       0x16 D:\Word\Code\Gitcode\MRS_DATA\CH573EVT\EVT\EXAM\BLE\LIB\libCH57xBLE.a(l2cap_sdu.o)
 .text.l2capBuildConnectRsp
                0x000000000000b334       0x5e D:\Word\Code\Gitcode\MRS_DATA\CH573EVT\EVT\EXAM\BLE\LIB\libCH57xBLE.a(l2cap_sdu.o)
 .text.l2capBuildCmdReject
                0x000000000000b392       0x62 D:\Word\Code\Gitcode\MRS_DATA\CH573EVT\EVT\EXAM\BLE\LIB\libCH57xBLE.a(l2cap_sdu.o)
                0x000000000000b392                l2capBuildCmdReject
 .text.l2capBuildDisconnectRsp
                0x000000000000b3f4       0x28 D:\Word\Code\Gitcode\MRS_DATA\CH573EVT\EVT\EXAM\BLE\LIB\libCH57xBLE.a(l2cap_sdu.o)
                0x000000000000b3f4                l2capBuildDisconnectRsp
 .text.l2capSendConnectRsp
                0x000000000000b41c       0xa2 D:\Word\Code\Gitcode\MRS_DATA\CH573EVT\EVT\EXAM\BLE\LIB\libCH57xBLE.a(l2cap_sdu.o)
                0x000000000000b41c                l2capSendConnectRsp
 .text.L2CAP_CmdReject
                0x000000000000b4be       0x12 D:\Word\Code\Gitcode\MRS_DATA\CH573EVT\EVT\EXAM\BLE\LIB\libCH57xBLE.a(l2cap_sdu.o)
                0x000000000000b4be                L2CAP_CmdReject
 .text.L2CAP_DisconnectReq
                0x000000000000b4d0       0x2a D:\Word\Code\Gitcode\MRS_DATA\CH573EVT\EVT\EXAM\BLE\LIB\libCH57xBLE.a(l2cap_sdu.o)
                0x000000000000b4d0                L2CAP_DisconnectReq
 .text.L2CAP_ConnParamUpdateReq
                0x000000000000b4fa       0x16 D:\Word\Code\Gitcode\MRS_DATA\CH573EVT\EVT\EXAM\BLE\LIB\libCH57xBLE.a(l2cap_sdu.o)
                0x000000000000b4fa                L2CAP_ConnParamUpdateReq
 .text.L2CAP_ConnParamUpdateRsp
                0x000000000000b510       0x12 D:\Word\Code\Gitcode\MRS_DATA\CH573EVT\EVT\EXAM\BLE\LIB\libCH57xBLE.a(l2cap_sdu.o)
                0x000000000000b510                L2CAP_ConnParamUpdateRsp
 .text.reportStatusChange
                0x000000000000b522       0x3e D:\Word\Code\Gitcode\MRS_DATA\CH573EVT\EVT\EXAM\BLE\LIB\libCH57xBLE.a(linkdb.o)
 .text.linkDB_Init
                0x000000000000b560       0x88 D:\Word\Code\Gitcode\MRS_DATA\CH573EVT\EVT\EXAM\BLE\LIB\libCH57xBLE.a(linkdb.o)
                0x000000000000b560                linkDB_Init
 .text.linkDB_Find
                0x000000000000b5e8       0x2c D:\Word\Code\Gitcode\MRS_DATA\CH573EVT\EVT\EXAM\BLE\LIB\libCH57xBLE.a(linkdb.o)
                0x000000000000b5e8                linkDB_Find
 .text.linkDB_Authen
                0x000000000000b614       0x5c D:\Word\Code\Gitcode\MRS_DATA\CH573EVT\EVT\EXAM\BLE\LIB\libCH57xBLE.a(linkdb.o)
                0x000000000000b614                linkDB_Authen
 .text.linkDB_FindByAddr
                0x000000000000b670       0x76 D:\Word\Code\Gitcode\MRS_DATA\CH573EVT\EVT\EXAM\BLE\LIB\libCH57xBLE.a(linkdb.o)
                0x000000000000b670                linkDB_FindByAddr
 .text.linkDB_FindFirst
                0x000000000000b6e6       0x38 D:\Word\Code\Gitcode\MRS_DATA\CH573EVT\EVT\EXAM\BLE\LIB\libCH57xBLE.a(linkdb.o)
                0x000000000000b6e6                linkDB_FindFirst
 .text.linkDB_MTU
                0x000000000000b71e       0x18 D:\Word\Code\Gitcode\MRS_DATA\CH573EVT\EVT\EXAM\BLE\LIB\libCH57xBLE.a(linkdb.o)
                0x000000000000b71e                linkDB_MTU
 .text.linkDB_NumActive
                0x000000000000b736       0x2e D:\Word\Code\Gitcode\MRS_DATA\CH573EVT\EVT\EXAM\BLE\LIB\libCH57xBLE.a(linkdb.o)
                0x000000000000b736                linkDB_NumActive
 .text.linkDB_NumConns
                0x000000000000b764        0x6 D:\Word\Code\Gitcode\MRS_DATA\CH573EVT\EVT\EXAM\BLE\LIB\libCH57xBLE.a(linkdb.o)
                0x000000000000b764                linkDB_NumConns
 .text.linkDB_Register
                0x000000000000b76a       0x28 D:\Word\Code\Gitcode\MRS_DATA\CH573EVT\EVT\EXAM\BLE\LIB\libCH57xBLE.a(linkdb.o)
                0x000000000000b76a                linkDB_Register
 .text.linkDB_Remove
                0x000000000000b792       0x48 D:\Word\Code\Gitcode\MRS_DATA\CH573EVT\EVT\EXAM\BLE\LIB\libCH57xBLE.a(linkdb.o)
                0x000000000000b792                linkDB_Remove
 .text.linkDB_Role
                0x000000000000b7da       0x18 D:\Word\Code\Gitcode\MRS_DATA\CH573EVT\EVT\EXAM\BLE\LIB\libCH57xBLE.a(linkdb.o)
                0x000000000000b7da                linkDB_Role
 .text.linkDB_State
                0x000000000000b7f2       0x30 D:\Word\Code\Gitcode\MRS_DATA\CH573EVT\EVT\EXAM\BLE\LIB\libCH57xBLE.a(linkdb.o)
                0x000000000000b7f2                linkDB_State
 .text.linkDB_UpdateMTU
                0x000000000000b822       0x28 D:\Word\Code\Gitcode\MRS_DATA\CH573EVT\EVT\EXAM\BLE\LIB\libCH57xBLE.a(linkdb.o)
                0x000000000000b822                linkDB_UpdateMTU
 .text.linkDB_PerformFunc
                0x000000000000b84a       0x52 D:\Word\Code\Gitcode\MRS_DATA\CH573EVT\EVT\EXAM\BLE\LIB\libCH57xBLE.a(linkdb.o)
                0x000000000000b84a                linkDB_PerformFunc
 .text.linkDB_PeripheralLinkNum
                0x000000000000b89c       0x3e D:\Word\Code\Gitcode\MRS_DATA\CH573EVT\EVT\EXAM\BLE\LIB\libCH57xBLE.a(linkdb.o)
                0x000000000000b89c                linkDB_PeripheralLinkNum
 .text.linkDB_GetSMEvtID
                0x000000000000b8da       0x58 D:\Word\Code\Gitcode\MRS_DATA\CH573EVT\EVT\EXAM\BLE\LIB\libCH57xBLE.a(linkdb.o)
                0x000000000000b8da                linkDB_GetSMEvtID
 .text.linkDB_Add
                0x000000000000b932       0xb2 D:\Word\Code\Gitcode\MRS_DATA\CH573EVT\EVT\EXAM\BLE\LIB\libCH57xBLE.a(linkdb.o)
                0x000000000000b932                linkDB_Add
 .text.linkDB_GetHandleFromSMEvtID
                0x000000000000b9e4       0x32 D:\Word\Code\Gitcode\MRS_DATA\CH573EVT\EVT\EXAM\BLE\LIB\libCH57xBLE.a(linkdb.o)
                0x000000000000b9e4                linkDB_GetHandleFromSMEvtID
 .text.linkDB_GetPairingParam
                0x000000000000ba16       0x54 D:\Word\Code\Gitcode\MRS_DATA\CH573EVT\EVT\EXAM\BLE\LIB\libCH57xBLE.a(linkdb.o)
                0x000000000000ba16                linkDB_GetPairingParam
 .text.linkDB_NeedSendKey
                0x000000000000ba6a       0x42 D:\Word\Code\Gitcode\MRS_DATA\CH573EVT\EVT\EXAM\BLE\LIB\libCH57xBLE.a(linkdb.o)
                0x000000000000ba6a                linkDB_NeedSendKey
 .text.smpBuildPairingFailed
                0x000000000000baac       0x1a D:\Word\Code\Gitcode\MRS_DATA\CH573EVT\EVT\EXAM\BLE\LIB\libCH57xBLE.a(sm.o)
                0x000000000000baac                smpBuildPairingFailed
 .text.SM_StartEncryption
                0x000000000000bac6       0x98 D:\Word\Code\Gitcode\MRS_DATA\CH573EVT\EVT\EXAM\BLE\LIB\libCH57xBLE.a(sm.o)
                0x000000000000bac6                SM_StartEncryption
 .text.smpBuildEncInfo
                0x000000000000bb5e       0x30 D:\Word\Code\Gitcode\MRS_DATA\CH573EVT\EVT\EXAM\BLE\LIB\libCH57xBLE.a(sm.o)
                0x000000000000bb5e                smpBuildEncInfo
 .text.smpBuildIdentityAddrInfo
                0x000000000000bb8e       0x3a D:\Word\Code\Gitcode\MRS_DATA\CH573EVT\EVT\EXAM\BLE\LIB\libCH57xBLE.a(sm.o)
                0x000000000000bb8e                smpBuildIdentityAddrInfo
 .text.smpBuildIdentityInfo
                0x000000000000bbc8       0x30 D:\Word\Code\Gitcode\MRS_DATA\CH573EVT\EVT\EXAM\BLE\LIB\libCH57xBLE.a(sm.o)
                0x000000000000bbc8                smpBuildIdentityInfo
 .text.smpBuildMasterID
                0x000000000000bbf8       0x44 D:\Word\Code\Gitcode\MRS_DATA\CH573EVT\EVT\EXAM\BLE\LIB\libCH57xBLE.a(sm.o)
                0x000000000000bbf8                smpBuildMasterID
 .text.smpBuildPairingConfirm
                0x000000000000bc3c       0x30 D:\Word\Code\Gitcode\MRS_DATA\CH573EVT\EVT\EXAM\BLE\LIB\libCH57xBLE.a(sm.o)
                0x000000000000bc3c                smpBuildPairingConfirm
 .text.smpBuildPairingRandom
                0x000000000000bc6c       0x30 D:\Word\Code\Gitcode\MRS_DATA\CH573EVT\EVT\EXAM\BLE\LIB\libCH57xBLE.a(sm.o)
                0x000000000000bc6c                smpBuildPairingRandom
 .text.smpBuildSigningInfo
                0x000000000000bc9c       0x30 D:\Word\Code\Gitcode\MRS_DATA\CH573EVT\EVT\EXAM\BLE\LIB\libCH57xBLE.a(sm.o)
                0x000000000000bc9c                smpBuildSigningInfo
 .text.SM_ParamInit
                0x000000000000bccc       0x5a D:\Word\Code\Gitcode\MRS_DATA\CH573EVT\EVT\EXAM\BLE\LIB\libCH57xBLE.a(sm.o)
                0x000000000000bccc                SM_ParamInit
 .text.smDetermineKeySize
                0x000000000000bd26       0x20 D:\Word\Code\Gitcode\MRS_DATA\CH573EVT\EVT\EXAM\BLE\LIB\libCH57xBLE.a(sm.o)
                0x000000000000bd26                smDetermineKeySize
 .text.smProcessRandComplete
                0x000000000000bd46       0x9e D:\Word\Code\Gitcode\MRS_DATA\CH573EVT\EVT\EXAM\BLE\LIB\libCH57xBLE.a(sm.o)
                0x000000000000bd46                smProcessRandComplete
 .text.smSavePairInfo
                0x000000000000bde4      0x186 D:\Word\Code\Gitcode\MRS_DATA\CH573EVT\EVT\EXAM\BLE\LIB\libCH57xBLE.a(sm.o)
                0x000000000000bde4                smSavePairInfo
 .text.smSetPairingReqRsp
                0x000000000000bf6a       0x38 D:\Word\Code\Gitcode\MRS_DATA\CH573EVT\EVT\EXAM\BLE\LIB\libCH57xBLE.a(sm.o)
                0x000000000000bf6a                smSetPairingReqRsp
 .text.smStartEncryption
                0x000000000000bfa2       0x16 D:\Word\Code\Gitcode\MRS_DATA\CH573EVT\EVT\EXAM\BLE\LIB\libCH57xBLE.a(sm.o)
                0x000000000000bfa2                smStartEncryption
 .text.smStartRspTimer
                0x000000000000bfb8       0x36 D:\Word\Code\Gitcode\MRS_DATA\CH573EVT\EVT\EXAM\BLE\LIB\libCH57xBLE.a(sm.o)
                0x000000000000bfb8                smStartRspTimer
 .text.smSendSMMsg
                0x000000000000bfee       0x5c D:\Word\Code\Gitcode\MRS_DATA\CH573EVT\EVT\EXAM\BLE\LIB\libCH57xBLE.a(sm.o)
                0x000000000000bfee                smSendSMMsg
 .text.smGenerateConfirm
                0x000000000000c04a       0x34 D:\Word\Code\Gitcode\MRS_DATA\CH573EVT\EVT\EXAM\BLE\LIB\libCH57xBLE.a(sm.o)
                0x000000000000c04a                smGenerateConfirm
 .text.smGenerateRandMsg
                0x000000000000c07e       0x34 D:\Word\Code\Gitcode\MRS_DATA\CH573EVT\EVT\EXAM\BLE\LIB\libCH57xBLE.a(sm.o)
                0x000000000000c07e                smGenerateRandMsg
 .text.smPairingSendEncInfo
                0x000000000000c0b2       0x10 D:\Word\Code\Gitcode\MRS_DATA\CH573EVT\EVT\EXAM\BLE\LIB\libCH57xBLE.a(sm.o)
                0x000000000000c0b2                smPairingSendEncInfo
 .text.smPairingSendIdentityAddrInfo
                0x000000000000c0c2       0x38 D:\Word\Code\Gitcode\MRS_DATA\CH573EVT\EVT\EXAM\BLE\LIB\libCH57xBLE.a(sm.o)
                0x000000000000c0c2                smPairingSendIdentityAddrInfo
 .text.smPairingSendIdentityInfo
                0x000000000000c0fa       0x10 D:\Word\Code\Gitcode\MRS_DATA\CH573EVT\EVT\EXAM\BLE\LIB\libCH57xBLE.a(sm.o)
                0x000000000000c0fa                smPairingSendIdentityInfo
 .text.smPairingSendMasterID
                0x000000000000c10a       0x38 D:\Word\Code\Gitcode\MRS_DATA\CH573EVT\EVT\EXAM\BLE\LIB\libCH57xBLE.a(sm.o)
                0x000000000000c10a                smPairingSendMasterID
 .text.smPairingSendSingingInfo
                0x000000000000c142       0x10 D:\Word\Code\Gitcode\MRS_DATA\CH573EVT\EVT\EXAM\BLE\LIB\libCH57xBLE.a(sm.o)
                0x000000000000c142                smPairingSendSingingInfo
 .text.smInitiatorSendNextKeyInfo
                0x000000000000c152      0x1c2 D:\Word\Code\Gitcode\MRS_DATA\CH573EVT\EVT\EXAM\BLE\LIB\libCH57xBLE.a(sm.o)
                0x000000000000c152                smInitiatorSendNextKeyInfo
 .text.smResponderSendNextKeyInfo
                0x000000000000c314      0x216 D:\Word\Code\Gitcode\MRS_DATA\CH573EVT\EVT\EXAM\BLE\LIB\libCH57xBLE.a(sm.o)
                0x000000000000c314                smResponderSendNextKeyInfo
 .text.smGeneratePairingReqRsp
                0x000000000000c52a       0x3e D:\Word\Code\Gitcode\MRS_DATA\CH573EVT\EVT\EXAM\BLE\LIB\libCH57xBLE.a(sm.o)
                0x000000000000c52a                smGeneratePairingReqRsp
 .text.smStopRspTimer
                0x000000000000c568        0xa D:\Word\Code\Gitcode\MRS_DATA\CH573EVT\EVT\EXAM\BLE\LIB\libCH57xBLE.a(sm.o)
                0x000000000000c568                smStopRspTimer
 .text.smFreePairingParams
                0x000000000000c572       0x68 D:\Word\Code\Gitcode\MRS_DATA\CH573EVT\EVT\EXAM\BLE\LIB\libCH57xBLE.a(sm.o)
                0x000000000000c572                smFreePairingParams
 .text.smEndPairing
                0x000000000000c5da       0x5c D:\Word\Code\Gitcode\MRS_DATA\CH573EVT\EVT\EXAM\BLE\LIB\libCH57xBLE.a(sm.o)
                0x000000000000c5da                smEndPairing
 .text.setupInitiatorKeys
                0x000000000000c636       0x82 D:\Word\Code\Gitcode\MRS_DATA\CH573EVT\EVT\EXAM\BLE\LIB\libCH57xBLE.a(sm.o)
                0x000000000000c636                setupInitiatorKeys
 .text.smNextPairingState
                0x000000000000c6b8       0x56 D:\Word\Code\Gitcode\MRS_DATA\CH573EVT\EVT\EXAM\BLE\LIB\libCH57xBLE.a(sm.o)
                0x000000000000c6b8                smNextPairingState
 .text.smProcessEncryptChange
                0x000000000000c70e       0xde D:\Word\Code\Gitcode\MRS_DATA\CH573EVT\EVT\EXAM\BLE\LIB\libCH57xBLE.a(sm.o)
                0x000000000000c70e                smProcessEncryptChange
 .text.smSendFailAndEnd
                0x000000000000c7ec       0x38 D:\Word\Code\Gitcode\MRS_DATA\CH573EVT\EVT\EXAM\BLE\LIB\libCH57xBLE.a(sm.o)
                0x000000000000c7ec                smSendFailAndEnd
 .text.smProcessPairingReq
                0x000000000000c824       0x3c D:\Word\Code\Gitcode\MRS_DATA\CH573EVT\EVT\EXAM\BLE\LIB\libCH57xBLE.a(sm.o)
                0x000000000000c824                smProcessPairingReq
 .text.smLinkCheck
                0x000000000000c860       0x34 D:\Word\Code\Gitcode\MRS_DATA\CH573EVT\EVT\EXAM\BLE\LIB\libCH57xBLE.a(sm.o)
                0x000000000000c860                smLinkCheck
 .text.smTimedOut
                0x000000000000c894       0x20 D:\Word\Code\Gitcode\MRS_DATA\CH573EVT\EVT\EXAM\BLE\LIB\libCH57xBLE.a(sm.o)
                0x000000000000c894                smTimedOut
 .text.smUint8ToAuthReq
                0x000000000000c8b4        0x6 D:\Word\Code\Gitcode\MRS_DATA\CH573EVT\EVT\EXAM\BLE\LIB\libCH57xBLE.a(sm.o)
                0x000000000000c8b4                smUint8ToAuthReq
 .text.sm_ah    0x000000000000c8ba       0x80 D:\Word\Code\Gitcode\MRS_DATA\CH573EVT\EVT\EXAM\BLE\LIB\libCH57xBLE.a(sm.o)
                0x000000000000c8ba                sm_ah
 .text.sm_xor   0x000000000000c93a       0x24 D:\Word\Code\Gitcode\MRS_DATA\CH573EVT\EVT\EXAM\BLE\LIB\libCH57xBLE.a(sm.o)
                0x000000000000c93a                sm_xor
 .text.sm_c1new
                0x000000000000c95e      0x11c D:\Word\Code\Gitcode\MRS_DATA\CH573EVT\EVT\EXAM\BLE\LIB\libCH57xBLE.a(sm.o)
                0x000000000000c95e                sm_c1new
 .text.sm_s1    0x000000000000ca7a       0x86 D:\Word\Code\Gitcode\MRS_DATA\CH573EVT\EVT\EXAM\BLE\LIB\libCH57xBLE.a(sm.o)
                0x000000000000ca7a                sm_s1
 .text.smResponderProcessLTKReq
                0x000000000000cb00      0x1e6 D:\Word\Code\Gitcode\MRS_DATA\CH573EVT\EVT\EXAM\BLE\LIB\libCH57xBLE.a(sm.o)
                0x000000000000cb00                smResponderProcessLTKReq
 .text.xor_128  0x000000000000cce6       0x28 D:\Word\Code\Gitcode\MRS_DATA\CH573EVT\EVT\EXAM\BLE\LIB\libCH57xBLE.a(sm.o)
                0x000000000000cce6                xor_128
 .text.leftshift_onebit
                0x000000000000cd0e       0x2e D:\Word\Code\Gitcode\MRS_DATA\CH573EVT\EVT\EXAM\BLE\LIB\libCH57xBLE.a(sm.o)
                0x000000000000cd0e                leftshift_onebit
 .text.padding  0x000000000000cd3c       0x38 D:\Word\Code\Gitcode\MRS_DATA\CH573EVT\EVT\EXAM\BLE\LIB\libCH57xBLE.a(sm.o)
                0x000000000000cd3c                padding
 .text.generate_subkey
                0x000000000000cd74       0xd0 D:\Word\Code\Gitcode\MRS_DATA\CH573EVT\EVT\EXAM\BLE\LIB\libCH57xBLE.a(sm.o)
                0x000000000000cd74                generate_subkey
 .text.sm_CMAC  0x000000000000ce44      0x16e D:\Word\Code\Gitcode\MRS_DATA\CH573EVT\EVT\EXAM\BLE\LIB\libCH57xBLE.a(sm.o)
                0x000000000000ce44                sm_CMAC
 .text.smpBuildPairingReqRsp
                0x000000000000cfb2       0xc6 D:\Word\Code\Gitcode\MRS_DATA\CH573EVT\EVT\EXAM\BLE\LIB\libCH57xBLE.a(sm.o)
                0x000000000000cfb2                smpBuildPairingReqRsp
 .text.smpBuildPairingReq
                0x000000000000d078        0xa D:\Word\Code\Gitcode\MRS_DATA\CH573EVT\EVT\EXAM\BLE\LIB\libCH57xBLE.a(sm.o)
                0x000000000000d078                smpBuildPairingReq
 .text.smpBuildPairingRsp
                0x000000000000d082        0xa D:\Word\Code\Gitcode\MRS_DATA\CH573EVT\EVT\EXAM\BLE\LIB\libCH57xBLE.a(sm.o)
                0x000000000000d082                smpBuildPairingRsp
 .text.sm_c1    0x000000000000d08c       0xb4 D:\Word\Code\Gitcode\MRS_DATA\CH573EVT\EVT\EXAM\BLE\LIB\libCH57xBLE.a(sm.o)
                0x000000000000d08c                sm_c1
 .text.smpBuildSecurityReq
                0x000000000000d140       0x1a D:\Word\Code\Gitcode\MRS_DATA\CH573EVT\EVT\EXAM\BLE\LIB\libCH57xBLE.a(sm.o)
                0x000000000000d140                smpBuildSecurityReq
 .text.smpInitiatorProcessPairingRsp
                0x000000000000d15a      0x116 D:\Word\Code\Gitcode\MRS_DATA\CH573EVT\EVT\EXAM\BLE\LIB\libCH57xBLE.a(sm.o)
                0x000000000000d15a                smpInitiatorProcessPairingRsp
 .text.smpInitiatorProcessIncoming
                0x000000000000d270      0x23e D:\Word\Code\Gitcode\MRS_DATA\CH573EVT\EVT\EXAM\BLE\LIB\libCH57xBLE.a(sm.o)
                0x000000000000d270                smpInitiatorProcessIncoming
 .text.smpParseEncInfo
                0x000000000000d4ae       0x2a D:\Word\Code\Gitcode\MRS_DATA\CH573EVT\EVT\EXAM\BLE\LIB\libCH57xBLE.a(sm.o)
                0x000000000000d4ae                smpParseEncInfo
 .text.smpParseIdentityAddrInfo