Archive member included to satisfy reference by file (symbol)

D:\Word\Code\Gitcode\MRS_DATA\CH573EVT\EVT\EXAM\SRC\StdPeriphDriver\libISP573.a(ISP573.o)
                              ./StdPeriphDriver/CH57x_flash.o (FLASH_EEPROM_CMD)
D:\Word\Code\Gitcode\MRS_DATA\CH573EVT\EVT\EXAM\BLE\LIB\libCH57xBLE.a(message.o)
                              ./HAL/MCU.o (tmos_msg_deallocate)
D:\Word\Code\Gitcode\MRS_DATA\CH573EVT\EVT\EXAM\BLE\LIB\libCH57xBLE.a(tmos.o)
                              ./Profile/devinfoservice.o (tmos_memcpy)
D:\Word\Code\Gitcode\MRS_DATA\CH573EVT\EVT\EXAM\BLE\LIB\libCH57xBLE.a(tmos_hw.o)
                              D:\Word\Code\Gitcode\MRS_DATA\CH573EVT\EVT\EXAM\BLE\LIB\libCH57xBLE.a(tmos.o) (RTC_Get32KClock)
D:\Word\Code\Gitcode\MRS_DATA\CH573EVT\EVT\EXAM\BLE\LIB\libCH57xBLE.a(tmos_snv.o)
                              D:\Word\Code\Gitcode\MRS_DATA\CH573EVT\EVT\EXAM\BLE\LIB\libCH57xBLE.a(tmos.o) (tmos_snv_init)
D:\Word\Code\Gitcode\MRS_DATA\CH573EVT\EVT\EXAM\BLE\LIB\libCH57xBLE.a(att.o)
                              ./APP/peripheral.o (ATT_GetMTU)
D:\Word\Code\Gitcode\MRS_DATA\CH573EVT\EVT\EXAM\BLE\LIB\libCH57xBLE.a(att_client.o)
                              D:\Word\Code\Gitcode\MRS_DATA\CH573EVT\EVT\EXAM\BLE\LIB\libCH57xBLE.a(att.o) (ATT_HandleValueConfirmation)
D:\Word\Code\Gitcode\MRS_DATA\CH573EVT\EVT\EXAM\BLE\LIB\libCH57xBLE.a(gap.o)
                              ./APP/peripheral.o (GAP_SetParamValue)
D:\Word\Code\Gitcode\MRS_DATA\CH573EVT\EVT\EXAM\BLE\LIB\libCH57xBLE.a(gap_central.o)
                              D:\Word\Code\Gitcode\MRS_DATA\CH573EVT\EVT\EXAM\BLE\LIB\libCH57xBLE.a(gap.o) (GAP_CentralParamInit)
D:\Word\Code\Gitcode\MRS_DATA\CH573EVT\EVT\EXAM\BLE\LIB\libCH57xBLE.a(gap_peripheral.o)
                              D:\Word\Code\Gitcode\MRS_DATA\CH573EVT\EVT\EXAM\BLE\LIB\libCH57xBLE.a(gap.o) (GAP_PeripheralParamInit)
D:\Word\Code\Gitcode\MRS_DATA\CH573EVT\EVT\EXAM\BLE\LIB\libCH57xBLE.a(gapgattserver.o)
                              ./APP/peripheral.o (GGS_SetParameter)
D:\Word\Code\Gitcode\MRS_DATA\CH573EVT\EVT\EXAM\BLE\LIB\libCH57xBLE.a(gatt.o)
                              ./APP/peripheral.o (GATT_bm_alloc)
D:\Word\Code\Gitcode\MRS_DATA\CH573EVT\EVT\EXAM\BLE\LIB\libCH57xBLE.a(gatt_uuid.o)
                              D:\Word\Code\Gitcode\MRS_DATA\CH573EVT\EVT\EXAM\BLE\LIB\libCH57xBLE.a(gatt.o) (serviceChangedUUID)
D:\Word\Code\Gitcode\MRS_DATA\CH573EVT\EVT\EXAM\BLE\LIB\libCH57xBLE.a(gattclientapp.o)
                              D:\Word\Code\Gitcode\MRS_DATA\CH573EVT\EVT\EXAM\BLE\LIB\libCH57xBLE.a(gatt.o) (gattGetClientStatus)
D:\Word\Code\Gitcode\MRS_DATA\CH573EVT\EVT\EXAM\BLE\LIB\libCH57xBLE.a(gattservapp.o)
                              ./APP/ble_uart_service/ble_uart_service_16bit.o (GATTServApp_ReadCharCfg)
D:\Word\Code\Gitcode\MRS_DATA\CH573EVT\EVT\EXAM\BLE\LIB\libCH57xBLE.a(l2cap.o)
                              D:\Word\Code\Gitcode\MRS_DATA\CH573EVT\EVT\EXAM\BLE\LIB\libCH57xBLE.a(att.o) (L2CAP_GetMTU)
D:\Word\Code\Gitcode\MRS_DATA\CH573EVT\EVT\EXAM\BLE\LIB\libCH57xBLE.a(l2cap_input.o)
                              D:\Word\Code\Gitcode\MRS_DATA\CH573EVT\EVT\EXAM\BLE\LIB\libCH57xBLE.a(l2cap.o) (l2capProcessRxData)
D:\Word\Code\Gitcode\MRS_DATA\CH573EVT\EVT\EXAM\BLE\LIB\libCH57xBLE.a(l2cap_output.o)
                              D:\Word\Code\Gitcode\MRS_DATA\CH573EVT\EVT\EXAM\BLE\LIB\libCH57xBLE.a(l2cap_input.o) (l2capNotifyData)
D:\Word\Code\Gitcode\MRS_DATA\CH573EVT\EVT\EXAM\BLE\LIB\libCH57xBLE.a(l2cap_sdu.o)
                              D:\Word\Code\Gitcode\MRS_DATA\CH573EVT\EVT\EXAM\BLE\LIB\libCH57xBLE.a(l2cap_input.o) (l2capBuildDisconnectRsp)
D:\Word\Code\Gitcode\MRS_DATA\CH573EVT\EVT\EXAM\BLE\LIB\libCH57xBLE.a(linkdb.o)
                              D:\Word\Code\Gitcode\MRS_DATA\CH573EVT\EVT\EXAM\BLE\LIB\libCH57xBLE.a(l2cap.o) (linkDB_Init)
D:\Word\Code\Gitcode\MRS_DATA\CH573EVT\EVT\EXAM\BLE\LIB\libCH57xBLE.a(sm.o)
                              D:\Word\Code\Gitcode\MRS_DATA\CH573EVT\EVT\EXAM\BLE\LIB\libCH57xBLE.a(gap.o) (smStartEncryption)
D:\Word\Code\Gitcode\MRS_DATA\CH573EVT\EVT\EXAM\BLE\LIB\libCH57xBLE.a(host_input.o)
                              D:\Word\Code\Gitcode\MRS_DATA\CH573EVT\EVT\EXAM\BLE\LIB\libCH57xBLE.a(gap.o) (gBleHostPara)
D:\Word\Code\Gitcode\MRS_DATA\CH573EVT\EVT\EXAM\BLE\LIB\libCH57xBLE.a(host_output.o)
                              D:\Word\Code\Gitcode\MRS_DATA\CH573EVT\EVT\EXAM\BLE\LIB\libCH57xBLE.a(gap.o) (HCI_DisconnectCmd)
D:\Word\Code\Gitcode\MRS_DATA\CH573EVT\EVT\EXAM\BLE\LIB\libCH57xBLE.a(ll_connect.o)
                              D:\Word\Code\Gitcode\MRS_DATA\CH573EVT\EVT\EXAM\BLE\LIB\libCH57xBLE.a(tmos.o) (LL_GetNextConnectEventTime)
D:\Word\Code\Gitcode\MRS_DATA\CH573EVT\EVT\EXAM\BLE\LIB\libCH57xBLE.a(ll_core.o)
                              D:\Word\Code\Gitcode\MRS_DATA\CH573EVT\EVT\EXAM\BLE\LIB\libCH57xBLE.a(ll_connect.o) (LL_CoreGetCore)
D:\Word\Code\Gitcode\MRS_DATA\CH573EVT\EVT\EXAM\BLE\LIB\libCH57xBLE.a(ll_hop.o)
[...]
Memory Configuration

Name             Origin             Length             Attributes
FLASH            0x0000000000000000 0x0000000000070000 xr
RAM              0x0000000020003800 0x0000000000004800 xrw
*default*        0x0000000000000000 0xffffffffffffffff

Linker script and memory map

LOAD ./StdPeriphDriver/CH57x_adc.o
LOAD ./StdPeriphDriver/CH57x_clk.o
LOAD ./StdPeriphDriver/CH57x_flash.o
LOAD ./StdPeriphDriver/CH57x_gpio.o
LOAD ./StdPeriphDriver/CH57x_pwr.o
LOAD ./StdPeriphDriver/CH57x_spi0.o
LOAD ./StdPeriphDriver/CH57x_sys.o
LOAD ./StdPeriphDriver/CH57x_timer0.o
LOAD ./StdPeriphDriver/CH57x_uart1.o
LOAD ./StdPeriphDriver/CH57x_uart3.o
LOAD ./Startup/startup_CH573.o
LOAD ./RVMSIS/core_riscv.o
LOAD ./Profile/devinfoservice.o
LOAD ./HAL/MCU.o
LOAD ./HAL/RTC.o
LOAD ./HAL/SLEEP.o
LOAD ./APP/ble_uart_service/ble_uart_service_16bit.o
LOAD ./APP/app_drv_fifo/app_drv_fifo.o
LOAD ./APP/peripheral.o
LOAD ./APP/peripheral_main.o
LOAD ./APP/ws2812.o
LOAD D:\Word\Code\Gitcode\MRS_DATA\CH573EVT\EVT\EXAM\SRC\StdPeriphDriver\libISP573.a
LOAD D:\Word\Code\Gitcode\MRS_DATA\CH573EVT\EVT\EXAM\BLE\LIB\libCH57xBLE.a
LOAD f:/mounriver/mounriver_studio/toolchain/risc-v embedded gcc/bin/../lib/gcc/riscv-none-embed/8.2.0/rv32imac/ilp32\libgcc.a
LOAD f:/mounriver/mounriver_studio/toolchain/risc-v embedded gcc/bin/../lib/gcc/riscv-none-embed/8.2.0/../../../../riscv-none-embed/lib/rv32imac/ilp32\libg_nano.a
LOAD f:/mounriver/mounriver_studio/toolchain/risc-v embedded gcc/bin/../lib/gcc/riscv-none-embed/8.2.0/../../../../riscv-none-embed/lib/rv32imac/ilp32\libc_nano.a
LOAD f:/mounriver/mounriver_studio/toolchain/risc-v embedded gcc/bin/../lib/gcc/riscv-none-embed/8.2.0/rv32imac/ilp32\libgcc.a
START GROUP
LOAD f:/mounriver/mounriver_studio/toolchain/risc-v embedded gcc/bin/../lib/gcc/riscv-none-embed/8.2.0/rv32imac/ilp32\libgcc.a
LOAD f:/mounriver/mounriver_studio/toolchain/risc-v embedded gcc/bin/../lib/gcc/riscv-none-embed/8.2.0/../../../../riscv-none-embed/lib/rv32imac/ilp32\libc_nano.a
LOAD f:/mounriver/mounriver_studio/toolchain/risc-v embedded gcc/bin/../lib/gcc/riscv-none-embed/8.2.0/../../../../riscv-none-embed/lib/rv32imac/ilp32\libnosys.a
END GROUP
START GROUP
LOAD f:/mounriver/mounriver_studio/toolchain/risc-v embedded gcc/bin/../lib/gcc/riscv-none-embed/8.2.0/rv32imac/ilp32\libgcc.a
LOAD f:/mounriver/mounriver_studio/toolchain/risc-v embedded gcc/bin/../lib/gcc/riscv-none-embed/8.2.0/../../../../riscv-none-embed/lib/rv32imac/ilp32\libc_nano.a
LOAD f:/mounriver/mounriver_studio/toolchain/risc-v embedded gcc/bin/../lib/gcc/riscv-none-embed/8.2.0/../../../../riscv-none-embed/lib/rv32imac/ilp32\libnosys.a
END GROUP
                0x0000000000000200                __stack_size = 0x200
                [!provide]                        PROVIDE (_stack_size = __stack_size)

.init           0x0000000000000000        0x4
                0x0000000000000000                _sinit = .
                0x0000000000000000                . = ALIGN (0x4)
 *(SORT_NONE(.init))
 .init          0x0000000000000000        0x4 ./Startup/startup_CH573.o
                0x0000000000000000                _start
                0x0000000000000004                . = ALIGN (0x4)
                0x0000000000000004                _einit = .

.highcodelalign
                0x0000000000000004        0x0
                0x0000000000000004                . = ALIGN (0x4)
                0x0000000000000004                PROVIDE (_highcode_lma = .)

.highcode       0x0000000020003800     0x123c load address 0x0000000000000004
                0x0000000020003800                . = ALIGN (0x4)
                0x0000000020003800                PROVIDE (_highcode_vma_start = .)
 *(.vector)
 .vector        0x0000000020003800       0x90 ./Startup/startup_CH573.o
 *(SORT_NONE(.vector_handler))
 .vector_handler
                0x0000000020003890       0x2c ./Startup/startup_CH573.o
                0x0000000020003890                NMI_Handler
                0x0000000020003894                SysTick_Handler
                0x0000000020003896                SW_Handler
                0x0000000020003898                TMR0_IRQHandler
                0x000000002000389a                GPIOA_IRQHandler
                0x000000002000389c                GPIOB_IRQHandler
                0x000000002000389e                SPI0_IRQHandler
                0x00000000200038a0                BB_IRQHandler
                0x00000000200038a2                LLE_IRQHandler
                0x00000000200038a4                USB_IRQHandler
                0x00000000200038a6                TMR1_IRQHandler
                0x00000000200038a8                TMR2_IRQHandler
                0x00000000200038aa                UART0_IRQHandler
                0x00000000200038ac                UART1_IRQHandler
                0x00000000200038b0                ADC_IRQHandler
                0x00000000200038b2                PWMX_IRQHandler
                0x00000000200038b4                TMR3_IRQHandler
                0x00000000200038b6                UART2_IRQHandler
                0x00000000200038ba                WDOG_BAT_IRQHandler
 *(.highcode)
 .highcode      0x00000000200038bc       0x4e ./StdPeriphDriver/CH57x_clk.o
                0x00000000200038bc                Get_Calibration_Cnt_RAM
 .highcode      0x000000002000390a      0x1d0 ./StdPeriphDriver/CH57x_sys.o
                0x000000002000390a                SetSysClock
                0x0000000020003a22                SYS_ResetExecute
                0x0000000020003a5e                HardFault_Handler
                0x0000000020003aa4                mDelayuS
                0x0000000020003ab2                mDelaymS
 .highcode      0x0000000020003ada       0x16 ./HAL/RTC.o
                0x0000000020003ada                RTC_IRQHandler
 .highcode      0x0000000020003af0       0x6a ./APP/peripheral.o
                0x0000000020003af0                UART3_IRQHandler
 .highcode      0x0000000020003b5a       0x18 ./APP/peripheral_main.o
                0x0000000020003b5a                Main_Circulation
 .highcode      0x0000000020003b72      0x3fa D:\Word\Code\Gitcode\MRS_DATA\CH573EVT\EVT\EXAM\SRC\StdPeriphDriver\libISP573.a(ISP573.o)
                0x0000000020003b72                FLASH_ROM_BEG
                0x0000000020003b82                FLASH_ROM_END
                0x0000000020003b90                FLASH_ROM_IN
                0x0000000020003b9e                FLASH_ROM_OUT
                0x0000000020003bac                FLASH_ROM_ADDR
                0x0000000020003bf4                FLASH_ROM_WAIT
                0x0000000020003c2c                FLASH_EEPROM_CMD
 .highcode      0x0000000020003f6c      0x230 D:\Word\Code\Gitcode\MRS_DATA\CH573EVT\EVT\EXAM\BLE\LIB\libCH57xBLE.a(tmos.o)
                0x0000000020003f88                tmos_memcpy
                0x0000000020003fa8                tmos_memcpy_word
                0x0000000020003fc4                TMOS_SystemProcess
 .highcode      0x000000002000419c       0xc2 D:\Word\Code\Gitcode\MRS_DATA\CH573EVT\EVT\EXAM\BLE\LIB\libCH57xBLE.a(tmos_hw.o)
                0x000000002000419c                BLE_GetHSEClock
                0x00000000200041da                RTC_Get32KClock
                0x00000000200041f2                SYS_GetTickCount
 .highcode      0x000000002000425e      0x138 D:\Word\Code\Gitcode\MRS_DATA\CH573EVT\EVT\EXAM\BLE\LIB\libCH57xBLE.a(ll_connect.o)
                0x000000002000425e                ll_connect_process_data
                0x00000000200042ac                ll_connect_event_continue
 .highcode      0x0000000020004396      0x1c4 D:\Word\Code\Gitcode\MRS_DATA\CH573EVT\EVT\EXAM\BLE\LIB\libCH57xBLE.a(bb.o)
                0x0000000020004396                BB_IRQLibHandler
                0x0000000020004510                BB_IRQLibFunction
 .highcode      0x000000002000455a      0x156 D:\Word\Code\Gitcode\MRS_DATA\CH573EVT\EVT\EXAM\BLE\LIB\libCH57xBLE.a(ip.o)
                0x000000002000455a                ll_tx_wait_finish
                0x0000000020004586                ll_tx_wait_tx_dma_finish
                0x00000000200045c0                ll_rx_wait_finish
                0x00000000200045f6                ll_rx_wait_tx_dma_finish
                0x0000000020004626                ble_ll_chkcrc
 .highcode      0x00000000200046b0      0x1a4 D:\Word\Code\Gitcode\MRS_DATA\CH573EVT\EVT\EXAM\BLE\LIB\libCH57xBLE.a(lle.o)
                0x00000000200046b0                LLE_IRQLibHandler
                0x000000002000480a                LLE_IRQLibFunction
 .highcode      0x0000000020004854       0x82 D:\Word\Code\Gitcode\MRS_DATA\CH573EVT\EVT\EXAM\BLE\LIB\libCH57xBLE.a(rf_fh.o)
                0x0000000020004854                RF_HopGetChannel
 .highcode      0x00000000200048d6       0x2c D:\Word\Code\Gitcode\MRS_DATA\CH573EVT\EVT\EXAM\BLE\LIB\libCH57xBLE.a(rfend.o)
                0x00000000200048d6                RFEND_WaitTune
 .highcode      0x0000000020004902      0x13a D:\Word\Code\Gitcode\MRS_DATA\CH573EVT\EVT\EXAM\BLE\LIB\libCH57xBLE.a(memory.o)
                0x0000000020004902                tmos_memory_allocate
                0x000000002000499c                tmos_memory_free
 *(.highcode.*)
                0x0000000020004a3c                . = ALIGN (0x4)
 *fill*         0x0000000020004a3c        0x0 
                0x0000000020004a3c                PROVIDE (_highcode_vma_end = .)

.text           0x0000000000001240    0x1d670
                0x0000000000001240                . = ALIGN (0x4)
 *(SORT_NONE(.handle_reset))
 .handle_reset  0x0000000000001240       0xce ./Startup/startup_CH573.o
                0x0000000000001240                handle_reset
 *(.text)
 .text          0x000000000000130e       0xa8 f:/mounriver/mounriver_studio/toolchain/risc-v embedded gcc/bin/../lib/gcc/riscv-none-embed/8.2.0/../../../../riscv-none-embed/lib/rv32imac/ilp32\libg_nano.a(lib_a-memset.o)
                0x000000000000130e                memset
 *(.text.*)
 .text.ADC_InterTSSampInit
                0x00000000000013b6       0x28 ./StdPeriphDriver/CH57x_adc.o
                0x00000000000013b6                ADC_InterTSSampInit
 .text.Calibration_LSI_FLASH
                0x00000000000013de      0x290 ./StdPeriphDriver/CH57x_clk.o
                0x00000000000013de                Calibration_LSI_FLASH
 .text.Calibration_LSI_RAM
                0x000000000000166e      0x246 ./StdPeriphDriver/CH57x_clk.o
                0x000000000000166e                Calibration_LSI_RAM
 .text.RTC_InitTime
                0x00000000000018b4      0x138 ./StdPeriphDriver/CH57x_clk.o
                0x00000000000018b4                RTC_InitTime
 .text.GPIOA_ModeCfg
                0x00000000000019ec       0xa6 ./StdPeriphDriver/CH57x_gpio.o
                0x00000000000019ec                GPIOA_ModeCfg
 .text.GPIOB_ModeCfg
                0x0000000000001a92       0xa6 ./StdPeriphDriver/CH57x_gpio.o
                0x0000000000001a92                GPIOB_ModeCfg
 .text.SPI0_MasterDefInit
                0x0000000000001b38       0x32 ./StdPeriphDriver/CH57x_spi0.o
                0x0000000000001b38                SPI0_MasterDefInit
 .text.SPI0_CLKCfg
                0x0000000000001b6a       0x2a ./StdPeriphDriver/CH57x_spi0.o
                0x0000000000001b6a                SPI0_CLKCfg
 .text.SPI0_MasterDMATrans
                0x0000000000001b94       0x50 ./StdPeriphDriver/CH57x_spi0.o
                0x0000000000001b94                SPI0_MasterDMATrans
 .text.GetSysClock
                0x0000000000001be4       0x42 ./StdPeriphDriver/CH57x_sys.o
                0x0000000000001be4                GetSysClock
 .text.SYS_DisableAllIrq
                0x0000000000001c26       0x20 ./StdPeriphDriver/CH57x_sys.o
                0x0000000000001c26                SYS_DisableAllIrq
 .text.SYS_RecoverIrq
                0x0000000000001c46       0x14 ./StdPeriphDriver/CH57x_sys.o
                0x0000000000001c46                SYS_RecoverIrq
 .text.SYS_GetSysTickCnt
                0x0000000000001c5a        0xa ./StdPeriphDriver/CH57x_sys.o
                0x0000000000001c5a                SYS_GetSysTickCnt
 .text._write   0x0000000000001c64       0x28 ./StdPeriphDriver/CH57x_sys.o
                0x0000000000001c64                _write
 .text._sbrk    0x0000000000001c8c       0x34 ./StdPeriphDriver/CH57x_sys.o
                0x0000000000001c8c                _sbrk
 .text.UART1_BaudRateCfg
                0x0000000000001cc0       0x30 ./StdPeriphDriver/CH57x_uart1.o
                0x0000000000001cc0                UART1_BaudRateCfg
 .text.UART1_DefInit
                0x0000000000001cf0       0x32 ./StdPeriphDriver/CH57x_uart1.o
                0x0000000000001cf0                UART1_DefInit
 .text.UART1_SendString
                0x0000000000001d22       0x28 ./StdPeriphDriver/CH57x_uart1.o
                0x0000000000001d22                UART1_SendString
 .text.UART3_BaudRateCfg
                0x0000000000001d4a       0x30 ./StdPeriphDriver/CH57x_uart3.o
                0x0000000000001d4a                UART3_BaudRateCfg
 .text.UART3_DefInit
                0x0000000000001d7a       0x32 ./StdPeriphDriver/CH57x_uart3.o
                0x0000000000001d7a                UART3_DefInit
 .text.UART3_INTCfg
                0x0000000000001dac       0x2a ./StdPeriphDriver/CH57x_uart3.o
                0x0000000000001dac                UART3_INTCfg
 .text.devInfo_ReadAttrCB
                0x0000000000001dd6      0x196 ./Profile/devinfoservice.o
 .text.DevInfo_AddService
                0x0000000000001f6c       0x18 ./Profile/devinfoservice.o
                0x0000000000001f6c                DevInfo_AddService
 .text.Lib_Calibration_LSI
                0x0000000000001f84       0x30 ./HAL/MCU.o
                0x0000000000001f84                Lib_Calibration_LSI
 .text.Lib_Read_Flash
                0x0000000000001fb4       0x1c ./HAL/MCU.o
                0x0000000000001fb4                Lib_Read_Flash
 .text.Lib_Write_Flash
                0x0000000000001fd0       0x40 ./HAL/MCU.o
                0x0000000000001fd0                Lib_Write_Flash
 .text.HAL_GetInterTempValue
                0x0000000000002010       0x72 ./HAL/MCU.o
                0x0000000000002010                HAL_GetInterTempValue
 .text.HAL_ProcessEvent
                0x0000000000002082       0x7e ./HAL/MCU.o
                0x0000000000002082                HAL_ProcessEvent
 .text.CH57X_BLEInit
                0x0000000000002100      0x12c ./HAL/MCU.o
                0x0000000000002100                CH57X_BLEInit
 .text.HAL_Init
                0x000000000000222c       0x34 ./HAL/MCU.o
                0x000000000000222c                HAL_Init
 .text.HAL_TimeInit
                0x0000000000002260       0x66 ./HAL/RTC.o
                0x0000000000002260                HAL_TimeInit
 .text.ble_uart_WriteAttrCB
                0x00000000000022c6       0xba ./APP/ble_uart_service/ble_uart_service_16bit.o
 .text.ble_uart_ReadAttrCB
                0x0000000000002380       0x5e ./APP/ble_uart_service/ble_uart_service_16bit.o
 .text.ble_uart_HandleConnStatusCB
                0x00000000000023de       0x3e ./APP/ble_uart_service/ble_uart_service_16bit.o
 .text.ble_uart_add_service
                0x000000000000241c       0x5a ./APP/ble_uart_service/ble_uart_service_16bit.o
                0x000000000000241c                ble_uart_add_service
 .text.ble_uart_notify_is_ready
                0x0000000000002476       0x18 ./APP/ble_uart_service/ble_uart_service_16bit.o
                0x0000000000002476                ble_uart_notify_is_ready
 .text.ble_uart_notify
                0x000000000000248e       0x46 ./APP/ble_uart_service/ble_uart_service_16bit.o
                0x000000000000248e                ble_uart_notify
 .text.app_drv_fifo_length
                0x00000000000024d4       0x12 ./APP/app_drv_fifo/app_drv_fifo.o
                0x00000000000024d4                app_drv_fifo_length
 .text.app_drv_fifo_init
                0x00000000000024e6       0x26 ./APP/app_drv_fifo/app_drv_fifo.o
                0x00000000000024e6                app_drv_fifo_init
 .text.app_drv_fifo_flush
                0x000000000000250c        0x6 ./APP/app_drv_fifo/app_drv_fifo.o
                0x000000000000250c                app_drv_fifo_flush
 .text.app_drv_fifo_write
                0x0000000000002512       0x72 ./APP/app_drv_fifo/app_drv_fifo.o
                0x0000000000002512                app_drv_fifo_write
 .text.app_drv_fifo_write_from_same_addr
                0x0000000000002584       0x60 ./APP/app_drv_fifo/app_drv_fifo.o
                0x0000000000002584                app_drv_fifo_write_from_same_addr
 .text.app_drv_fifo_read
                0x00000000000025e4       0x62 ./APP/app_drv_fifo/app_drv_fifo.o
                0x00000000000025e4                app_drv_fifo_read
 .text.app_drv_fifo_read_to_same_addr
                0x0000000000002646       0x4e ./APP/app_drv_fifo/app_drv_fifo.o
                0x0000000000002646                app_drv_fifo_read_to_same_addr
 .text.peripheralRssiCB
                0x0000000000002694       0x12 ./APP/peripheral.o
 .text.peripheralParamUpdateCB
                0x00000000000026a6       0x30 ./APP/peripheral.o
 .text.Peripheral_LinkTerminated
                0x00000000000026d6       0x44 ./APP/peripheral.o
 .text.Peripheral_ProcessEvent
                0x000000000000271a      0x5e6 ./APP/peripheral.o
                0x000000000000271a                Peripheral_ProcessEvent
 .text.peripheralStateNotificationCB
                0x0000000000002d00      0x12e ./APP/peripheral.o
 .text.process_led_commands
                0x0000000000002e2e        0xe ./APP/peripheral.o
                0x0000000000002e2e                process_led_commands
 .text.app_uart_process
                0x0000000000002e3c       0x52 ./APP/peripheral.o
                0x0000000000002e3c                app_uart_process
 .text.app_uart_init
                0x0000000000002e8e       0x78 ./APP/peripheral.o
                0x0000000000002e8e                app_uart_init
 .text.app_uart_tx_data
                0x0000000000002f06       0x1c ./APP/peripheral.o
                0x0000000000002f06                app_uart_tx_data
 .text.PERSON_BLE_UART_DATA_HANDLE
                0x0000000000002f22      0x1ba ./APP/peripheral.o
                0x0000000000002f22                PERSON_BLE_UART_DATA_HANDLE
 .text.on_bleuartServiceEvt
                0x00000000000030dc       0x82 ./APP/peripheral.o
                0x00000000000030dc                on_bleuartServiceEvt
 .text.Peripheral_Init
                0x000000000000315e      0x148 ./APP/peripheral.o
                0x000000000000315e                Peripheral_Init
 .text.startup.main
                0x00000000000032a6       0x54 ./APP/peripheral_main.o
                0x00000000000032a6                main
 .text.ws2812_set_rgb
                0x00000000000032fa       0x9c ./APP/ws2812.o
                0x00000000000032fa                ws2812_set_rgb
 .text.ws2812_off_all
                0x0000000000003396       0x50 ./APP/ws2812.o
                0x0000000000003396                ws2812_off_all
 .text.ws2812_init
                0x00000000000033e6       0x1a ./APP/ws2812.o
                0x00000000000033e6                ws2812_init
 .text.ws2812_set_led_num
                0x0000000000003400       0x16 ./APP/ws2812.o
                0x0000000000003400                ws2812_set_led_num
 .text.tmos_msg_enqueue
                0x0000000000003416       0x1e D:\Word\Code\Gitcode\MRS_DATA\CH573EVT\EVT\EXAM\BLE\LIB\libCH57xBLE.a(message.o)
                0x0000000000003416                tmos_msg_enqueue
 .text.tmos_msg_deallocate
                0x0000000000003434       0x2c D:\Word\Code\Gitcode\MRS_DATA\CH573EVT\EVT\EXAM\BLE\LIB\libCH57xBLE.a(message.o)
                0x0000000000003434                tmos_msg_deallocate
 .text.tmos_msg_allocate
                0x0000000000003460       0x3e D:\Word\Code\Gitcode\MRS_DATA\CH573EVT\EVT\EXAM\BLE\LIB\libCH57xBLE.a(message.o)
                0x0000000000003460                tmos_msg_allocate
 .text.tmos_msg_receive
                0x000000000000349e       0x68 D:\Word\Code\Gitcode\MRS_DATA\CH573EVT\EVT\EXAM\BLE\LIB\libCH57xBLE.a(message.o)
                0x000000000000349e                tmos_msg_receive
 .text.tmos_msg_send
                0x0000000000003506       0x56 D:\Word\Code\Gitcode\MRS_DATA\CH573EVT\EVT\EXAM\BLE\LIB\libCH57xBLE.a(message.o)
                0x0000000000003506                tmos_msg_send
 .text.tmos_msg_init
                0x000000000000355c        0x6 D:\Word\Code\Gitcode\MRS_DATA\CH573EVT\EVT\EXAM\BLE\LIB\libCH57xBLE.a(message.o)
                0x000000000000355c                tmos_msg_init
 .text.tmosFindTask
                0x0000000000003562       0x20 D:\Word\Code\Gitcode\MRS_DATA\CH573EVT\EVT\EXAM\BLE\LIB\libCH57xBLE.a(tmos.o)
 .text.TMOS_CbTimerProcessEvent
                0x0000000000003582       0x7c D:\Word\Code\Gitcode\MRS_DATA\CH573EVT\EVT\EXAM\BLE\LIB\libCH57xBLE.a(tmos.o)
                0x0000000000003582                TMOS_CbTimerProcessEvent
 .text.tmos_rand
                0x00000000000035fe       0x54 D:\Word\Code\Gitcode\MRS_DATA\CH573EVT\EVT\EXAM\BLE\LIB\libCH57xBLE.a(tmos.o)
                0x00000000000035fe                tmos_rand
 .text.tmos_query_sleep_time
                0x0000000000003652      0x178 D:\Word\Code\Gitcode\MRS_DATA\CH573EVT\EVT\EXAM\BLE\LIB\libCH57xBLE.a(tmos.o)
                0x0000000000003652                tmos_query_sleep_time
 .text.tmos_memset
                0x00000000000037ca       0x12 D:\Word\Code\Gitcode\MRS_DATA\CH573EVT\EVT\EXAM\BLE\LIB\libCH57xBLE.a(tmos.o)
                0x00000000000037ca                tmos_memset
 .text.tmos_strlen
                0x00000000000037dc       0x14 D:\Word\Code\Gitcode\MRS_DATA\CH573EVT\EVT\EXAM\BLE\LIB\libCH57xBLE.a(tmos.o)
                0x00000000000037dc                tmos_strlen
 .text.tmos_memdup
                0x00000000000037f0       0x3c D:\Word\Code\Gitcode\MRS_DATA\CH573EVT\EVT\EXAM\BLE\LIB\libCH57xBLE.a(tmos.o)
                0x00000000000037f0                tmos_memdup
 .text.tmos_memcmp
                0x000000000000382c       0x24 D:\Word\Code\Gitcode\MRS_DATA\CH573EVT\EVT\EXAM\BLE\LIB\libCH57xBLE.a(tmos.o)
                0x000000000000382c                tmos_memcmp
 .text.tmos_revmemcpy
                0x0000000000003850       0x1c D:\Word\Code\Gitcode\MRS_DATA\CH573EVT\EVT\EXAM\BLE\LIB\libCH57xBLE.a(tmos.o)
                0x0000000000003850                tmos_revmemcpy
 .text.tmos_isbufset
                0x000000000000386c       0x1e D:\Word\Code\Gitcode\MRS_DATA\CH573EVT\EVT\EXAM\BLE\LIB\libCH57xBLE.a(tmos.o)
                0x000000000000386c                tmos_isbufset
 .text.tmos_set_event
                0x000000000000388a       0x2a D:\Word\Code\Gitcode\MRS_DATA\CH573EVT\EVT\EXAM\BLE\LIB\libCH57xBLE.a(tmos.o)
                0x000000000000388a                tmos_set_event
 .text.tmos_query_system_time
                0x00000000000038b4       0xce D:\Word\Code\Gitcode\MRS_DATA\CH573EVT\EVT\EXAM\BLE\LIB\libCH57xBLE.a(tmos.o)
                0x00000000000038b4                tmos_query_system_time
 .text.tmos_clear_event
                0x0000000000003982       0x2e D:\Word\Code\Gitcode\MRS_DATA\CH573EVT\EVT\EXAM\BLE\LIB\libCH57xBLE.a(tmos.o)
                0x0000000000003982                tmos_clear_event
 .text.tmos_start_task
                0x00000000000039b0       0x8e D:\Word\Code\Gitcode\MRS_DATA\CH573EVT\EVT\EXAM\BLE\LIB\libCH57xBLE.a(tmos.o)
                0x00000000000039b0                tmos_start_task
 .text.tmos_start_callback_task
                0x0000000000003a3e       0xac D:\Word\Code\Gitcode\MRS_DATA\CH573EVT\EVT\EXAM\BLE\LIB\libCH57xBLE.a(tmos.o)
                0x0000000000003a3e                tmos_start_callback_task
 .text.tmos_start_reload_task
                0x0000000000003aea       0x30 D:\Word\Code\Gitcode\MRS_DATA\CH573EVT\EVT\EXAM\BLE\LIB\libCH57xBLE.a(tmos.o)
                0x0000000000003aea                tmos_start_reload_task
 .text.tmos_stop_task
                0x0000000000003b1a       0x42 D:\Word\Code\Gitcode\MRS_DATA\CH573EVT\EVT\EXAM\BLE\LIB\libCH57xBLE.a(tmos.o)
                0x0000000000003b1a                tmos_stop_task
 .text.tmos_stop_callback_task
                0x0000000000003b5c       0x5c D:\Word\Code\Gitcode\MRS_DATA\CH573EVT\EVT\EXAM\BLE\LIB\libCH57xBLE.a(tmos.o)
                0x0000000000003b5c                tmos_stop_callback_task
 .text.tmos_get_task_timer
                0x0000000000003bb8       0x16 D:\Word\Code\Gitcode\MRS_DATA\CH573EVT\EVT\EXAM\BLE\LIB\libCH57xBLE.a(tmos.o)
                0x0000000000003bb8                tmos_get_task_timer
 .text.tmos_update_callback_timer
                0x0000000000003bce       0x62 D:\Word\Code\Gitcode\MRS_DATA\CH573EVT\EVT\EXAM\BLE\LIB\libCH57xBLE.a(tmos.o)
                0x0000000000003bce                tmos_update_callback_timer
 .text.TMOS_Set32KTuneValue
                0x0000000000003c30        0xa D:\Word\Code\Gitcode\MRS_DATA\CH573EVT\EVT\EXAM\BLE\LIB\libCH57xBLE.a(tmos.o)
                0x0000000000003c30                TMOS_Set32KTuneValue
 .text.TMOS_TimerRegister
                0x0000000000003c3a       0x1a D:\Word\Code\Gitcode\MRS_DATA\CH573EVT\EVT\EXAM\BLE\LIB\libCH57xBLE.a(tmos.o)
                0x0000000000003c3a                TMOS_TimerRegister
 .text.TMOS_ProcessRegister
                0x0000000000003c54       0x16 D:\Word\Code\Gitcode\MRS_DATA\CH573EVT\EVT\EXAM\BLE\LIB\libCH57xBLE.a(tmos.o)
                0x0000000000003c54                TMOS_ProcessRegister
 .text.TMOS_Init
                0x0000000000003c6a       0xea D:\Word\Code\Gitcode\MRS_DATA\CH573EVT\EVT\EXAM\BLE\LIB\libCH57xBLE.a(tmos.o)
                0x0000000000003c6a                TMOS_Init
 .text.TMOS_ProcessEventRegister
                0x0000000000003d54       0x38 D:\Word\Code\Gitcode\MRS_DATA\CH573EVT\EVT\EXAM\BLE\LIB\libCH57xBLE.a(tmos.o)
                0x0000000000003d54                TMOS_ProcessEventRegister
 .text.BLE_LibInit
                0x0000000000003d8c      0x1aa D:\Word\Code\Gitcode\MRS_DATA\CH573EVT\EVT\EXAM\BLE\LIB\libCH57xBLE.a(tmos.o)
                0x0000000000003d8c                BLE_LibInit
 .text.ble_ll_common_rand8
                0x0000000000003f36       0x24 D:\Word\Code\Gitcode\MRS_DATA\CH573EVT\EVT\EXAM\BLE\LIB\libCH57xBLE.a(tmos_hw.o)
                0x0000000000003f36                ble_ll_common_rand8
 .text.ble_ll_common_rand16
                0x0000000000003f5a       0x24 D:\Word\Code\Gitcode\MRS_DATA\CH573EVT\EVT\EXAM\BLE\LIB\libCH57xBLE.a(tmos_hw.o)
                0x0000000000003f5a                ble_ll_common_rand16
 .text.ble_ll_common_rand32
                0x0000000000003f7e       0x20 D:\Word\Code\Gitcode\MRS_DATA\CH573EVT\EVT\EXAM\BLE\LIB\libCH57xBLE.a(tmos_hw.o)
                0x0000000000003f7e                ble_ll_common_rand32
 .text.ll_hw_temp_sample
                0x0000000000003f9e       0xc0 D:\Word\Code\Gitcode\MRS_DATA\CH573EVT\EVT\EXAM\BLE\LIB\libCH57xBLE.a(tmos_hw.o)
                0x0000000000003f9e                ll_hw_temp_sample
 .text.TMOS_TimerInit
                0x000000000000405e       0x5e D:\Word\Code\Gitcode\MRS_DATA\CH573EVT\EVT\EXAM\BLE\LIB\libCH57xBLE.a(tmos_hw.o)
                0x000000000000405e                TMOS_TimerInit
 .text.tmos_snv_init
                0x00000000000040bc       0xbc D:\Word\Code\Gitcode\MRS_DATA\CH573EVT\EVT\EXAM\BLE\LIB\libCH57xBLE.a(tmos_snv.o)
                0x00000000000040bc                tmos_snv_init
 .text.tmos_snv_clear
                0x0000000000004178       0xae D:\Word\Code\Gitcode\MRS_DATA\CH573EVT\EVT\EXAM\BLE\LIB\libCH57xBLE.a(tmos_snv.o)
                0x0000000000004178                tmos_snv_clear
 .text.tmos_snv_read
                0x0000000000004226      0x292 D:\Word\Code\Gitcode\MRS_DATA\CH573EVT\EVT\EXAM\BLE\LIB\libCH57xBLE.a(tmos_snv.o)
                0x0000000000004226                tmos_snv_read
 .text.tmos_snv_notify
                0x00000000000044b8       0x5a D:\Word\Code\Gitcode\MRS_DATA\CH573EVT\EVT\EXAM\BLE\LIB\libCH57xBLE.a(tmos_snv.o)
                0x00000000000044b8                tmos_snv_notify
 .text.tmos_snv_write
                0x0000000000004512      0x2ce D:\Word\Code\Gitcode\MRS_DATA\CH573EVT\EVT\EXAM\BLE\LIB\libCH57xBLE.a(tmos_snv.o)
                0x0000000000004512                tmos_snv_write
 .text.tmos_snv_compact
                0x00000000000047e0        0x4 D:\Word\Code\Gitcode\MRS_DATA\CH573EVT\EVT\EXAM\BLE\LIB\libCH57xBLE.a(tmos_snv.o)
                0x00000000000047e0                tmos_snv_compact
 .text.ATT_BuildErrorRsp
                0x00000000000047e4       0x26 D:\Word\Code\Gitcode\MRS_DATA\CH573EVT\EVT\EXAM\BLE\LIB\libCH57xBLE.a(att.o)
                0x00000000000047e4                ATT_BuildErrorRsp
 .text.ATT_ParamInit
                0x000000000000480a        0xa D:\Word\Code\Gitcode\MRS_DATA\CH573EVT\EVT\EXAM\BLE\LIB\libCH57xBLE.a(att.o)
                0x000000000000480a                ATT_ParamInit
 .text.ATT_ConvertUUIDto128
                0x0000000000004814       0x46 D:\Word\Code\Gitcode\MRS_DATA\CH573EVT\EVT\EXAM\BLE\LIB\libCH57xBLE.a(att.o)
                0x0000000000004814                ATT_ConvertUUIDto128
 .text.ATT_CompareUUID
                0x000000000000485a       0x62 D:\Word\Code\Gitcode\MRS_DATA\CH573EVT\EVT\EXAM\BLE\LIB\libCH57xBLE.a(att.o)
                0x000000000000485a                ATT_CompareUUID
 .text.ATT_RegisterServer
                0x00000000000048bc        0x6 D:\Word\Code\Gitcode\MRS_DATA\CH573EVT\EVT\EXAM\BLE\LIB\libCH57xBLE.a(att.o)
                0x00000000000048bc                ATT_RegisterServer
 .text.ATT_ParsePacket
                0x00000000000048c2       0x94 D:\Word\Code\Gitcode\MRS_DATA\CH573EVT\EVT\EXAM\BLE\LIB\libCH57xBLE.a(att.o)
                0x00000000000048c2                ATT_ParsePacket
 .text.ATT_UpdateMTU
                0x0000000000004956       0x3c D:\Word\Code\Gitcode\MRS_DATA\CH573EVT\EVT\EXAM\BLE\LIB\libCH57xBLE.a(att.o)
                0x0000000000004956                ATT_UpdateMTU
 .text.ATT_GetMTU
                0x0000000000004992       0x1e D:\Word\Code\Gitcode\MRS_DATA\CH573EVT\EVT\EXAM\BLE\LIB\libCH57xBLE.a(att.o)
                0x0000000000004992                ATT_GetMTU
 .text.attSendMsg
                0x00000000000049b0       0xb6 D:\Word\Code\Gitcode\MRS_DATA\CH573EVT\EVT\EXAM\BLE\LIB\libCH57xBLE.a(att.o)
                0x00000000000049b0                attSendMsg
 .text.attSendRspMsg
                0x0000000000004a66       0x46 D:\Word\Code\Gitcode\MRS_DATA\CH573EVT\EVT\EXAM\BLE\LIB\libCH57xBLE.a(att.o)
                0x0000000000004a66                attSendRspMsg
 .text.ATT_ErrorRsp
                0x0000000000004aac       0x10 D:\Word\Code\Gitcode\MRS_DATA\CH573EVT\EVT\EXAM\BLE\LIB\libCH57xBLE.a(att.o)
                0x0000000000004aac                ATT_ErrorRsp
 .text.disconnectNext
                0x0000000000004abc       0x22 D:\Word\Code\Gitcode\MRS_DATA\CH573EVT\EVT\EXAM\BLE\LIB\libCH57xBLE.a(gap.o)
 .text.GAP_ParamInit
                0x0000000000004ade       0x88 D:\Word\Code\Gitcode\MRS_DATA\CH573EVT\EVT\EXAM\BLE\LIB\libCH57xBLE.a(gap.o)
                0x0000000000004ade                GAP_ParamInit
 .text.sendTerminateEvent
                0x0000000000004b66       0x58 D:\Word\Code\Gitcode\MRS_DATA\CH573EVT\EVT\EXAM\BLE\LIB\libCH57xBLE.a(gap.o)
                0x0000000000004b66                sendTerminateEvent
 .text.gapRegisterCentral
                0x0000000000004bbe        0x6 D:\Word\Code\Gitcode\MRS_DATA\CH573EVT\EVT\EXAM\BLE\LIB\libCH57xBLE.a(gap.o)
                0x0000000000004bbe                gapRegisterCentral
 .text.gapRegisterCentralConn
                0x0000000000004bc4        0x6 D:\Word\Code\Gitcode\MRS_DATA\CH573EVT\EVT\EXAM\BLE\LIB\libCH57xBLE.a(gap.o)
                0x0000000000004bc4                gapRegisterCentralConn
 .text.gapRegisterPeripheral
                0x0000000000004bca        0x6 D:\Word\Code\Gitcode\MRS_DATA\CH573EVT\EVT\EXAM\BLE\LIB\libCH57xBLE.a(gap.o)
                0x0000000000004bca                gapRegisterPeripheral
 .text.gapRegisterPeripheralConn
                0x0000000000004bd0        0x6 D:\Word\Code\Gitcode\MRS_DATA\CH573EVT\EVT\EXAM\BLE\LIB\libCH57xBLE.a(gap.o)
                0x0000000000004bd0                gapRegisterPeripheralConn
 .text.smGenerateRandBuf
                0x0000000000004bd6       0x56 D:\Word\Code\Gitcode\MRS_DATA\CH573EVT\EVT\EXAM\BLE\LIB\libCH57xBLE.a(gap.o)
                0x0000000000004bd6                smGenerateRandBuf
 .text.gapL2capConnParamUpdateReq
                0x0000000000004c2c       0x32 D:\Word\Code\Gitcode\MRS_DATA\CH573EVT\EVT\EXAM\BLE\LIB\libCH57xBLE.a(gap.o)
                0x0000000000004c2c                gapL2capConnParamUpdateReq
 .text.gapValidADType
                0x0000000000004c5e       0x16 D:\Word\Code\Gitcode\MRS_DATA\CH573EVT\EVT\EXAM\BLE\LIB\libCH57xBLE.a(gap.o)
                0x0000000000004c5e                gapValidADType
 .text.gapFindADType
                0x0000000000004c74       0x8e D:\Word\Code\Gitcode\MRS_DATA\CH573EVT\EVT\EXAM\BLE\LIB\libCH57xBLE.a(gap.o)
                0x0000000000004c74                gapFindADType
 .text.GAP_SecParamsInit
                0x0000000000004d02       0x9a D:\Word\Code\Gitcode\MRS_DATA\CH573EVT\EVT\EXAM\BLE\LIB\libCH57xBLE.a(gap.o)
                0x0000000000004d02                GAP_SecParamsInit
 .text.GAP_ParamsInit
                0x0000000000004d9c       0x48 D:\Word\Code\Gitcode\MRS_DATA\CH573EVT\EVT\EXAM\BLE\LIB\libCH57xBLE.a(gap.o)
                0x0000000000004d9c                GAP_ParamsInit
 .text.gapAddAddrAdj
                0x0000000000004de4       0x48 D:\Word\Code\Gitcode\MRS_DATA\CH573EVT\EVT\EXAM\BLE\LIB\libCH57xBLE.a(gap.o)
                0x0000000000004de4                gapAddAddrAdj
 .text.gapDetermineAddrType
                0x0000000000004e2c       0x28 D:\Word\Code\Gitcode\MRS_DATA\CH573EVT\EVT\EXAM\BLE\LIB\libCH57xBLE.a(gap.o)
                0x0000000000004e2c                gapDetermineAddrType
 .text.gapFreeAuthLink
                0x0000000000004e54       0x4a D:\Word\Code\Gitcode\MRS_DATA\CH573EVT\EVT\EXAM\BLE\LIB\libCH57xBLE.a(gap.o)
                0x0000000000004e54                gapFreeAuthLink
 .text.gapGetDevAddress
                0x0000000000004e9e       0x24 D:\Word\Code\Gitcode\MRS_DATA\CH573EVT\EVT\EXAM\BLE\LIB\libCH57xBLE.a(gap.o)
                0x0000000000004e9e                gapGetDevAddress
 .text.gapGetDevAddressMode
                0x0000000000004ec2        0xa D:\Word\Code\Gitcode\MRS_DATA\CH573EVT\EVT\EXAM\BLE\LIB\libCH57xBLE.a(gap.o)
                0x0000000000004ec2                gapGetDevAddressMode
 .text.gapGetIRK
                0x0000000000004ecc        0xc D:\Word\Code\Gitcode\MRS_DATA\CH573EVT\EVT\EXAM\BLE\LIB\libCH57xBLE.a(gap.o)
                0x0000000000004ecc                gapGetIRK
 .text.gapGetSRK
                0x0000000000004ed8        0xc D:\Word\Code\Gitcode\MRS_DATA\CH573EVT\EVT\EXAM\BLE\LIB\libCH57xBLE.a(gap.o)
                0x0000000000004ed8                gapGetSRK
 .text.gapGetSignCounter
                0x0000000000004ee4        0xe D:\Word\Code\Gitcode\MRS_DATA\CH573EVT\EVT\EXAM\BLE\LIB\libCH57xBLE.a(gap.o)
                0x0000000000004ee4                gapGetSignCounter
 .text.gapIncSignCounter
                0x0000000000004ef2       0x28 D:\Word\Code\Gitcode\MRS_DATA\CH573EVT\EVT\EXAM\BLE\LIB\libCH57xBLE.a(gap.o)
                0x0000000000004ef2                gapIncSignCounter
 .text.gapProcessConnEvt
                0x0000000000004f1a       0x48 D:\Word\Code\Gitcode\MRS_DATA\CH573EVT\EVT\EXAM\BLE\LIB\libCH57xBLE.a(gap.o)
                0x0000000000004f1a                gapProcessConnEvt
 .text.gapProcessDisconnectCompleteEvt
                0x0000000000004f62       0xa8 D:\Word\Code\Gitcode\MRS_DATA\CH573EVT\EVT\EXAM\BLE\LIB\libCH57xBLE.a(gap.o)
                0x0000000000004f62                gapProcessDisconnectCompleteEvt
 .text.sendAuthEvent
                0x000000000000500a      0x11a D:\Word\Code\Gitcode\MRS_DATA\CH573EVT\EVT\EXAM\BLE\LIB\libCH57xBLE.a(gap.o)
                0x000000000000500a                sendAuthEvent
 .text.gapSendBondCompleteEvent
                0x0000000000005124       0x70 D:\Word\Code\Gitcode\MRS_DATA\CH573EVT\EVT\EXAM\BLE\LIB\libCH57xBLE.a(gap.o)
                0x0000000000005124                gapSendBondCompleteEvent
 .text.gapSendPairingReqEvent
                0x0000000000005194       0x92 D:\Word\Code\Gitcode\MRS_DATA\CH573EVT\EVT\EXAM\BLE\LIB\libCH57xBLE.a(gap.o)
                0x0000000000005194                gapSendPairingReqEvent
 .text.gapSendSlaveSecurityReqEvent
                0x0000000000005226       0x68 D:\Word\Code\Gitcode\MRS_DATA\CH573EVT\EVT\EXAM\BLE\LIB\libCH57xBLE.a(gap.o)
                0x0000000000005226                gapSendSlaveSecurityReqEvent
 .text.gapSendDeviceInitDoneEvent
                0x000000000000528e       0x88 D:\Word\Code\Gitcode\MRS_DATA\CH573EVT\EVT\EXAM\BLE\LIB\libCH57xBLE.a(gap.o)
                0x000000000000528e                gapSendDeviceInitDoneEvent
 .text.gapSendLinkUpdateEvent
                0x0000000000005316       0x84 D:\Word\Code\Gitcode\MRS_DATA\CH573EVT\EVT\EXAM\BLE\LIB\libCH57xBLE.a(gap.o)
                0x0000000000005316                gapSendLinkUpdateEvent
 .text.gapSendEstLinkEvent
                0x000000000000539a       0xb8 D:\Word\Code\Gitcode\MRS_DATA\CH573EVT\EVT\EXAM\BLE\LIB\libCH57xBLE.a(gap.o)
                0x000000000000539a                gapSendEstLinkEvent
 .text.gapProcessNewAddr
                0x0000000000005452       0x3e D:\Word\Code\Gitcode\MRS_DATA\CH573EVT\EVT\EXAM\BLE\LIB\libCH57xBLE.a(gap.o)
                0x0000000000005452                gapProcessNewAddr
 .text.gapProcessRandomAddrComplete
                0x0000000000005490       0xb6 D:\Word\Code\Gitcode\MRS_DATA\CH573EVT\EVT\EXAM\BLE\LIB\libCH57xBLE.a(gap.o)
                0x0000000000005490                gapProcessRandomAddrComplete
 .text.GAP_Authenticate
                0x0000000000005546       0xd2 D:\Word\Code\Gitcode\MRS_DATA\CH573EVT\EVT\EXAM\BLE\LIB\libCH57xBLE.a(gap.o)
                0x0000000000005546                GAP_Authenticate
 .text.GAP_Bond
                0x0000000000005618       0xa2 D:\Word\Code\Gitcode\MRS_DATA\CH573EVT\EVT\EXAM\BLE\LIB\libCH57xBLE.a(gap.o)
                0x0000000000005618                GAP_Bond
 .text.GAP_GetParamValue
                0x00000000000056ba       0x1e D:\Word\Code\Gitcode\MRS_DATA\CH573EVT\EVT\EXAM\BLE\LIB\libCH57xBLE.a(gap.o)
                0x00000000000056ba                GAP_GetParamValue
 .text.GAP_PasscodeUpdate
                0x00000000000056d8       0x50 D:\Word\Code\Gitcode\MRS_DATA\CH573EVT\EVT\EXAM\BLE\LIB\libCH57xBLE.a(gap.o)
                0x00000000000056d8                GAP_PasscodeUpdate
 .text.GAP_RegisterForMsgs
                0x0000000000005728        0x6 D:\Word\Code\Gitcode\MRS_DATA\CH573EVT\EVT\EXAM\BLE\LIB\libCH57xBLE.a(gap.o)
                0x0000000000005728                GAP_RegisterForMsgs
 .text.GAP_ResolvePrivateAddr
                0x000000000000572e        0x4 D:\Word\Code\Gitcode\MRS_DATA\CH573EVT\EVT\EXAM\BLE\LIB\libCH57xBLE.a(gap.o)
                0x000000000000572e                GAP_ResolvePrivateAddr
 .text.gapPairingCompleteCB
                0x0000000000005732      0x188 D:\Word\Code\Gitcode\MRS_DATA\CH573EVT\EVT\EXAM\BLE\LIB\libCH57xBLE.a(gap.o)
                0x0000000000005732                gapPairingCompleteCB
 .text.gapPasskeyNeededCB
                0x00000000000058ba       0x8e D:\Word\Code\Gitcode\MRS_DATA\CH573EVT\EVT\EXAM\BLE\LIB\libCH57xBLE.a(gap.o)
                0x00000000000058ba                gapPasskeyNeededCB
 .text.gapFreeEstLink
                0x0000000000005948       0x20 D:\Word\Code\Gitcode\MRS_DATA\CH573EVT\EVT\EXAM\BLE\LIB\libCH57xBLE.a(gap.o)
                0x0000000000005948                gapFreeEstLink
 .text.gapUpdateConnSignCounter
                0x0000000000005968       0x7a D:\Word\Code\Gitcode\MRS_DATA\CH573EVT\EVT\EXAM\BLE\LIB\libCH57xBLE.a(gap.o)
                0x0000000000005968                gapUpdateConnSignCounter
 .text.GAP_SendSlaveSecurityRequest
                0x00000000000059e2       0x4c D:\Word\Code\Gitcode\MRS_DATA\CH573EVT\EVT\EXAM\BLE\LIB\libCH57xBLE.a(gap.o)
                0x00000000000059e2                GAP_SendSlaveSecurityRequest
 .text.GAP_Signable
                0x0000000000005a2e       0x66 D:\Word\Code\Gitcode\MRS_DATA\CH573EVT\EVT\EXAM\BLE\LIB\libCH57xBLE.a(gap.o)
                0x0000000000005a2e                GAP_Signable
 .text.GAP_TerminateAuth
                0x0000000000005a94       0x2a D:\Word\Code\Gitcode\MRS_DATA\CH573EVT\EVT\EXAM\BLE\LIB\libCH57xBLE.a(gap.o)
                0x0000000000005a94                GAP_TerminateAuth
 .text.GAP_NumActiveConnections
                0x0000000000005abe        0x4 D:\Word\Code\Gitcode\MRS_DATA\CH573EVT\EVT\EXAM\BLE\LIB\libCH57xBLE.a(gap.o)
                0x0000000000005abe                GAP_NumActiveConnections
 .text.GAP_TerminateLinkReq
                0x0000000000005ac2       0x8e D:\Word\Code\Gitcode\MRS_DATA\CH573EVT\EVT\EXAM\BLE\LIB\libCH57xBLE.a(gap.o)
                0x0000000000005ac2                GAP_TerminateLinkReq
 .text.GAP_SetParamValue
                0x0000000000005b50       0x4a D:\Word\Code\Gitcode\MRS_DATA\CH573EVT\EVT\EXAM\BLE\LIB\libCH57xBLE.a(gap.o)
                0x0000000000005b50                GAP_SetParamValue
 .text.GAP_Init
                0x0000000000005b9a       0x44 D:\Word\Code\Gitcode\MRS_DATA\CH573EVT\EVT\EXAM\BLE\LIB\libCH57xBLE.a(gap.o)
                0x0000000000005b9a                GAP_Init
 .text.GAP_ProcessEvent
                0x0000000000005bde      0x57e D:\Word\Code\Gitcode\MRS_DATA\CH573EVT\EVT\EXAM\BLE\LIB\libCH57xBLE.a(gap.o)
                0x0000000000005bde                GAP_ProcessEvent
 .text.gapSendScanEnable
                0x000000000000615c       0x1e D:\Word\Code\Gitcode\MRS_DATA\CH573EVT\EVT\EXAM\BLE\LIB\libCH57xBLE.a(gap_central.o)
 .text.gapCentProcessConnEvt
                0x000000000000617a      0x154 D:\Word\Code\Gitcode\MRS_DATA\CH573EVT\EVT\EXAM\BLE\LIB\libCH57xBLE.a(gap_central.o)
                0x000000000000617a                gapCentProcessConnEvt
 .text.gapCancelLinkReq
                0x00000000000062ce       0x38 D:\Word\Code\Gitcode\MRS_DATA\CH573EVT\EVT\EXAM\BLE\LIB\libCH57xBLE.a(gap_central.o)
                0x00000000000062ce                gapCancelLinkReq
 .text.GAP_CentralParamInit
                0x0000000000006306       0x4c D:\Word\Code\Gitcode\MRS_DATA\CH573EVT\EVT\EXAM\BLE\LIB\libCH57xBLE.a(gap_central.o)
                0x0000000000006306                GAP_CentralParamInit
 .text.gapProcessAdvertDevInfo
                0x0000000000006352      0x23a D:\Word\Code\Gitcode\MRS_DATA\CH573EVT\EVT\EXAM\BLE\LIB\libCH57xBLE.a(gap_central.o)
                0x0000000000006352                gapProcessAdvertDevInfo
 .text.gapFreeScanRecs
                0x000000000000658c       0xa2 D:\Word\Code\Gitcode\MRS_DATA\CH573EVT\EVT\EXAM\BLE\LIB\libCH57xBLE.a(gap_central.o)
                0x000000000000658c                gapFreeScanRecs
 .text.gapSendDevDiscEvent
                0x000000000000662e      0x124 D:\Word\Code\Gitcode\MRS_DATA\CH573EVT\EVT\EXAM\BLE\LIB\libCH57xBLE.a(gap_central.o)
                0x000000000000662e                gapSendDevDiscEvent
 .text.gapSetScanParamStatus.part.2
                0x0000000000006752       0x40 D:\Word\Code\Gitcode\MRS_DATA\CH573EVT\EVT\EXAM\BLE\LIB\libCH57xBLE.a(gap_central.o)
 .text.gapCentProcessHCICmdEvt
                0x0000000000006792       0x3c D:\Word\Code\Gitcode\MRS_DATA\CH573EVT\EVT\EXAM\BLE\LIB\libCH57xBLE.a(gap_central.o)
                0x0000000000006792                gapCentProcessHCICmdEvt
 .text.gapProcessScanningEvt
                0x00000000000067ce      0x110 D:\Word\Code\Gitcode\MRS_DATA\CH573EVT\EVT\EXAM\BLE\LIB\libCH57xBLE.a(gap_central.o)
                0x00000000000067ce                gapProcessScanningEvt
 .text.gapProcessScanningDirectEvt
                0x00000000000068de       0xfe D:\Word\Code\Gitcode\MRS_DATA\CH573EVT\EVT\EXAM\BLE\LIB\libCH57xBLE.a(gap_central.o)
                0x00000000000068de                gapProcessScanningDirectEvt
 .text.GAP_CentConnRegister
                0x00000000000069dc       0x12 D:\Word\Code\Gitcode\MRS_DATA\CH573EVT\EVT\EXAM\BLE\LIB\libCH57xBLE.a(gap_central.o)
                0x00000000000069dc                GAP_CentConnRegister
 .text.GAP_CentDevMgrInit
                0x00000000000069ee       0x94 D:\Word\Code\Gitcode\MRS_DATA\CH573EVT\EVT\EXAM\BLE\LIB\libCH57xBLE.a(gap_central.o)
                0x00000000000069ee                GAP_CentDevMgrInit
 .text.gapFreeAdvertState
                0x0000000000006a82       0x20 D:\Word\Code\Gitcode\MRS_DATA\CH573EVT\EVT\EXAM\BLE\LIB\libCH57xBLE.a(gap_peripheral.o)
 .text.gapPeriProcessConnEvt
                0x0000000000006aa2       0xbc D:\Word\Code\Gitcode\MRS_DATA\CH573EVT\EVT\EXAM\BLE\LIB\libCH57xBLE.a(gap_peripheral.o)
 .text.gapSetAdvParams
                0x0000000000006b5e       0x7e D:\Word\Code\Gitcode\MRS_DATA\CH573EVT\EVT\EXAM\BLE\LIB\libCH57xBLE.a(gap_peripheral.o)
 .text.GAP_PeripheralParamInit
                0x0000000000006bdc       0x4a D:\Word\Code\Gitcode\MRS_DATA\CH573EVT\EVT\EXAM\BLE\LIB\libCH57xBLE.a(gap_peripheral.o)
                0x0000000000006bdc                GAP_PeripheralParamInit
 .text.gapSendMakeDiscEvent
                0x0000000000006c26       0x50 D:\Word\Code\Gitcode\MRS_DATA\CH573EVT\EVT\EXAM\BLE\LIB\libCH57xBLE.a(gap_peripheral.o)
                0x0000000000006c26                gapSendMakeDiscEvent
 .text.gapPeriProcessHCICmdCompleteEvt
                0x0000000000006c76      0x192 D:\Word\Code\Gitcode\MRS_DATA\CH573EVT\EVT\EXAM\BLE\LIB\libCH57xBLE.a(gap_peripheral.o)
 .text.GAP_MakeDiscoverable
                0x0000000000006e08       0xf0 D:\Word\Code\Gitcode\MRS_DATA\CH573EVT\EVT\EXAM\BLE\LIB\libCH57xBLE.a(gap_peripheral.o)
                0x0000000000006e08                GAP_MakeDiscoverable
 .text.GAP_EndDiscoverable
                0x0000000000006ef8       0x5c D:\Word\Code\Gitcode\MRS_DATA\CH573EVT\EVT\EXAM\BLE\LIB\libCH57xBLE.a(gap_peripheral.o)
                0x0000000000006ef8                GAP_EndDiscoverable
 .text.gapProcessAdvertisingEvt
                0x0000000000006f54       0x90 D:\Word\Code\Gitcode\MRS_DATA\CH573EVT\EVT\EXAM\BLE\LIB\libCH57xBLE.a(gap_peripheral.o)
 .text.GAP_UpdateAdvertisingData
                0x0000000000006fe4       0xb8 D:\Word\Code\Gitcode\MRS_DATA\CH573EVT\EVT\EXAM\BLE\LIB\libCH57xBLE.a(gap_peripheral.o)
                0x0000000000006fe4                GAP_UpdateAdvertisingData
 .text.GAP_PeriConnRegister
                0x000000000000709c       0x2a D:\Word\Code\Gitcode\MRS_DATA\CH573EVT\EVT\EXAM\BLE\LIB\libCH57xBLE.a(gap_peripheral.o)
                0x000000000000709c                GAP_PeriConnRegister
 .text.GAP_PeriDevMgrInit
                0x00000000000070c6       0xbc D:\Word\Code\Gitcode\MRS_DATA\CH573EVT\EVT\EXAM\BLE\LIB\libCH57xBLE.a(gap_peripheral.o)
                0x00000000000070c6                GAP_PeriDevMgrInit
 .text.ggs_SetAttrWPermit
                0x0000000000007182       0x68 D:\Word\Code\Gitcode\MRS_DATA\CH573EVT\EVT\EXAM\BLE\LIB\libCH57xBLE.a(gapgattserver.o)
 .text.ggs_ReadAttrCB
                0x00000000000071ea      0x152 D:\Word\Code\Gitcode\MRS_DATA\CH573EVT\EVT\EXAM\BLE\LIB\libCH57xBLE.a(gapgattserver.o)
 .text.ggs_WriteAttrCB
                0x000000000000733c      0x154 D:\Word\Code\Gitcode\MRS_DATA\CH573EVT\EVT\EXAM\BLE\LIB\libCH57xBLE.a(gapgattserver.o)
 .text.GGS_ParamInit
                0x0000000000007490      0x23a D:\Word\Code\Gitcode\MRS_DATA\CH573EVT\EVT\EXAM\BLE\LIB\libCH57xBLE.a(gapgattserver.o)
                0x0000000000007490                GGS_ParamInit
 .text.GGS_SetParameter
                0x00000000000076ca       0xde D:\Word\Code\Gitcode\MRS_DATA\CH573EVT\EVT\EXAM\BLE\LIB\libCH57xBLE.a(gapgattserver.o)
                0x00000000000076ca                GGS_SetParameter
 .text.GGS_AddService
                0x00000000000077a8       0x2c D:\Word\Code\Gitcode\MRS_DATA\CH573EVT\EVT\EXAM\BLE\LIB\libCH57xBLE.a(gapgattserver.o)
                0x00000000000077a8                GGS_AddService
 .text.GAP_DeviceInit
                0x00000000000077d4       0xd8 D:\Word\Code\Gitcode\MRS_DATA\CH573EVT\EVT\EXAM\BLE\LIB\libCH57xBLE.a(gapgattserver.o)
                0x00000000000077d4                GAP_DeviceInit
 .text.gattGetPayload
                0x00000000000078ac       0x7e D:\Word\Code\Gitcode\MRS_DATA\CH573EVT\EVT\EXAM\BLE\LIB\libCH57xBLE.a(gatt.o)
                0x00000000000078ac                gattGetPayload
 .text.gattNotifyEvent
                0x000000000000792a       0x80 D:\Word\Code\Gitcode\MRS_DATA\CH573EVT\EVT\EXAM\BLE\LIB\libCH57xBLE.a(gatt.o)
                0x000000000000792a                gattNotifyEvent
 .text.gattSendFlowCtrlEvt
                0x00000000000079aa       0x4a D:\Word\Code\Gitcode\MRS_DATA\CH573EVT\EVT\EXAM\BLE\LIB\libCH57xBLE.a(gatt.o)
                0x00000000000079aa                gattSendFlowCtrlEvt
 .text.gattStartTimer
                0x00000000000079f4        0xc D:\Word\Code\Gitcode\MRS_DATA\CH573EVT\EVT\EXAM\BLE\LIB\libCH57xBLE.a(gatt.o)
                0x00000000000079f4                gattStartTimer
 .text.gattStopTimer
                0x0000000000007a00       0x32 D:\Word\Code\Gitcode\MRS_DATA\CH573EVT\EVT\EXAM\BLE\LIB\libCH57xBLE.a(gatt.o)
                0x0000000000007a00                gattStopTimer
 .text.GATT_AppCompletedMsg
                0x0000000000007a32       0x30 D:\Word\Code\Gitcode\MRS_DATA\CH573EVT\EVT\EXAM\BLE\LIB\libCH57xBLE.a(gatt.o)
                0x0000000000007a32                GATT_AppCompletedMsg
 .text.GATT_NotifyEvent
                0x0000000000007a62       0x4e D:\Word\Code\Gitcode\MRS_DATA\CH573EVT\EVT\EXAM\BLE\LIB\libCH57xBLE.a(gatt.o)
                0x0000000000007a62                GATT_NotifyEvent
 .text.gattRegisterServer
                0x0000000000007ab0        0x6 D:\Word\Code\Gitcode\MRS_DATA\CH573EVT\EVT\EXAM\BLE\LIB\libCH57xBLE.a(gatt.o)
                0x0000000000007ab0                gattRegisterServer
 .text.GATT_UpdateMTU
                0x0000000000007ab6       0x5c D:\Word\Code\Gitcode\MRS_DATA\CH573EVT\EVT\EXAM\BLE\LIB\libCH57xBLE.a(gatt.o)
                0x0000000000007ab6                GATT_UpdateMTU
 .text.GATT_bm_alloc
                0x0000000000007b12       0xea D:\Word\Code\Gitcode\MRS_DATA\CH573EVT\EVT\EXAM\BLE\LIB\libCH57xBLE.a(gatt.o)
                0x0000000000007b12                GATT_bm_alloc
 .text.GATT_ServiceChangedInd
                0x0000000000007bfc       0x94 D:\Word\Code\Gitcode\MRS_DATA\CH573EVT\EVT\EXAM\BLE\LIB\libCH57xBLE.a(gatt.o)
                0x0000000000007bfc                GATT_ServiceChangedInd
 .text.GATT_bm_free
                0x0000000000007c90       0x1c D:\Word\Code\Gitcode\MRS_DATA\CH573EVT\EVT\EXAM\BLE\LIB\libCH57xBLE.a(gatt.o)
                0x0000000000007c90                GATT_bm_free
 .text.GATT_RegisterForPeriMsgs
                0x0000000000007cac        0x6 D:\Word\Code\Gitcode\MRS_DATA\CH573EVT\EVT\EXAM\BLE\LIB\libCH57xBLE.a(gatt.o)
                0x0000000000007cac                GATT_RegisterForPeriMsgs
 .text.GATT_Init
                0x0000000000007cb2       0x30 D:\Word\Code\Gitcode\MRS_DATA\CH573EVT\EVT\EXAM\BLE\LIB\libCH57xBLE.a(gatt.o)
                0x0000000000007cb2                GATT_Init
 .text.GATT_ProcessEvent
                0x0000000000007ce2      0x136 D:\Word\Code\Gitcode\MRS_DATA\CH573EVT\EVT\EXAM\BLE\LIB\libCH57xBLE.a(gatt.o)
                0x0000000000007ce2                GATT_ProcessEvent
 .text.gattProcessExchangeMTUReq
                0x0000000000007e18        0x4 D:\Word\Code\Gitcode\MRS_DATA\CH573EVT\EVT\EXAM\BLE\LIB\libCH57xBLE.a(gattservapp.o)
 .text.gattServApp_FindCharCfgItem
                0x0000000000007e1c       0x20 D:\Word\Code\Gitcode\MRS_DATA\CH573EVT\EVT\EXAM\BLE\LIB\libCH57xBLE.a(gattservapp.o)
 .text.gattServerHandleTimerCB
                0x0000000000007e3c       0x3c D:\Word\Code\Gitcode\MRS_DATA\CH573EVT\EVT\EXAM\BLE\LIB\libCH57xBLE.a(gattservapp.o)
 .text.GATTServApp_InitCharCfg.part.12
                0x0000000000007e78       0x1c D:\Word\Code\Gitcode\MRS_DATA\CH573EVT\EVT\EXAM\BLE\LIB\libCH57xBLE.a(gattservapp.o)
 .text.gattProcessExecuteWriteReq
                0x0000000000007e94        0x4 D:\Word\Code\Gitcode\MRS_DATA\CH573EVT\EVT\EXAM\BLE\LIB\libCH57xBLE.a(gattservapp.o)
 .text.GATTServApp_ParamInit
                0x0000000000007e98       0xd6 D:\Word\Code\Gitcode\MRS_DATA\CH573EVT\EVT\EXAM\BLE\LIB\libCH57xBLE.a(gattservapp.o)
                0x0000000000007e98                GATTServApp_ParamInit
 .text.GATTServApp_ReadCharCfg
                0x0000000000007f6e       0x18 D:\Word\Code\Gitcode\MRS_DATA\CH573EVT\EVT\EXAM\BLE\LIB\libCH57xBLE.a(gattservapp.o)
                0x0000000000007f6e                GATTServApp_ReadCharCfg
 .text.GATTServApp_WriteCharCfg
                0x0000000000007f86       0x3c D:\Word\Code\Gitcode\MRS_DATA\CH573EVT\EVT\EXAM\BLE\LIB\libCH57xBLE.a(gattservapp.o)
                0x0000000000007f86                GATTServApp_WriteCharCfg
 .text.GATTServApp_ProcessCCCWriteReq
                0x0000000000007fc2       0x60 D:\Word\Code\Gitcode\MRS_DATA\CH573EVT\EVT\EXAM\BLE\LIB\libCH57xBLE.a(gattservapp.o)
                0x0000000000007fc2                GATTServApp_ProcessCCCWriteReq
 .text.gattServApp_WriteAttrCB
                0x0000000000008022       0x34 D:\Word\Code\Gitcode\MRS_DATA\CH573EVT\EVT\EXAM\BLE\LIB\libCH57xBLE.a(gattservapp.o)
                0x0000000000008022                gattServApp_WriteAttrCB
 .text.GATTServApp_SendCCCUpdatedEvent
                0x0000000000008056       0x5e D:\Word\Code\Gitcode\MRS_DATA\CH573EVT\EVT\EXAM\BLE\LIB\libCH57xBLE.a(gattservapp.o)
                0x0000000000008056                GATTServApp_SendCCCUpdatedEvent
 .text.GATTServApp_SendServiceChangedInd
                0x00000000000080b4       0x36 D:\Word\Code\Gitcode\MRS_DATA\CH573EVT\EVT\EXAM\BLE\LIB\libCH57xBLE.a(gattservapp.o)
                0x00000000000080b4                GATTServApp_SendServiceChangedInd
 .text.gattServApp_ClearPrepareWriteQ
                0x00000000000080ea       0x4c D:\Word\Code\Gitcode\MRS_DATA\CH573EVT\EVT\EXAM\BLE\LIB\libCH57xBLE.a(gattservapp.o)
                0x00000000000080ea                gattServApp_ClearPrepareWriteQ
 .text.gattServApp_FindPrepareWriteQ
                0x0000000000008136       0x2c D:\Word\Code\Gitcode\MRS_DATA\CH573EVT\EVT\EXAM\BLE\LIB\libCH57xBLE.a(gattservapp.o)
                0x0000000000008136                gattServApp_FindPrepareWriteQ
 .text.gattServApp_FindServiceCBs
                0x0000000000008162       0x18 D:\Word\Code\Gitcode\MRS_DATA\CH573EVT\EVT\EXAM\BLE\LIB\libCH57xBLE.a(gattservapp.o)
                0x0000000000008162                gattServApp_FindServiceCBs
 .text.gattServApp_FindAuthorizeAttrCB
                0x000000000000817a       0x16 D:\Word\Code\Gitcode\MRS_DATA\CH573EVT\EVT\EXAM\BLE\LIB\libCH57xBLE.a(gattservapp.o)
                0x000000000000817a                gattServApp_FindAuthorizeAttrCB
 .text.gattServApp_IsWriteLong
                0x0000000000008190       0xe6 D:\Word\Code\Gitcode\MRS_DATA\CH573EVT\EVT\EXAM\BLE\LIB\libCH57xBLE.a(gattservapp.o)
                0x0000000000008190                gattServApp_IsWriteLong
 .text.gattFindService
                0x0000000000008276       0x1c D:\Word\Code\Gitcode\MRS_DATA\CH573EVT\EVT\EXAM\BLE\LIB\libCH57xBLE.a(gattservapp.o)
                0x0000000000008276                gattFindService
 .text.GATT_ServiceNumAttrs
                0x0000000000008292       0x18 D:\Word\Code\Gitcode\MRS_DATA\CH573EVT\EVT\EXAM\BLE\LIB\libCH57xBLE.a(gattservapp.o)
                0x0000000000008292                GATT_ServiceNumAttrs
 .text.GATT_ServiceEncKeySize
                0x00000000000082aa       0x18 D:\Word\Code\Gitcode\MRS_DATA\CH573EVT\EVT\EXAM\BLE\LIB\libCH57xBLE.a(gattservapp.o)
                0x00000000000082aa                GATT_ServiceEncKeySize
 .text.GATT_VerifyWritePermissions.part.7
                0x00000000000082c2       0x2e D:\Word\Code\Gitcode\MRS_DATA\CH573EVT\EVT\EXAM\BLE\LIB\libCH57xBLE.a(gattservapp.o)
 .text.gattResetServerInfo
                0x00000000000082f0       0x1c D:\Word\Code\Gitcode\MRS_DATA\CH573EVT\EVT\EXAM\BLE\LIB\libCH57xBLE.a(gattservapp.o)
                0x00000000000082f0                gattResetServerInfo
 .text.gattFindServerInfo
                0x000000000000830c       0x28 D:\Word\Code\Gitcode\MRS_DATA\CH573EVT\EVT\EXAM\BLE\LIB\libCH57xBLE.a(gattservapp.o)
                0x000000000000830c                gattFindServerInfo
 .text.gattServerHandleConnStatusCB
                0x0000000000008334       0x98 D:\Word\Code\Gitcode\MRS_DATA\CH573EVT\EVT\EXAM\BLE\LIB\libCH57xBLE.a(gattservapp.o)
                0x0000000000008334                gattServerHandleConnStatusCB
 .text.gattServerProcessMsgCB
                0x00000000000083cc      0x1c0 D:\Word\Code\Gitcode\MRS_DATA\CH573EVT\EVT\EXAM\BLE\LIB\libCH57xBLE.a(gattservapp.o)
                0x00000000000083cc                gattServerProcessMsgCB
 .text.gattServerNotifyTxCB
                0x000000000000858c       0x28 D:\Word\Code\Gitcode\MRS_DATA\CH573EVT\EVT\EXAM\BLE\LIB\libCH57xBLE.a(gattservapp.o)
 .text.GATT_FindHandle
                0x00000000000085b4       0x4a D:\Word\Code\Gitcode\MRS_DATA\CH573EVT\EVT\EXAM\BLE\LIB\libCH57xBLE.a(gattservapp.o)
                0x00000000000085b4                GATT_FindHandle
 .text.GATTServApp_WriteAttr
                0x00000000000085fe       0xa8 D:\Word\Code\Gitcode\MRS_DATA\CH573EVT\EVT\EXAM\BLE\LIB\libCH57xBLE.a(gattservapp.o)
                0x00000000000085fe                GATTServApp_WriteAttr
 .text.gattServApp_ProcessExecuteWriteReq
                0x00000000000086a6      0x100 D:\Word\Code\Gitcode\MRS_DATA\CH573EVT\EVT\EXAM\BLE\LIB\libCH57xBLE.a(gattservapp.o)
                0x00000000000086a6                gattServApp_ProcessExecuteWriteReq
 .text.GATTServApp_UpdateCharCfg
                0x00000000000087a6       0x1e D:\Word\Code\Gitcode\MRS_DATA\CH573EVT\EVT\EXAM\BLE\LIB\libCH57xBLE.a(gattservapp.o)
                0x00000000000087a6                GATTServApp_UpdateCharCfg
 .text.gattServApp_ProcessPrepareWriteReq
                0x00000000000087c4      0x10e D:\Word\Code\Gitcode\MRS_DATA\CH573EVT\EVT\EXAM\BLE\LIB\libCH57xBLE.a(gattservapp.o)
                0x00000000000087c4                gattServApp_ProcessPrepareWriteReq
 .text.gattServApp_ProcessWriteReq
                0x00000000000088d2       0xb0 D:\Word\Code\Gitcode\MRS_DATA\CH573EVT\EVT\EXAM\BLE\LIB\libCH57xBLE.a(gattservapp.o)
                0x00000000000088d2                gattServApp_ProcessWriteReq
 .text.GATT_Indication
                0x0000000000008982       0xa4 D:\Word\Code\Gitcode\MRS_DATA\CH573EVT\EVT\EXAM\BLE\LIB\libCH57xBLE.a(gattservapp.o)
                0x0000000000008982                GATT_Indication
 .text.GATT_FindHandleUUID
                0x0000000000008a26       0x94 D:\Word\Code\Gitcode\MRS_DATA\CH573EVT\EVT\EXAM\BLE\LIB\libCH57xBLE.a(gattservapp.o)
                0x0000000000008a26                GATT_FindHandleUUID
 .text.gattProcessReadByGrpTypeReq
                0x0000000000008aba       0x60 D:\Word\Code\Gitcode\MRS_DATA\CH573EVT\EVT\EXAM\BLE\LIB\libCH57xBLE.a(gattservapp.o)
 .text.gattProcessReadByTypeReq
                0x0000000000008b1a       0x34 D:\Word\Code\Gitcode\MRS_DATA\CH573EVT\EVT\EXAM\BLE\LIB\libCH57xBLE.a(gattservapp.o)
 .text.gattProcessFindByTypeValueReq
                0x0000000000008b4e       0x34 D:\Word\Code\Gitcode\MRS_DATA\CH573EVT\EVT\EXAM\BLE\LIB\libCH57xBLE.a(gattservapp.o)
 .text.gattProcessFindInfoReq
                0x0000000000008b82      0x1aa D:\Word\Code\Gitcode\MRS_DATA\CH573EVT\EVT\EXAM\BLE\LIB\libCH57xBLE.a(gattservapp.o)
 .text.GATT_Notification
                0x0000000000008d2c       0x70 D:\Word\Code\Gitcode\MRS_DATA\CH573EVT\EVT\EXAM\BLE\LIB\libCH57xBLE.a(gattservapp.o)
                0x0000000000008d2c                GATT_Notification
 .text.GATT_VerifyWritePermissions
                0x0000000000008d9c       0x6a D:\Word\Code\Gitcode\MRS_DATA\CH573EVT\EVT\EXAM\BLE\LIB\libCH57xBLE.a(gattservapp.o)
                0x0000000000008d9c                GATT_VerifyWritePermissions
 .text.gattProcessWriteReq
                0x0000000000008e06       0x36 D:\Word\Code\Gitcode\MRS_DATA\CH573EVT\EVT\EXAM\BLE\LIB\libCH57xBLE.a(gattservapp.o)
 .text.GATT_VerifyPrepareWritePermissions
                0x0000000000008e3c       0x56 D:\Word\Code\Gitcode\MRS_DATA\CH573EVT\EVT\EXAM\BLE\LIB\libCH57xBLE.a(gattservapp.o)
                0x0000000000008e3c                GATT_VerifyPrepareWritePermissions
 .text.gattProcessPrepareWriteReq
                0x0000000000008e92       0x36 D:\Word\Code\Gitcode\MRS_DATA\CH573EVT\EVT\EXAM\BLE\LIB\libCH57xBLE.a(gattservapp.o)
 .text.GATT_FindNextAttr
                0x0000000000008ec8       0xc2 D:\Word\Code\Gitcode\MRS_DATA\CH573EVT\EVT\EXAM\BLE\LIB\libCH57xBLE.a(gattservapp.o)
                0x0000000000008ec8                GATT_FindNextAttr
 .text.GATTServApp_ReadAttr
                0x0000000000008f8a      0x2e2 D:\Word\Code\Gitcode\MRS_DATA\CH573EVT\EVT\EXAM\BLE\LIB\libCH57xBLE.a(gattservapp.o)
                0x0000000000008f8a                GATTServApp_ReadAttr
 .text.gattServApp_ProcessReadMultiReq
                0x000000000000926c      0x16e D:\Word\Code\Gitcode\MRS_DATA\CH573EVT\EVT\EXAM\BLE\LIB\libCH57xBLE.a(gattservapp.o)
                0x000000000000926c                gattServApp_ProcessReadMultiReq
 .text.gattServApp_ProcessFindByTypeValueReq
                0x00000000000093da      0x19c D:\Word\Code\Gitcode\MRS_DATA\CH573EVT\EVT\EXAM\BLE\LIB\libCH57xBLE.a(gattservapp.o)
                0x00000000000093da                gattServApp_ProcessFindByTypeValueReq
 .text.GATT_VerifyReadPermissions
                0x0000000000009576       0x68 D:\Word\Code\Gitcode\MRS_DATA\CH573EVT\EVT\EXAM\BLE\LIB\libCH57xBLE.a(gattservapp.o)
                0x0000000000009576                GATT_VerifyReadPermissions
 .text.gattProcessReadMultiReq
                0x00000000000095de       0xae D:\Word\Code\Gitcode\MRS_DATA\CH573EVT\EVT\EXAM\BLE\LIB\libCH57xBLE.a(gattservapp.o)
 .text.gattProcessReadReq
                0x000000000000968c       0x30 D:\Word\Code\Gitcode\MRS_DATA\CH573EVT\EVT\EXAM\BLE\LIB\libCH57xBLE.a(gattservapp.o)
 .text.gattServApp_ProcessReadByGrpTypeReq
                0x00000000000096bc      0x21c D:\Word\Code\Gitcode\MRS_DATA\CH573EVT\EVT\EXAM\BLE\LIB\libCH57xBLE.a(gattservapp.o)
                0x00000000000096bc                gattServApp_ProcessReadByGrpTypeReq
 .text.gattServApp_ProcessReadByTypeReq
                0x00000000000098d8      0x1ae D:\Word\Code\Gitcode\MRS_DATA\CH573EVT\EVT\EXAM\BLE\LIB\libCH57xBLE.a(gattservapp.o)
                0x00000000000098d8                gattServApp_ProcessReadByTypeReq
 .text.GATT_RegisterService
                0x0000000000009a86       0xfc D:\Word\Code\Gitcode\MRS_DATA\CH573EVT\EVT\EXAM\BLE\LIB\libCH57xBLE.a(gattservapp.o)
                0x0000000000009a86                GATT_RegisterService
 .text.GATTServApp_RegisterService
                0x0000000000009b82       0x8a D:\Word\Code\Gitcode\MRS_DATA\CH573EVT\EVT\EXAM\BLE\LIB\libCH57xBLE.a(gattservapp.o)
                0x0000000000009b82                GATTServApp_RegisterService
 .text.GATTServApp_AddService
                0x0000000000009c0c       0x2c D:\Word\Code\Gitcode\MRS_DATA\CH573EVT\EVT\EXAM\BLE\LIB\libCH57xBLE.a(gattservapp.o)
                0x0000000000009c0c                GATTServApp_AddService
 .text.GATTServApp_RegisterForMsg
                0x0000000000009c38        0x6 D:\Word\Code\Gitcode\MRS_DATA\CH573EVT\EVT\EXAM\BLE\LIB\libCH57xBLE.a(gattservapp.o)
                0x0000000000009c38                GATTServApp_RegisterForMsg
 .text.GATTServApp_InitCharCfg
                0x0000000000009c3e       0x28 D:\Word\Code\Gitcode\MRS_DATA\CH573EVT\EVT\EXAM\BLE\LIB\libCH57xBLE.a(gattservapp.o)
                0x0000000000009c3e                GATTServApp_InitCharCfg
 .text.gattServApp_HandleConnStatusCB
                0x0000000000009c66       0x74 D:\Word\Code\Gitcode\MRS_DATA\CH573EVT\EVT\EXAM\BLE\LIB\libCH57xBLE.a(gattservapp.o)
                0x0000000000009c66                gattServApp_HandleConnStatusCB
 .text.GATT_InitServer
                0x0000000000009cda       0xf6 D:\Word\Code\Gitcode\MRS_DATA\CH573EVT\EVT\EXAM\BLE\LIB\libCH57xBLE.a(gattservapp.o)
                0x0000000000009cda                GATT_InitServer
 .text.GATTServApp_Init
                0x0000000000009dd0       0x34 D:\Word\Code\Gitcode\MRS_DATA\CH573EVT\EVT\EXAM\BLE\LIB\libCH57xBLE.a(gattservapp.o)
                0x0000000000009dd0                GATTServApp_Init
 .text.GATTServApp_ProcessEvent
                0x0000000000009e04      0x366 D:\Word\Code\Gitcode\MRS_DATA\CH573EVT\EVT\EXAM\BLE\LIB\libCH57xBLE.a(gattservapp.o)
                0x0000000000009e04                GATTServApp_ProcessEvent
 .text.l2capAllocConnChannel
                0x000000000000a16a       0xd8 D:\Word\Code\Gitcode\MRS_DATA\CH573EVT\EVT\EXAM\BLE\LIB\libCH57xBLE.a(l2cap.o)
                0x000000000000a16a                l2capAllocConnChannel
 .text.l2capFindLocalCID
                0x000000000000a242       0x2c D:\Word\Code\Gitcode\MRS_DATA\CH573EVT\EVT\EXAM\BLE\LIB\libCH57xBLE.a(l2cap.o)
                0x000000000000a242                l2capFindLocalCID
 .text.l2capFindLocalId
                0x000000000000a26e       0x30 D:\Word\Code\Gitcode\MRS_DATA\CH573EVT\EVT\EXAM\BLE\LIB\libCH57xBLE.a(l2cap.o)
                0x000000000000a26e                l2capFindLocalId
 .text.l2capFindPsm
                0x000000000000a29e       0x2c D:\Word\Code\Gitcode\MRS_DATA\CH573EVT\EVT\EXAM\BLE\LIB\libCH57xBLE.a(l2cap.o)
                0x000000000000a29e                l2capFindPsm
 .text.l2capFindRemoteCID
                0x000000000000a2ca       0x3c D:\Word\Code\Gitcode\MRS_DATA\CH573EVT\EVT\EXAM\BLE\LIB\libCH57xBLE.a(l2cap.o)
                0x000000000000a2ca                l2capFindRemoteCID
 .text.l2capFreeChannel
                0x000000000000a306       0x4a D:\Word\Code\Gitcode\MRS_DATA\CH573EVT\EVT\EXAM\BLE\LIB\libCH57xBLE.a(l2cap.o)
                0x000000000000a306                l2capFreeChannel
 .text.l2capDisconnectChannel
                0x000000000000a350       0x28 D:\Word\Code\Gitcode\MRS_DATA\CH573EVT\EVT\EXAM\BLE\LIB\libCH57xBLE.a(l2cap.o)
                0x000000000000a350                l2capDisconnectChannel
 .text.l2capHandleTimerCB
                0x000000000000a378       0x2c D:\Word\Code\Gitcode\MRS_DATA\CH573EVT\EVT\EXAM\BLE\LIB\libCH57xBLE.a(l2cap.o)
                0x000000000000a378                l2capHandleTimerCB
 .text.l2capFreePendingPkt
                0x000000000000a3a4       0x58 D:\Word\Code\Gitcode\MRS_DATA\CH573EVT\EVT\EXAM\BLE\LIB\libCH57xBLE.a(l2cap.o)
                0x000000000000a3a4                l2capFreePendingPkt
 .text.l2capGetCoChannelInfo
                0x000000000000a3fc       0x7e D:\Word\Code\Gitcode\MRS_DATA\CH573EVT\EVT\EXAM\BLE\LIB\libCH57xBLE.a(l2cap.o)
                0x000000000000a3fc                l2capGetCoChannelInfo
 .text.l2capNumActiveChannnels
                0x000000000000a47a       0x44 D:\Word\Code\Gitcode\MRS_DATA\CH573EVT\EVT\EXAM\BLE\LIB\libCH57xBLE.a(l2cap.o)
                0x000000000000a47a                l2capNumActiveChannnels
 .text.l2capStartTimer
                0x000000000000a4be       0x1a D:\Word\Code\Gitcode\MRS_DATA\CH573EVT\EVT\EXAM\BLE\LIB\libCH57xBLE.a(l2cap.o)
                0x000000000000a4be                l2capStartTimer
 .text.l2capStopTimer
                0x000000000000a4d8       0x1e D:\Word\Code\Gitcode\MRS_DATA\CH573EVT\EVT\EXAM\BLE\LIB\libCH57xBLE.a(l2cap.o)
                0x000000000000a4d8                l2capStopTimer
 .text.l2capDisconnectAllChannels
                0x000000000000a4f6       0xdc D:\Word\Code\Gitcode\MRS_DATA\CH573EVT\EVT\EXAM\BLE\LIB\libCH57xBLE.a(l2cap.o)
                0x000000000000a4f6                l2capDisconnectAllChannels
 .text.l2capHandleConnStatusCB
                0x000000000000a5d2       0x3c D:\Word\Code\Gitcode\MRS_DATA\CH573EVT\EVT\EXAM\BLE\LIB\libCH57xBLE.a(l2cap.o)
                0x000000000000a5d2                l2capHandleConnStatusCB
 .text.l2capHandleRxError
                0x000000000000a60e        0x6 D:\Word\Code\Gitcode\MRS_DATA\CH573EVT\EVT\EXAM\BLE\LIB\libCH57xBLE.a(l2cap.o)
                0x000000000000a60e                l2capHandleRxError
 .text.L2CAP_GetMTU
                0x000000000000a614        0x6 D:\Word\Code\Gitcode\MRS_DATA\CH573EVT\EVT\EXAM\BLE\LIB\libCH57xBLE.a(l2cap.o)
                0x000000000000a614                L2CAP_GetMTU
 .text.L2CAP_HostNumCompletedPkts
                0x000000000000a61a       0x28 D:\Word\Code\Gitcode\MRS_DATA\CH573EVT\EVT\EXAM\BLE\LIB\libCH57xBLE.a(l2cap.o)
                0x000000000000a61a                L2CAP_HostNumCompletedPkts
 .text.L2CAP_ParseConnectReq
                0x000000000000a642       0x5e D:\Word\Code\Gitcode\MRS_DATA\CH573EVT\EVT\EXAM\BLE\LIB\libCH57xBLE.a(l2cap.o)
                0x000000000000a642                L2CAP_ParseConnectReq
 .text.L2CAP_ParseFlowCtrlCredit
                0x000000000000a6a0       0x2e D:\Word\Code\Gitcode\MRS_DATA\CH573EVT\EVT\EXAM\BLE\LIB\libCH57xBLE.a(l2cap.o)
                0x000000000000a6a0                L2CAP_ParseFlowCtrlCredit
 .text.L2CAP_RegisterApp
                0x000000000000a6ce       0x30 D:\Word\Code\Gitcode\MRS_DATA\CH573EVT\EVT\EXAM\BLE\LIB\libCH57xBLE.a(l2cap.o)
                0x000000000000a6ce                L2CAP_RegisterApp
 .text.L2CAP_SetBufSize
                0x000000000000a6fe       0x1e D:\Word\Code\Gitcode\MRS_DATA\CH573EVT\EVT\EXAM\BLE\LIB\libCH57xBLE.a(l2cap.o)
                0x000000000000a6fe                L2CAP_SetBufSize
 .text.L2CAP_bm_alloc
                0x000000000000a71c       0x30 D:\Word\Code\Gitcode\MRS_DATA\CH573EVT\EVT\EXAM\BLE\LIB\libCH57xBLE.a(l2cap.o)
                0x000000000000a71c                L2CAP_bm_alloc
 .text.L2CAP_Init
                0x000000000000a74c      0x12e D:\Word\Code\Gitcode\MRS_DATA\CH573EVT\EVT\EXAM\BLE\LIB\libCH57xBLE.a(l2cap.o)
                0x000000000000a74c                L2CAP_Init
 .text.L2CAP_ProcessEvent
                0x000000000000a87a       0xc8 D:\Word\Code\Gitcode\MRS_DATA\CH573EVT\EVT\EXAM\BLE\LIB\libCH57xBLE.a(l2cap.o)
                0x000000000000a87a                L2CAP_ProcessEvent
 .text.l2capParseCmdReject
                0x000000000000a942       0x5e D:\Word\Code\Gitcode\MRS_DATA\CH573EVT\EVT\EXAM\BLE\LIB\libCH57xBLE.a(l2cap_input.o)
                0x000000000000a942                l2capParseCmdReject
 .text.l2capParseDisconnectReq
                0x000000000000a9a0       0x2e D:\Word\Code\Gitcode\MRS_DATA\CH573EVT\EVT\EXAM\BLE\LIB\libCH57xBLE.a(l2cap_input.o)
                0x000000000000a9a0                l2capParseDisconnectReq
 .text.l2capParseDisconnectRsp
                0x000000000000a9ce       0x2e D:\Word\Code\Gitcode\MRS_DATA\CH573EVT\EVT\EXAM\BLE\LIB\libCH57xBLE.a(l2cap_input.o)
                0x000000000000a9ce                l2capParseDisconnectRsp
 .text.L2CAP_ParseParamUpdateReq
                0x000000000000a9fc       0x4e D:\Word\Code\Gitcode\MRS_DATA\CH573EVT\EVT\EXAM\BLE\LIB\libCH57xBLE.a(l2cap_input.o)
                0x000000000000a9fc                L2CAP_ParseParamUpdateReq
 .text.l2capParseParamUpdateRsp
                0x000000000000aa4a       0x1e D:\Word\Code\Gitcode\MRS_DATA\CH573EVT\EVT\EXAM\BLE\LIB\libCH57xBLE.a(l2cap_input.o)
                0x000000000000aa4a                l2capParseParamUpdateRsp
 .text.l2capProcessConnectReq
                0x000000000000aa68       0xfc D:\Word\Code\Gitcode\MRS_DATA\CH573EVT\EVT\EXAM\BLE\LIB\libCH57xBLE.a(l2cap_input.o)
                0x000000000000aa68                l2capProcessConnectReq
 .text.l2capParseConnectRsp
                0x000000000000ab64       0x5e D:\Word\Code\Gitcode\MRS_DATA\CH573EVT\EVT\EXAM\BLE\LIB\libCH57xBLE.a(l2cap_input.o)
                0x000000000000ab64                l2capParseConnectRsp
 .text.l2capParseSignalHdr
                0x000000000000abc2       0x22 D:\Word\Code\Gitcode\MRS_DATA\CH573EVT\EVT\EXAM\BLE\LIB\libCH57xBLE.a(l2cap_input.o)
                0x000000000000abc2                l2capParseSignalHdr
 .text.l2capParsePacket
                0x000000000000abe4       0x8c D:\Word\Code\Gitcode\MRS_DATA\CH573EVT\EVT\EXAM\BLE\LIB\libCH57xBLE.a(l2cap_input.o)
                0x000000000000abe4                l2capParsePacket
 .text.l2capProcessReq
                0x000000000000ac70      0x15a D:\Word\Code\Gitcode\MRS_DATA\CH573EVT\EVT\EXAM\BLE\LIB\libCH57xBLE.a(l2cap_input.o)
                0x000000000000ac70                l2capProcessReq
 .text.l2capProcessRsp
                0x000000000000adca      0x150 D:\Word\Code\Gitcode\MRS_DATA\CH573EVT\EVT\EXAM\BLE\LIB\libCH57xBLE.a(l2cap_input.o)
                0x000000000000adca                l2capProcessRsp
 .text.l2capProcessRxData
                0x000000000000af1a       0xf8 D:\Word\Code\Gitcode\MRS_DATA\CH573EVT\EVT\EXAM\BLE\LIB\libCH57xBLE.a(l2cap_input.o)
                0x000000000000af1a                l2capProcessRxData
 .text.l2capNotifyData
                0x000000000000b012       0x5a D:\Word\Code\Gitcode\MRS_DATA\CH573EVT\EVT\EXAM\BLE\LIB\libCH57xBLE.a(l2cap_output.o)
                0x000000000000b012                l2capNotifyData
 .text.l2capNotifySignal
                0x000000000000b06c       0x76 D:\Word\Code\Gitcode\MRS_DATA\CH573EVT\EVT\EXAM\BLE\LIB\libCH57xBLE.a(l2cap_output.o)
                0x000000000000b06c                l2capNotifySignal
 .text.l2capNotifyCreditEvt
                0x000000000000b0e2       0x9c D:\Word\Code\Gitcode\MRS_DATA\CH573EVT\EVT\EXAM\BLE\LIB\libCH57xBLE.a(l2cap_output.o)
                0x000000000000b0e2                l2capNotifyCreditEvt
 .text.l2capNotifyChannelEstEvt
                0x000000000000b17e       0x58 D:\Word\Code\Gitcode\MRS_DATA\CH573EVT\EVT\EXAM\BLE\LIB\libCH57xBLE.a(l2cap_output.o)
                0x000000000000b17e                l2capNotifyChannelEstEvt
 .text.l2capNotifyChannelTermEvt
                0x000000000000b1d6       0x3e D:\Word\Code\Gitcode\MRS_DATA\CH573EVT\EVT\EXAM\BLE\LIB\libCH57xBLE.a(l2cap_output.o)
                0x000000000000b1d6                l2capNotifyChannelTermEvt
 .text.l2capNotifyEvent
                0x000000000000b214       0x66 D:\Word\Code\Gitcode\MRS_DATA\CH573EVT\EVT\EXAM\BLE\LIB\libCH57xBLE.a(l2cap_output.o)
                0x000000000000b214                l2capNotifyEvent
 .text.l2capStoreFCPkt
                0x000000000000b27a       0x32 D:\Word\Code\Gitcode\MRS_DATA\CH573EVT\EVT\EXAM\BLE\LIB\libCH57xBLE.a(l2cap_output.o)
                0x000000000000b27a                l2capStoreFCPkt
 .text.l2capFreeTxSDU
                0x000000000000b2ac       0x9a D:\Word\Code\Gitcode\MRS_DATA\CH573EVT\EVT\EXAM\BLE\LIB\libCH57xBLE.a(l2cap_output.o)
                0x000000000000b2ac                l2capFreeTxSDU
 .text.l2capReassembleSegment
                0x000000000000b346      0x174 D:\Word\Code\Gitcode\MRS_DATA\CH573EVT\EVT\EXAM\BLE\LIB\libCH57xBLE.a(l2cap_output.o)
                0x000000000000b346                l2capReassembleSegment
 .text.l2capEncapSendData
                0x000000000000b4ba       0xec D:\Word\Code\Gitcode\MRS_DATA\CH573EVT\EVT\EXAM\BLE\LIB\libCH57xBLE.a(l2cap_output.o)
                0x000000000000b4ba                l2capEncapSendData
 .text.l2capSendFCPkt.part.3
                0x000000000000b5a6       0x70 D:\Word\Code\Gitcode\MRS_DATA\CH573EVT\EVT\EXAM\BLE\LIB\libCH57xBLE.a(l2cap_output.o)
 .text.l2capSendSegment
                0x000000000000b616      0x108 D:\Word\Code\Gitcode\MRS_DATA\CH573EVT\EVT\EXAM\BLE\LIB\libCH57xBLE.a(l2cap_output.o)
                0x000000000000b616                l2capSendSegment
 .text.l2capSendNextSegment
                0x000000000000b71e       0xb4 D:\Word\Code\Gitcode\MRS_DATA\CH573EVT\EVT\EXAM\BLE\LIB\libCH57xBLE.a(l2cap_output.o)
                0x000000000000b71e                l2capSendNextSegment
 .text.l2capSendPkt
                0x000000000000b7d2       0x3a D:\Word\Code\Gitcode\MRS_DATA\CH573EVT\EVT\EXAM\BLE\LIB\libCH57xBLE.a(l2cap_output.o)
                0x000000000000b7d2                l2capSendPkt
 .text.L2CAP_SendData
                0x000000000000b80c       0x82 D:\Word\Code\Gitcode\MRS_DATA\CH573EVT\EVT\EXAM\BLE\LIB\libCH57xBLE.a(l2cap_output.o)
                0x000000000000b80c                L2CAP_SendData
 .text.l2capSendCmd
                0x000000000000b88e       0x8a D:\Word\Code\Gitcode\MRS_DATA\CH573EVT\EVT\EXAM\BLE\LIB\libCH57xBLE.a(l2cap_output.o)
                0x000000000000b88e                l2capSendCmd
 .text.l2capSendReq
                0x000000000000b918       0xbc D:\Word\Code\Gitcode\MRS_DATA\CH573EVT\EVT\EXAM\BLE\LIB\libCH57xBLE.a(l2cap_output.o)
                0x000000000000b918                l2capSendReq
 .text.l2capBuildDisconnectReq
                0x000000000000b9d4       0x28 D:\Word\Code\Gitcode\MRS_DATA\CH573EVT\EVT\EXAM\BLE\LIB\libCH57xBLE.a(l2cap_sdu.o)
 .text.l2capBuildParamUpdateReq
                0x000000000000b9fc       0x4c D:\Word\Code\Gitcode\MRS_DATA\CH573EVT\EVT\EXAM\BLE\LIB\libCH57xBLE.a(l2cap_sdu.o)
 .text.l2capBuildParamUpdateRsp
                0x000000000000ba48       0x16 D:\Word\Code\Gitcode\MRS_DATA\CH573EVT\EVT\EXAM\BLE\LIB\libCH57xBLE.a(l2cap_sdu.o)
 .text.l2capBuildConnectRsp
                0x000000000000ba5e       0x5e D:\Word\Code\Gitcode\MRS_DATA\CH573EVT\EVT\EXAM\BLE\LIB\libCH57xBLE.a(l2cap_sdu.o)
 .text.l2capBuildCmdReject
                0x000000000000babc       0x62 D:\Word\Code\Gitcode\MRS_DATA\CH573EVT\EVT\EXAM\BLE\LIB\libCH57xBLE.a(l2cap_sdu.o)
                0x000000000000babc                l2capBuildCmdReject
 .text.l2capBuildDisconnectRsp
                0x000000000000bb1e       0x28 D:\Word\Code\Gitcode\MRS_DATA\CH573EVT\EVT\EXAM\BLE\LIB\libCH57xBLE.a(l2cap_sdu.o)
                0x000000000000bb1e                l2capBuildDisconnectRsp
 .text.l2capSendConnectRsp
                0x000000000000bb46       0xa2 D:\Word\Code\Gitcode\MRS_DATA\CH573EVT\EVT\EXAM\BLE\LIB\libCH57xBLE.a(l2cap_sdu.o)
                0x000000000000bb46                l2capSendConnectRsp
 .text.L2CAP_CmdReject
                0x000000000000bbe8       0x12 D:\Word\Code\Gitcode\MRS_DATA\CH573EVT\EVT\EXAM\BLE\LIB\libCH57xBLE.a(l2cap_sdu.o)
                0x000000000000bbe8                L2CAP_CmdReject
 .text.L2CAP_DisconnectReq
                0x000000000000bbfa       0x2a D:\Word\Code\Gitcode\MRS_DATA\CH573EVT\EVT\EXAM\BLE\LIB\libCH57xBLE.a(l2cap_sdu.o)
                0x000000000000bbfa                L2CAP_DisconnectReq
 .text.L2CAP_ConnParamUpdateReq
                0x000000000000bc24       0x16 D:\Word\Code\Gitcode\MRS_DATA\CH573EVT\EVT\EXAM\BLE\LIB\libCH57xBLE.a(l2cap_sdu.o)
                0x000000000000bc24                L2CAP_ConnParamUpdateReq
 .text.L2CAP_ConnParamUpdateRsp
                0x000000000000bc3a       0x12 D:\Word\Code\Gitcode\MRS_DATA\CH573EVT\EVT\EXAM\BLE\LIB\libCH57xBLE.a(l2cap_sdu.o)
                0x000000000000bc3a                L2CAP_ConnParamUpdateRsp
 .text.reportStatusChange
                0x000000000000bc4c       0x3e D:\Word\Code\Gitcode\MRS_DATA\CH573EVT\EVT\EXAM\BLE\LIB\libCH57xBLE.a(linkdb.o)
 .text.linkDB_Init
                0x000000000000bc8a       0x88 D:\Word\Code\Gitcode\MRS_DATA\CH573EVT\EVT\EXAM\BLE\LIB\libCH57xBLE.a(linkdb.o)
                0x000000000000bc8a                linkDB_Init
 .text.linkDB_Find
                0x000000000000bd12       0x2c D:\Word\Code\Gitcode\MRS_DATA\CH573EVT\EVT\EXAM\BLE\LIB\libCH57xBLE.a(linkdb.o)
                0x000000000000bd12                linkDB_Find
 .text.linkDB_Authen
                0x000000000000bd3e       0x5c D:\Word\Code\Gitcode\MRS_DATA\CH573EVT\EVT\EXAM\BLE\LIB\libCH57xBLE.a(linkdb.o)
                0x000000000000bd3e                linkDB_Authen
 .text.linkDB_FindByAddr
                0x000000000000bd9a       0x76 D:\Word\Code\Gitcode\MRS_DATA\CH573EVT\EVT\EXAM\BLE\LIB\libCH57xBLE.a(linkdb.o)
                0x000000000000bd9a                linkDB_FindByAddr
 .text.linkDB_FindFirst
                0x000000000000be10       0x38 D:\Word\Code\Gitcode\MRS_DATA\CH573EVT\EVT\EXAM\BLE\LIB\libCH57xBLE.a(linkdb.o)
                0x000000000000be10                linkDB_FindFirst
 .text.linkDB_MTU
                0x000000000000be48       0x18 D:\Word\Code\Gitcode\MRS_DATA\CH573EVT\EVT\EXAM\BLE\LIB\libCH57xBLE.a(linkdb.o)
                0x000000000000be48                linkDB_MTU
 .text.linkDB_NumActive
                0x000000000000be60       0x2e D:\Word\Code\Gitcode\MRS_DATA\CH573EVT\EVT\EXAM\BLE\LIB\libCH57xBLE.a(linkdb.o)
                0x000000000000be60                linkDB_NumActive
 .text.linkDB_NumConns
                0x000000000000be8e        0x6 D:\Word\Code\Gitcode\MRS_DATA\CH573EVT\EVT\EXAM\BLE\LIB\libCH57xBLE.a(linkdb.o)
                0x000000000000be8e                linkDB_NumConns
 .text.linkDB_Register
                0x000000000000be94       0x28 D:\Word\Code\Gitcode\MRS_DATA\CH573EVT\EVT\EXAM\BLE\LIB\libCH57xBLE.a(linkdb.o)
                0x000000000000be94                linkDB_Register
 .text.linkDB_Remove
                0x000000000000bebc       0x48 D:\Word\Code\Gitcode\MRS_DATA\CH573EVT\EVT\EXAM\BLE\LIB\libCH57xBLE.a(linkdb.o)
                0x000000000000bebc                linkDB_Remove
 .text.linkDB_Role
                0x000000000000bf04       0x18 D:\Word\Code\Gitcode\MRS_DATA\CH573EVT\EVT\EXAM\BLE\LIB\libCH57xBLE.a(linkdb.o)
                0x000000000000bf04                linkDB_Role
 .text.linkDB_State
                0x000000000000bf1c       0x30 D:\Word\Code\Gitcode\MRS_DATA\CH573EVT\EVT\EXAM\BLE\LIB\libCH57xBLE.a(linkdb.o)
                0x000000000000bf1c                linkDB_State
 .text.linkDB_UpdateMTU
                0x000000000000bf4c       0x28 D:\Word\Code\Gitcode\MRS_DATA\CH573EVT\EVT\EXAM\BLE\LIB\libCH57xBLE.a(linkdb.o)
                0x000000000000bf4c                linkDB_UpdateMTU
 .text.linkDB_PerformFunc
                0x000000000000bf74       0x52 D:\Word\Code\Gitcode\MRS_DATA\CH573EVT\EVT\EXAM\BLE\LIB\libCH57xBLE.a(linkdb.o)
                0x000000000000bf74                linkDB_PerformFunc
 .text.linkDB_PeripheralLinkNum
                0x000000000000bfc6       0x3e D:\Word\Code\Gitcode\MRS_DATA\CH573EVT\EVT\EXAM\BLE\LIB\libCH57xBLE.a(linkdb.o)
                0x000000000000bfc6                linkDB_PeripheralLinkNum
 .text.linkDB_GetSMEvtID
                0x000000000000c004       0x58 D:\Word\Code\Gitcode\MRS_DATA\CH573EVT\EVT\EXAM\BLE\LIB\libCH57xBLE.a(linkdb.o)
                0x000000000000c004                linkDB_GetSMEvtID
 .text.linkDB_Add
                0x000000000000c05c       0xb2 D:\Word\Code\Gitcode\MRS_DATA\CH573EVT\EVT\EXAM\BLE\LIB\libCH57xBLE.a(linkdb.o)
                0x000000000000c05c                linkDB_Add
 .text.linkDB_GetHandleFromSMEvtID
                0x000000000000c10e       0x32 D:\Word\Code\Gitcode\MRS_DATA\CH573EVT\EVT\EXAM\BLE\LIB\libCH57xBLE.a(linkdb.o)
                0x000000000000c10e                linkDB_GetHandleFromSMEvtID
 .text.linkDB_GetPairingParam
                0x000000000000c140       0x54 D:\Word\Code\Gitcode\MRS_DATA\CH573EVT\EVT\EXAM\BLE\LIB\libCH57xBLE.a(linkdb.o)
                0x000000000000c140                linkDB_GetPairingParam
 .text.linkDB_NeedSendKey
                0x000000000000c194       0x42 D:\Word\Code\Gitcode\MRS_DATA\CH573EVT\EVT\EXAM\BLE\LIB\libCH57xBLE.a(linkdb.o)
                0x000000000000c194                linkDB_NeedSendKey
 .text.smpBuildPairingFailed
                0x000000000000c1d6       0x1a D:\Word\Code\Gitcode\MRS_DATA\CH573EVT\EVT\EXAM\BLE\LIB\libCH57xBLE.a(sm.o)
                0x000000000000c1d6                smpBuildPairingFailed
 .text.SM_StartEncryption
                0x000000000000c1f0       0x98 D:\Word\Code\Gitcode\MRS_DATA\CH573EVT\EVT\EXAM\BLE\LIB\libCH57xBLE.a(sm.o)
                0x000000000000c1f0                SM_StartEncryption
 .text.smpBuildEncInfo
                0x000000000000c288       0x30 D:\Word\Code\Gitcode\MRS_DATA\CH573EVT\EVT\EXAM\BLE\LIB\libCH57xBLE.a(sm.o)
                0x000000000000c288                smpBuildEncInfo
 .text.smpBuildIdentityAddrInfo
                0x000000000000c2b8       0x3a D:\Word\Code\Gitcode\MRS_DATA\CH573EVT\EVT\EXAM\BLE\LIB\libCH57xBLE.a(sm.o)
                0x000000000000c2b8                smpBuildIdentityAddrInfo
 .text.smpBuildIdentityInfo
                0x000000000000c2f2       0x30 D:\Word\Code\Gitcode\MRS_DATA\CH573EVT\EVT\EXAM\BLE\LIB\libCH57xBLE.a(sm.o)
                0x000000000000c2f2                smpBuildIdentityInfo
 .text.smpBuildMasterID
                0x000000000000c322       0x44 D:\Word\Code\Gitcode\MRS_DATA\CH573EVT\EVT\EXAM\BLE\LIB\libCH57xBLE.a(sm.o)
                0x000000000000c322                smpBuildMasterID
 .text.smpBuildPairingConfirm
                0x000000000000c366       0x30 D:\Word\Code\Gitcode\MRS_DATA\CH573EVT\EVT\EXAM\BLE\LIB\libCH57xBLE.a(sm.o)
                0x000000000000c366                smpBuildPairingConfirm
 .text.smpBuildPairingRandom
                0x000000000000c396       0x30 D:\Word\Code\Gitcode\MRS_DATA\CH573EVT\EVT\EXAM\BLE\LIB\libCH57xBLE.a(sm.o)
                0x000000000000c396                smpBuildPairingRandom
 .text.smpBuildSigningInfo
                0x000000000000c3c6       0x30 D:\Word\Code\Gitcode\MRS_DATA\CH573EVT\EVT\EXAM\BLE\LIB\libCH57xBLE.a(sm.o)
                0x000000000000c3c6                smpBuildSigningInfo
 .text.SM_ParamInit
                0x000000000000c3f6       0x5a D:\Word\Code\Gitcode\MRS_DATA\CH573EVT\EVT\EXAM\BLE\LIB\libCH57xBLE.a(sm.o)
                0x000000000000c3f6                SM_ParamInit
 .text.smDetermineKeySize
                0x000000000000c450       0x20 D:\Word\Code\Gitcode\MRS_DATA\CH573EVT\EVT\EXAM\BLE\LIB\libCH57xBLE.a(sm.o)
                0x000000000000c450                smDetermineKeySize
 .text.smProcessRandComplete
                0x000000000000c470       0x9e D:\Word\Code\Gitcode\MRS_DATA\CH573EVT\EVT\EXAM\BLE\LIB\libCH57xBLE.a(sm.o)
                0x000000000000c470                smProcessRandComplete
 .text.smSavePairInfo
                0x000000000000c50e      0x186 D:\Word\Code\Gitcode\MRS_DATA\CH573EVT\EVT\EXAM\BLE\LIB\libCH57xBLE.a(sm.o)
                0x000000000000c50e                smSavePairInfo
 .text.smSetPairingReqRsp
                0x000000000000c694       0x38 D:\Word\Code\Gitcode\MRS_DATA\CH573EVT\EVT\EXAM\BLE\LIB\libCH57xBLE.a(sm.o)
                0x000000000000c694                smSetPairingReqRsp
 .text.smStartEncryption
                0x000000000000c6cc       0x16 D:\Word\Code\Gitcode\MRS_DATA\CH573EVT\EVT\EXAM\BLE\LIB\libCH57xBLE.a(sm.o)
                0x000000000000c6cc                smStartEncryption
 .text.smStartRspTimer
                0x000000000000c6e2       0x36 D:\Word\Code\Gitcode\MRS_DATA\CH573EVT\EVT\EXAM\BLE\LIB\libCH57xBLE.a(sm.o)
                0x000000000000c6e2                smStartRspTimer
 .text.smSendSMMsg
                0x000000000000c718       0x5c D:\Word\Code\Gitcode\MRS_DATA\CH573EVT\EVT\EXAM\BLE\LIB\libCH57xBLE.a(sm.o)
                0x000000000000c718                smSendSMMsg
 .text.smGenerateConfirm
                0x000000000000c774       0x34 D:\Word\Code\Gitcode\MRS_DATA\CH573EVT\EVT\EXAM\BLE\LIB\libCH57xBLE.a(sm.o)
                0x000000000000c774                smGenerateConfirm
 .text.smGenerateRandMsg
                0x000000000000c7a8       0x34 D:\Word\Code\Gitcode\MRS_DATA\CH573EVT\EVT\EXAM\BLE\LIB\libCH57xBLE.a(sm.o)
                0x000000000000c7a8                smGenerateRandMsg
 .text.smPairingSendEncInfo
                0x000000000000c7dc       0x10 D:\Word\Code\Gitcode\MRS_DATA\CH573EVT\EVT\EXAM\BLE\LIB\libCH57xBLE.a(sm.o)
                0x000000000000c7dc                smPairingSendEncInfo
 .text.smPairingSendIdentityAddrInfo
                0x000000000000c7ec       0x38 D:\Word\Code\Gitcode\MRS_DATA\CH573EVT\EVT\EXAM\BLE\LIB\libCH57xBLE.a(sm.o)
                0x000000000000c7ec                smPairingSendIdentityAddrInfo
 .text.smPairingSendIdentityInfo
                0x000000000000c824       0x10 D:\Word\Code\Gitcode\MRS_DATA\CH573EVT\EVT\EXAM\BLE\LIB\libCH57xBLE.a(sm.o)
                0x000000000000c824                smPairingSendIdentityInfo
 .text.smPairingSendMasterID
                0x000000000000c834       0x38 D:\Word\Code\Gitcode\MRS_DATA\CH573EVT\EVT\EXAM\BLE\LIB\libCH57xBLE.a(sm.o)
                0x000000000000c834                smPairingSendMasterID
 .text.smPairingSendSingingInfo
                0x000000000000c86c       0x10 D:\Word\Code\Gitcode\MRS_DATA\CH573EVT\EVT\EXAM\BLE\LIB\libCH57xBLE.a(sm.o)
                0x000000000000c86c                smPairingSendSingingInfo
 .text.smInitiatorSendNextKeyInfo
                0x000000000000c87c      0x1c2 D:\Word\Code\Gitcode\MRS_DATA\CH573EVT\EVT\EXAM\BLE\LIB\libCH57xBLE.a(sm.o)
                0x000000000000c87c                smInitiatorSendNextKeyInfo
 .text.smResponderSendNextKeyInfo
                0x000000000000ca3e      0x216 D:\Word\Code\Gitcode\MRS_DATA\CH573EVT\EVT\EXAM\BLE\LIB\libCH57xBLE.a(sm.o)
                0x000000000000ca3e                smResponderSendNextKeyInfo
 .text.smGeneratePairingReqRsp
                0x000000000000cc54       0x3e D:\Word\Code\Gitcode\MRS_DATA\CH573EVT\EVT\EXAM\BLE\LIB\libCH57xBLE.a(sm.o)
                0x000000000000cc54                smGeneratePairingReqRsp
 .text.smStopRspTimer
                0x000000000000cc92        0xa D:\Word\Code\Gitcode\MRS_DATA\CH573EVT\EVT\EXAM\BLE\LIB\libCH57xBLE.a(sm.o)
                0x000000000000cc92                smStopRspTimer
 .text.smFreePairingParams
                0x000000000000cc9c       0x68 D:\Word\Code\Gitcode\MRS_DATA\CH573EVT\EVT\EXAM\BLE\LIB\libCH57xBLE.a(sm.o)
                0x000000000000cc9c                smFreePairingParams
 .text.smEndPairing
                0x000000000000cd04       0x5c D:\Word\Code\Gitcode\MRS_DATA\CH573EVT\EVT\EXAM\BLE\LIB\libCH57xBLE.a(sm.o)
                0x000000000000cd04                smEndPairing
 .text.setupInitiatorKeys
                0x000000000000cd60       0x82 D:\Word\Code\Gitcode\MRS_DATA\CH573EVT\EVT\EXAM\BLE\LIB\libCH57xBLE.a(sm.o)
                0x000000000000cd60                setupInitiatorKeys
 .text.smNextPairingState
                0x000000000000cde2       0x56 D:\Word\Code\Gitcode\MRS_DATA\CH573EVT\EVT\EXAM\BLE\LIB\libCH57xBLE.a(sm.o)
                0x000000000000cde2                smNextPairingState
 .text.smProcessEncryptChange
                0x000000000000ce38       0xde D:\Word\Code\Gitcode\MRS_DATA\CH573EVT\EVT\EXAM\BLE\LIB\libCH57xBLE.a(sm.o)
                0x000000000000ce38                smProcessEncryptChange
 .text.smSendFailAndEnd
                0x000000000000cf16       0x38 D:\Word\Code\Gitcode\MRS_DATA\CH573EVT\EVT\EXAM\BLE\LIB\libCH57xBLE.a(sm.o)
                0x000000000000cf16                smSendFailAndEnd
 .text.smProcessPairingReq
                0x000000000000cf4e       0x3c D:\Word\Code\Gitcode\MRS_DATA\CH573EVT\EVT\EXAM\BLE\LIB\libCH57xBLE.a(sm.o)
                0x000000000000cf4e                smProcessPairingReq
 .text.smLinkCheck
                0x000000000000cf8a       0x34 D:\Word\Code\Gitcode\MRS_DATA\CH573EVT\EVT\EXAM\BLE\LIB\libCH57xBLE.a(sm.o)
                0x000000000000cf8a                smLinkCheck
 .text.smTimedOut
                0x000000000000cfbe       0x20 D:\Word\Code\Gitcode\MRS_DATA\CH573EVT\EVT\EXAM\BLE\LIB\libCH57xBLE.a(sm.o)
                0x000000000000cfbe                smTimedOut
 .text.smUint8ToAuthReq
                0x000000000000cfde        0x6 D:\Word\Code\Gitcode\MRS_DATA\CH573EVT\EVT\EXAM\BLE\LIB\libCH57xBLE.a(sm.o)
                0x000000000000cfde                smUint8ToAuthReq
 .text.sm_ah    0x000000000000cfe4       0x80 D:\Word\Code\Gitcode\MRS_DATA\CH573EVT\EVT\EXAM\BLE\LIB\libCH57xBLE.a(sm.o)
                0x000000000000cfe4                sm_ah
 .text.sm_xor   0x000000000000d064       0x24 D:\Word\Code\Gitcode\MRS_DATA\CH573EVT\EVT\EXAM\BLE\LIB\libCH57xBLE.a(sm.o)
                0x000000000000d064                sm_xor
 .text.sm_c1new
                0x000000000000d088      0x11c D:\Word\Code\Gitcode\MRS_DATA\CH573EVT\EVT\EXAM\BLE\LIB\libCH57xBLE.a(sm.o)
                0x000000000000d088                sm_c1new
 .text.sm_s1    0x000000000000d1a4       0x86 D:\Word\Code\Gitcode\MRS_DATA\CH573EVT\EVT\EXAM\BLE\LIB\libCH57xBLE.a(sm.o)
                0x000000000000d1a4                sm_s1
 .text.smResponderProcessLTKReq
                0x000000000000d22a      0x1e6 D:\Word\Code\Gitcode\MRS_DATA\CH573EVT\EVT\EXAM\BLE\LIB\libCH57xBLE.a(sm.o)
                0x000000000000d22a                smResponderProcessLTKReq
 .text.xor_128  0x000000000000d410       0x28 D:\Word\Code\Gitcode\MRS_DATA\CH573EVT\EVT\EXAM\BLE\LIB\libCH57xBLE.a(sm.o)
                0x000000000000d410                xor_128
 .text.leftshift_onebit
                0x000000000000d438       0x2e D:\Word\Code\Gitcode\MRS_DATA\CH573EVT\EVT\EXAM\BLE\LIB\libCH57xBLE.a(sm.o)
                0x000000000000d438                leftshift_onebit
 .text.padding  0x000000000000d466       0x38 D:\Word\Code\Gitcode\MRS_DATA\CH573EVT\EVT\EXAM\BLE\LIB\libCH57xBLE.a(sm.o)
                0x000000000000d466                padding
 .text.generate_subkey
                0x000000000000d49e       0xd0 D:\Word\Code\Gitcode\MRS_DATA\CH573EVT\EVT\EXAM\BLE\LIB\libCH57xBLE.a(sm.o)
                0x000000000000d49e                generate_subkey
 .text.sm_CMAC  0x000000000000d56e      0x16e D:\Word\Code\Gitcode\MRS_DATA\CH573EVT\EVT\EXAM\BLE\LIB\libCH57xBLE.a(sm.o)
                0x000000000000d56e                sm_CMAC
 .text.smpBuildPairingReqRsp
                0x000000000000d6dc       0xc6 D:\Word\Code\Gitcode\MRS_DATA\CH573EVT\EVT\EXAM\BLE\LIB\libCH57xBLE.a(sm.o)
                0x000000000000d6dc                smpBuildPairingReqRsp
 .text.smpBuildPairingReq
                0x000000000000d7a2        0xa D:\Word\Code\Gitcode\MRS_DATA\CH573EVT\EVT\EXAM\BLE\LIB\libCH57xBLE.a(sm.o)
                0x000000000000d7a2                smpBuildPairingReq